<html>
<body>
<pre>
<h1>µVision Build Log</h1>
<h2>Tool Versions:</h2>
IDE-Version: ¦ÌVision V5.18.0.0
Copyright (C) 2016 ARM Ltd and ARM Germany GmbH. All rights reserved.
License Information: t RN, H, LIC=ZB4EI-TLV0A-746S0-BMWNE-JDCA9-ZVKGF
 
Tool Versions:
Toolchain:       MDK-ARM Standard  Version: 5.18
Toolchain Path:  D:\WorkSoft\ARM\ARMCC\Bin
C Compiler:      Armcc.exe V5.06 update 1 (build 61)
Assembler:       Armasm.exe V5.06 update 1 (build 61)
Linker/Locator:  ArmLink.exe V5.06 update 1 (build 61)
Library Manager: ArmAr.exe V5.06 update 1 (build 61)
Hex Converter:   FromElf.exe V5.06 update 1 (build 61)
CPU DLL:         SARMCM3.DLL V5.18
Dialog DLL:      DCM.DLL V1.13.6.0
Target DLL:      STLink\ST-LINKIII-KEIL_SWO.dll V2.0.18.0
Dialog DLL:      TCM.DLL V1.14.8.0
 
<h2>Project:</h2>
D:\Documents\GitHub\rt-thread-v5.1.0\bsp\stm32\stm32f103_rtt_bootloader\project.uvprojx
Project File Date:  01/13/2025

<h2>Output:</h2>
*** Using Compiler 'V5.06 update 1 (build 61)', folder: 'D:\WorkSoft\ARM\ARMCC\Bin'
Build target 'rt-thread'
compiling cctype.c...
compiling syscall_mem.c...
compiling cstdlib.c...
compiling cwchar.c...
compiling ctime.c...
compiling device.c...
compiling cunistd.c...
compiling cstring.c...
compiling syscalls.c...
compiling completion.c...
compiling main.c...
compiling pipe.c...
compiling condvar.c...
..\..\..\components\drivers\ipc\condvar.c(50): warning:  #68-D: integer conversion resulted in a change of sign
              if (timeout != 
T_WAITING_FOREVER)
..\..\..\components\drivers\ipc\condvar.c(128): warning:  #68-D: integer conversion resulted in a change of sign
          if (
t_atomic_add(&cv->waiters_cnt, -1) == 1)
..\..\..\components\drivers\ipc\condvar.c: 2 warnings, 0 errors
compiling dataqueue.c...
compiling ringblk_buf.c...
compiling ringbuffer.c...
compiling waitqueue.c...
compiling pin.c...
compiling workqueue.c...
compiling serial.c...
compiling drv_gpio.c...
assembling startup_stm32f103xe.s...
compiling msh.c...
compiling shell.c...
compiling msh_parse.c...
compiling clock.c...
compiling cmd.c...
compiling components.c...
compiling drv_usart.c...
compiling idle.c...
compiling board.c...
compiling irq.c...
compiling kstdio.c...
compiling kstring.c...
compiling drv_common.c...
compiling kservice.c...
compiling ipc.c...
compiling stm32f1xx_hal_msp.c...
compiling mem.c...
compiling mempool.c...
compiling object.c...
compiling scheduler_comm.c...
compiling scheduler_up.c...
compiling atomic_arm.c...
compiling div0.c...
compiling thread.c...
assembling context_rvds.S...
compiling timer.c...
compiling showmem.c...
compiling cpuport.c...
compiling stm32f1xx_hal_rcc_ex.c...
compiling stm32f1xx_hal_cortex.c...
compiling stm32f1xx_hal.c...
compiling stm32f1xx_hal_uart.c...
compiling system_stm32f1xx.c...
compiling stm32f1xx_hal_gpio_ex.c...
compiling stm32f1xx_hal_cec.c...
compiling stm32f1xx_hal_pwr.c...
compiling stm32f1xx_hal_crc.c...
compiling stm32f1xx_hal_dma.c...
compiling stm32f1xx_hal_rcc.c...
compiling stm32f1xx_hal_usart.c...
compiling stm32f1xx_hal_gpio.c...
linking...
Program Size: Code=51668 RO-data=5940 RW-data=1028 ZI-data=3220  
FromELF: creating hex file...
After Build - User command #1: fromelf --bin .\Objects\rt-thread.axf --output rtthread.bin
".\Objects\rt-thread.axf" - 0 Error(s), 2 Warning(s).

<h2>Collection of Component include folders:</h2>
  D:\Documents\GitHub\rt-thread-v5.1.0\bsp\stm32\stm32f103_rtt_bootloader\RTE
  D:\WorkSoft\ARM\PACK\Keil\STM32F1xx_DFP\2.2.0\Device\Include

<h2>Collection of Component Files used:</h2>
Build Time Elapsed:  00:00:22
</pre>
</body>
</html>
