Component: ARM Compiler 5.06 update 1 (build 61) Tool: armlink [4d35a8]

==============================================================================

Section Cross References

    main.o(i.main) refers to pin.o(i.rt_pin_mode) for rt_pin_mode
    main.o(i.main) refers to pin.o(i.rt_pin_write) for rt_pin_write
    main.o(i.main) refers to thread.o(i.rt_thread_mdelay) for rt_thread_mdelay
    syscall_mem.o(i.calloc) refers (Special) to hguard.o(.text) for __use_no_heap
    syscall_mem.o(i.calloc) refers to kservice.o(i.rt_calloc) for rt_calloc
    syscall_mem.o(i.free) refers (Special) to hguard.o(.text) for __use_no_heap
    syscall_mem.o(i.free) refers to kservice.o(i.rt_free) for rt_free
    syscall_mem.o(i.malloc) refers (Special) to hguard.o(.text) for __use_no_heap
    syscall_mem.o(i.malloc) refers to kservice.o(i.rt_malloc) for rt_malloc
    syscall_mem.o(i.realloc) refers (Special) to hguard.o(.text) for __use_no_heap
    syscall_mem.o(i.realloc) refers to kservice.o(i.rt_realloc) for rt_realloc
    syscalls.o(i._sys_close) refers (Special) to use_no_semi.o(.text) for __use_no_semihosting_swi
    syscalls.o(i._sys_close) refers to kservice.o(i.rt_kprintf) for rt_kprintf
    syscalls.o(i._sys_close) refers to syscalls.o(.constdata) for __func__
    syscalls.o(i._sys_command_string) refers (Special) to use_no_semi.o(.text) for __use_no_semihosting_swi
    syscalls.o(i._sys_ensure) refers (Special) to use_no_semi.o(.text) for __use_no_semihosting_swi
    syscalls.o(i._sys_ensure) refers to kservice.o(i.rt_kprintf) for rt_kprintf
    syscalls.o(i._sys_ensure) refers to syscalls.o(.constdata) for __func__
    syscalls.o(i._sys_exit) refers (Special) to use_no_semi.o(.text) for __use_no_semihosting_swi
    syscalls.o(i._sys_exit) refers to cstdlib.o(i.__rt_libc_exit) for __rt_libc_exit
    syscalls.o(i._sys_flen) refers (Special) to use_no_semi.o(.text) for __use_no_semihosting_swi
    syscalls.o(i._sys_flen) refers to kservice.o(i.rt_kprintf) for rt_kprintf
    syscalls.o(i._sys_flen) refers to syscalls.o(.constdata) for __func__
    syscalls.o(i._sys_istty) refers (Special) to use_no_semi.o(.text) for __use_no_semihosting_swi
    syscalls.o(i._sys_open) refers (Special) to use_no_semi.o(.text) for __use_no_semihosting_swi
    syscalls.o(i._sys_open) refers to strcmpv7m.o(.text) for strcmp
    syscalls.o(i._sys_open) refers to kservice.o(i.rt_kprintf) for rt_kprintf
    syscalls.o(i._sys_open) refers to syscalls.o(.constdata) for __stdin_name
    syscalls.o(i._sys_read) refers (Special) to use_no_semi.o(.text) for __use_no_semihosting_swi
    syscalls.o(i._sys_read) refers to kservice.o(i.rt_kprintf) for rt_kprintf
    syscalls.o(i._sys_read) refers to syscalls.o(.constdata) for __func__
    syscalls.o(i._sys_seek) refers (Special) to use_no_semi.o(.text) for __use_no_semihosting_swi
    syscalls.o(i._sys_seek) refers to kservice.o(i.rt_kprintf) for rt_kprintf
    syscalls.o(i._sys_seek) refers to syscalls.o(.constdata) for __func__
    syscalls.o(i._sys_tmpnam) refers (Special) to use_no_semi.o(.text) for __use_no_semihosting_swi
    syscalls.o(i._sys_tmpnam) refers to kstdio.o(i.rt_snprintf) for rt_snprintf
    syscalls.o(i._sys_write) refers (Special) to use_no_semi.o(.text) for __use_no_semihosting_swi
    syscalls.o(i._sys_write) refers to kservice.o(i.rt_console_get_device) for rt_console_get_device
    syscalls.o(i._sys_write) refers to device.o(i.rt_device_write) for rt_device_write
    syscalls.o(i._sys_write) refers to kservice.o(i.rt_kprintf) for rt_kprintf
    syscalls.o(i._sys_write) refers to syscalls.o(.constdata) for __func__
    syscalls.o(i._ttywrch) refers (Special) to use_no_semi.o(.text) for __use_no_semihosting_swi
    syscalls.o(i._ttywrch) refers to kservice.o(i.rt_kprintf) for rt_kprintf
    syscalls.o(i.remove) refers (Special) to use_no_semi.o(.text) for __use_no_semihosting_swi
    syscalls.o(i.remove) refers to kservice.o(i.rt_kprintf) for rt_kprintf
    syscalls.o(i.remove) refers to syscalls.o(.constdata) for __func__
    syscalls.o(.constdata) refers (Special) to use_no_semi.o(.text) for __use_no_semihosting_swi
    cstdlib.o(i.__rt_libc_exit) refers to thread.o(i.rt_thread_self) for rt_thread_self
    cstdlib.o(i.__rt_libc_exit) refers to kservice.o(i.rt_kprintf) for rt_kprintf
    cstdlib.o(i.__rt_libc_exit) refers to thread.o(i.rt_thread_control) for rt_thread_control
    cstdlib.o(i.itoa) refers to cstdlib.o(i.ltoa) for ltoa
    cstdlib.o(i.system) refers to kstring.o(i.rt_strlen) for rt_strlen
    cstdlib.o(i.system) refers to msh.o(i.msh_exec) for msh_exec
    cstdlib.o(i.utoa) refers to cstdlib.o(i.ultoa) for ultoa
    cstring.o(i.bcmp) refers to kstring.o(i.rt_memcmp) for rt_memcmp
    cstring.o(i.bcopy) refers to kstring.o(i.rt_memcpy) for rt_memcpy
    cstring.o(i.bzero) refers to kstring.o(i.rt_memset) for rt_memset
    cstring.o(i.index) refers to strchr.o(.text) for strchr
    cstring.o(i.rindex) refers to strrchr.o(.text) for strrchr
[...]
    stm32f1xx_hal_uart.o(i.UART_Start_Receive_DMA) refers to stm32f1xx_hal_dma.o(i.HAL_DMA_Start_IT) for HAL_DMA_Start_IT
    stm32f1xx_hal_uart.o(i.UART_Start_Receive_DMA) refers to stm32f1xx_hal_uart.o(i.UART_DMAReceiveCplt) for UART_DMAReceiveCplt
    stm32f1xx_hal_uart.o(i.UART_Start_Receive_DMA) refers to stm32f1xx_hal_uart.o(i.UART_DMARxHalfCplt) for UART_DMARxHalfCplt
    stm32f1xx_hal_uart.o(i.UART_Start_Receive_DMA) refers to stm32f1xx_hal_uart.o(i.UART_DMAError) for UART_DMAError
    stm32f1xx_hal_uart.o(i.UART_WaitOnFlagUntilTimeout) refers to drv_common.o(i.HAL_GetTick) for HAL_GetTick
    stm32f1xx_hal.o(i.HAL_DeInit) refers to stm32f1xx_hal.o(i.HAL_MspDeInit) for HAL_MspDeInit
    stm32f1xx_hal.o(i.HAL_Delay) refers to drv_common.o(i.HAL_GetTick) for HAL_GetTick
    stm32f1xx_hal.o(i.HAL_Delay) refers to stm32f1xx_hal.o(.data) for uwTickFreq
    stm32f1xx_hal.o(i.HAL_GetTick) refers to stm32f1xx_hal.o(.data) for uwTick
    stm32f1xx_hal.o(i.HAL_GetTickFreq) refers to stm32f1xx_hal.o(.data) for uwTickFreq
    stm32f1xx_hal.o(i.HAL_GetTickPrio) refers to stm32f1xx_hal.o(.data) for uwTickPrio
    stm32f1xx_hal.o(i.HAL_IncTick) refers to stm32f1xx_hal.o(.data) for uwTick
    stm32f1xx_hal.o(i.HAL_Init) refers to stm32f1xx_hal_cortex.o(i.HAL_NVIC_SetPriorityGrouping) for HAL_NVIC_SetPriorityGrouping
    stm32f1xx_hal.o(i.HAL_Init) refers to drv_common.o(i.HAL_InitTick) for HAL_InitTick
    stm32f1xx_hal.o(i.HAL_Init) refers to stm32f1xx_hal_msp.o(i.HAL_MspInit) for HAL_MspInit
    stm32f1xx_hal.o(i.HAL_InitTick) refers to stm32f1xx_hal_cortex.o(i.HAL_SYSTICK_Config) for HAL_SYSTICK_Config
    stm32f1xx_hal.o(i.HAL_InitTick) refers to stm32f1xx_hal_cortex.o(i.HAL_NVIC_SetPriority) for HAL_NVIC_SetPriority
    stm32f1xx_hal.o(i.HAL_InitTick) refers to stm32f1xx_hal.o(.data) for uwTickFreq
    stm32f1xx_hal.o(i.HAL_InitTick) refers to system_stm32f1xx.o(.data) for SystemCoreClock
    stm32f1xx_hal.o(i.HAL_SetTickFreq) refers to drv_common.o(i.HAL_InitTick) for HAL_InitTick
    stm32f1xx_hal.o(i.HAL_SetTickFreq) refers to stm32f1xx_hal.o(.data) for uwTickFreq
    stm32f1xx_hal_gpio.o(i.HAL_GPIO_EXTI_IRQHandler) refers to drv_gpio.o(i.HAL_GPIO_EXTI_Callback) for HAL_GPIO_EXTI_Callback
    rt_ctype_table.o(.text) refers to rt_locale_intlibspace.o(.text) for __rt_locale
    rt_ctype_table.o(.text) refers to lc_ctype_c.o(locale$$code) for _get_lc_ctype
    tolower.o(.text) refers to rt_ctype_table.o(.text) for __rt_ctype_table
    atoi.o(.text) refers to rt_errno_addr_intlibspace.o(.text) for __aeabi_errno_addr
    atoi.o(.text) refers to strtol.o(.text) for strtol
    strtoul.o(.text) refers to rt_errno_addr_intlibspace.o(.text) for __aeabi_errno_addr
    strtoul.o(.text) refers to rt_ctype_table.o(.text) for __rt_ctype_table
    strtoul.o(.text) refers to _strtoul.o(.text) for _strtoul
    strncpy.o(.text) refers to rt_memclr.o(.text) for __aeabi_memclr
    __main.o(!!!main) refers to __rtentry.o(.ARM.Collect$$rtentry$$00000000) for __rt_entry
    __rtentry.o(.ARM.Collect$$rtentry$$00000000) refers (Special) to __rtentry2.o(.ARM.Collect$$rtentry$$0000000A) for __rt_entry_li
    __rtentry.o(.ARM.Collect$$rtentry$$00000000) refers (Special) to __rtentry2.o(.ARM.Collect$$rtentry$$0000000D) for __rt_entry_main
    __rtentry.o(.ARM.Collect$$rtentry$$00000000) refers (Special) to __rtentry2.o(.ARM.Collect$$rtentry$$0000000C) for __rt_entry_postli_1
    __rtentry.o(.ARM.Collect$$rtentry$$00000000) refers (Special) to __rtentry2.o(.ARM.Collect$$rtentry$$00000009) for __rt_entry_postsh_1
    __rtentry.o(.ARM.Collect$$rtentry$$00000000) refers (Special) to __rtentry2.o(.ARM.Collect$$rtentry$$00000002) for __rt_entry_presh_1
    __rtentry.o(.ARM.Collect$$rtentry$$00000000) refers (Special) to __rtentry4.o(.ARM.Collect$$rtentry$$00000004) for __rt_entry_sh
    rt_locale.o(.text) refers to rt_locale.o(.bss) for __rt_locale_data
    rt_locale_intlibspace.o(.text) refers to libspace.o(.bss) for __libspace_start
    rt_errno_addr.o(.text) refers to rt_errno_addr.o(.bss) for __aeabi_errno_addr_data
    rt_errno_addr_intlibspace.o(.text) refers to libspace.o(.bss) for __libspace_start
    _strtoul.o(.text) refers to _chval.o(.text) for _chval
    _strtoul.o(.text) refers to rt_errno_addr_intlibspace.o(.text) for __aeabi_errno_addr
    strtol.o(.text) refers to rt_ctype_table.o(.text) for __rt_ctype_table
    strtol.o(.text) refers to _strtoul.o(.text) for _strtoul
    strtol.o(.text) refers to rt_errno_addr_intlibspace.o(.text) for __aeabi_errno_addr
    lc_ctype_c.o(locale$$data) refers (Special) to libinit2.o(.ARM.Collect$$libinit$$00000012) for __rt_lib_init_lc_ctype_2
    lc_ctype_c.o(locale$$code) refers (Special) to libinit2.o(.ARM.Collect$$libinit$$00000012) for __rt_lib_init_lc_ctype_2
    lc_ctype_c.o(locale$$code) refers to strcmpv7m.o(.text) for strcmp
    lc_ctype_c.o(locale$$code) refers to lc_ctype_c.o(locale$$data) for __lcctype_c_name
    rt_memclr.o(.text) refers to rt_memclr_w.o(.text) for _memset_w
    libspace.o(.text) refers to libspace.o(.bss) for __libspace_start
    __rtentry2.o(.ARM.Collect$$rtentry$$00000008) refers to boardinit2.o(.text) for _platform_post_stackheap_init
    __rtentry2.o(.ARM.Collect$$rtentry$$0000000A) refers to libinit.o(.ARM.Collect$$libinit$$00000000) for __rt_lib_init
    __rtentry2.o(.ARM.Collect$$rtentry$$0000000B) refers to boardinit3.o(.text) for _platform_post_lib_init
    __rtentry2.o(.ARM.Collect$$rtentry$$0000000D) refers to components.o(i.$Sub$$main) for main
    __rtentry2.o(.ARM.Collect$$rtentry$$0000000D) refers to exit.o(.text) for exit
    __rtentry2.o(.ARM.exidx) refers to __rtentry2.o(.ARM.Collect$$rtentry$$00000001) for .ARM.Collect$$rtentry$$00000001
    __rtentry2.o(.ARM.exidx) refers to __rtentry2.o(.ARM.Collect$$rtentry$$00000008) for .ARM.Collect$$rtentry$$00000008
    __rtentry2.o(.ARM.exidx) refers to __rtentry2.o(.ARM.Collect$$rtentry$$0000000A) for .ARM.Collect$$rtentry$$0000000A
    __rtentry2.o(.ARM.exidx) refers to __rtentry2.o(.ARM.Collect$$rtentry$$0000000B) for .ARM.Collect$$rtentry$$0000000B
    __rtentry2.o(.ARM.exidx) refers to __rtentry2.o(.ARM.Collect$$rtentry$$0000000D) for .ARM.Collect$$rtentry$$0000000D
    __rtentry4.o(.ARM.Collect$$rtentry$$00000004) refers to sys_stackheap_outer.o(.text) for __user_setup_stackheap
    __rtentry4.o(.ARM.exidx) refers to __rtentry4.o(.ARM.Collect$$rtentry$$00000004) for .ARM.Collect$$rtentry$$00000004
    libinit2.o(.ARM.Collect$$libinit$$0000000F) refers (Weak) to rt_locale_intlibspace.o(.text) for __rt_locale
    libinit2.o(.ARM.Collect$$libinit$$00000010) refers to libinit2.o(.ARM.Collect$$libinit$$0000000F) for .ARM.Collect$$libinit$$0000000F
    libinit2.o(.ARM.Collect$$libinit$$00000012) refers to libinit2.o(.ARM.Collect$$libinit$$0000000F) for .ARM.Collect$$libinit$$0000000F
    libinit2.o(.ARM.Collect$$libinit$$00000012) refers (Weak) to lc_ctype_c.o(locale$$code) for _get_lc_ctype
    libinit2.o(.ARM.Collect$$libinit$$00000014) refers to libinit2.o(.ARM.Collect$$libinit$$0000000F) for .ARM.Collect$$libinit$$0000000F
    libinit2.o(.ARM.Collect$$libinit$$00000016) refers to libinit2.o(.ARM.Collect$$libinit$$0000000F) for .ARM.Collect$$libinit$$0000000F
    libinit2.o(.ARM.Collect$$libinit$$00000018) refers to libinit2.o(.ARM.Collect$$libinit$$0000000F) for .ARM.Collect$$libinit$$0000000F
    libinit2.o(.ARM.Collect$$libinit$$00000026) refers to argv_veneer.o(.emb_text) for __ARM_argv_veneer
    libinit2.o(.ARM.Collect$$libinit$$00000027) refers to argv_veneer.o(.emb_text) for __ARM_argv_veneer
    sys_stackheap_outer.o(.text) refers to libspace.o(.text) for __user_perproc_libspace
    sys_stackheap_outer.o(.text) refers to startup_stm32f103xb.o(.text) for __user_initial_stackheap
    exit.o(.text) refers to rtexit.o(.ARM.Collect$$rtexit$$00000000) for __rt_exit
    argv_veneer.o(.emb_text) refers to no_argv.o(.text) for __ARM_get_argv
    libinit.o(.ARM.Collect$$libinit$$00000000) refers (Special) to libinit2.o(.ARM.Collect$$libinit$$0000002E) for __rt_lib_init_alloca_1
    libinit.o(.ARM.Collect$$libinit$$00000000) refers (Special) to libinit2.o(.ARM.Collect$$libinit$$0000002C) for __rt_lib_init_argv_1
    libinit.o(.ARM.Collect$$libinit$$00000000) refers (Special) to libinit2.o(.ARM.Collect$$libinit$$0000001B) for __rt_lib_init_atexit_1
    libinit.o(.ARM.Collect$$libinit$$00000000) refers (Special) to libinit2.o(.ARM.Collect$$libinit$$00000021) for __rt_lib_init_clock_1
    libinit.o(.ARM.Collect$$libinit$$00000000) refers (Special) to libinit2.o(.ARM.Collect$$libinit$$00000032) for __rt_lib_init_cpp_1
    libinit.o(.ARM.Collect$$libinit$$00000000) refers (Special) to libinit2.o(.ARM.Collect$$libinit$$00000030) for __rt_lib_init_exceptions_1
    libinit.o(.ARM.Collect$$libinit$$00000000) refers (Special) to libinit2.o(.ARM.Collect$$libinit$$00000002) for __rt_lib_init_fp_1
    libinit.o(.ARM.Collect$$libinit$$00000000) refers (Special) to libinit2.o(.ARM.Collect$$libinit$$0000001F) for __rt_lib_init_fp_trap_1
    libinit.o(.ARM.Collect$$libinit$$00000000) refers (Special) to libinit2.o(.ARM.Collect$$libinit$$00000023) for __rt_lib_init_getenv_1
    libinit.o(.ARM.Collect$$libinit$$00000000) refers (Special) to libinit2.o(.ARM.Collect$$libinit$$0000000A) for __rt_lib_init_heap_1
    libinit.o(.ARM.Collect$$libinit$$00000000) refers (Special) to libinit2.o(.ARM.Collect$$libinit$$00000011) for __rt_lib_init_lc_collate_1
    libinit.o(.ARM.Collect$$libinit$$00000000) refers (Special) to libinit2.o(.ARM.Collect$$libinit$$00000013) for __rt_lib_init_lc_ctype_1
    libinit.o(.ARM.Collect$$libinit$$00000000) refers (Special) to libinit2.o(.ARM.Collect$$libinit$$00000015) for __rt_lib_init_lc_monetary_1
    libinit.o(.ARM.Collect$$libinit$$00000000) refers (Special) to libinit2.o(.ARM.Collect$$libinit$$00000017) for __rt_lib_init_lc_numeric_1
    libinit.o(.ARM.Collect$$libinit$$00000000) refers (Special) to libinit2.o(.ARM.Collect$$libinit$$00000019) for __rt_lib_init_lc_time_1
    libinit.o(.ARM.Collect$$libinit$$00000000) refers (Special) to libinit2.o(.ARM.Collect$$libinit$$00000004) for __rt_lib_init_preinit_1
    libinit.o(.ARM.Collect$$libinit$$00000000) refers (Special) to libinit2.o(.ARM.Collect$$libinit$$0000000E) for __rt_lib_init_rand_1
    libinit.o(.ARM.Collect$$libinit$$00000000) refers (Special) to libinit2.o(.ARM.Collect$$libinit$$00000033) for __rt_lib_init_return
    libinit.o(.ARM.Collect$$libinit$$00000000) refers (Special) to libinit2.o(.ARM.Collect$$libinit$$0000001D) for __rt_lib_init_signal_1
    libinit.o(.ARM.Collect$$libinit$$00000000) refers (Special) to libinit2.o(.ARM.Collect$$libinit$$00000025) for __rt_lib_init_stdio_1
    libinit.o(.ARM.Collect$$libinit$$00000000) refers (Special) to libinit2.o(.ARM.Collect$$libinit$$0000000C) for __rt_lib_init_user_alloc_1
    rtexit.o(.ARM.Collect$$rtexit$$00000000) refers (Special) to rtexit2.o(.ARM.Collect$$rtexit$$00000004) for __rt_exit_exit
    rtexit.o(.ARM.Collect$$rtexit$$00000000) refers (Special) to rtexit2.o(.ARM.Collect$$rtexit$$00000003) for __rt_exit_ls
    rtexit.o(.ARM.Collect$$rtexit$$00000000) refers (Special) to rtexit2.o(.ARM.Collect$$rtexit$$00000002) for __rt_exit_prels_1
    rtexit.o(.ARM.exidx) refers (Special) to rtexit2.o(.ARM.Collect$$rtexit$$00000004) for __rt_exit_exit
    rtexit.o(.ARM.exidx) refers (Special) to rtexit2.o(.ARM.Collect$$rtexit$$00000003) for __rt_exit_ls
    rtexit.o(.ARM.exidx) refers (Special) to rtexit2.o(.ARM.Collect$$rtexit$$00000002) for __rt_exit_prels_1
    rtexit.o(.ARM.exidx) refers to rtexit.o(.ARM.Collect$$rtexit$$00000000) for .ARM.Collect$$rtexit$$00000000
    _get_argv_nomalloc.o(.text) refers (Special) to hrguard.o(.text) for __heap_region$guard
    _get_argv_nomalloc.o(.text) refers to defsig_rtmem_outer.o(.text) for __rt_SIGRTMEM
    _get_argv_nomalloc.o(.text) refers to syscalls.o(i._sys_command_string) for _sys_command_string
    rtexit2.o(.ARM.Collect$$rtexit$$00000003) refers to libshutdown.o(.ARM.Collect$$libshutdown$$00000000) for __rt_lib_shutdown
    rtexit2.o(.ARM.Collect$$rtexit$$00000004) refers to syscalls.o(i._sys_exit) for _sys_exit
    rtexit2.o(.ARM.exidx) refers to rtexit2.o(.ARM.Collect$$rtexit$$00000001) for .ARM.Collect$$rtexit$$00000001
    rtexit2.o(.ARM.exidx) refers to rtexit2.o(.ARM.Collect$$rtexit$$00000003) for .ARM.Collect$$rtexit$$00000003
    rtexit2.o(.ARM.exidx) refers to rtexit2.o(.ARM.Collect$$rtexit$$00000004) for .ARM.Collect$$rtexit$$00000004
    defsig_rtmem_outer.o(.text) refers to defsig_rtmem_inner.o(.text) for __rt_SIGRTMEM_inner
    defsig_rtmem_outer.o(.text) refers to defsig_exit.o(.text) for __sig_exit
    defsig_rtmem_formal.o(.text) refers to rt_raise.o(.text) for __rt_raise
    rt_raise.o(.text) refers to __raise.o(.text) for __raise
    rt_raise.o(.text) refers to syscalls.o(i._sys_exit) for _sys_exit
    defsig_exit.o(.text) refers to syscalls.o(i._sys_exit) for _sys_exit
    defsig_rtmem_inner.o(.text) refers to defsig_general.o(.text) for __default_signal_display
    libshutdown.o(.ARM.Collect$$libshutdown$$00000000) refers (Special) to libshutdown2.o(.ARM.Collect$$libshutdown$$00000002) for __rt_lib_shutdown_cpp_1
    libshutdown.o(.ARM.Collect$$libshutdown$$00000000) refers (Special) to libshutdown2.o(.ARM.Collect$$libshutdown$$00000007) for __rt_lib_shutdown_fp_trap_1
    libshutdown.o(.ARM.Collect$$libshutdown$$00000000) refers (Special) to libshutdown2.o(.ARM.Collect$$libshutdown$$0000000F) for __rt_lib_shutdown_heap_1
    libshutdown.o(.ARM.Collect$$libshutdown$$00000000) refers (Special) to libshutdown2.o(.ARM.Collect$$libshutdown$$00000010) for __rt_lib_shutdown_return
    libshutdown.o(.ARM.Collect$$libshutdown$$00000000) refers (Special) to libshutdown2.o(.ARM.Collect$$libshutdown$$0000000A) for __rt_lib_shutdown_signal_1
    libshutdown.o(.ARM.Collect$$libshutdown$$00000000) refers (Special) to libshutdown2.o(.ARM.Collect$$libshutdown$$00000004) for __rt_lib_shutdown_stdio_1
    libshutdown.o(.ARM.Collect$$libshutdown$$00000000) refers (Special) to libshutdown2.o(.ARM.Collect$$libshutdown$$0000000C) for __rt_lib_shutdown_user_alloc_1
    __raise.o(.text) refers to defsig.o(CL$$defsig) for __default_signal_handler
    defsig_general.o(.text) refers to syscalls.o(i._ttywrch) for _ttywrch
    defsig.o(CL$$defsig) refers to defsig_rtmem_inner.o(.text) for __rt_SIGRTMEM_inner
    defsig_abrt_inner.o(.text) refers to defsig_general.o(.text) for __default_signal_display
    defsig_fpe_inner.o(.text) refers to defsig_general.o(.text) for __default_signal_display
    defsig_rtred_inner.o(.text) refers to defsig_general.o(.text) for __default_signal_display
    defsig_stak_inner.o(.text) refers to defsig_general.o(.text) for __default_signal_display
    defsig_pvfn_inner.o(.text) refers to defsig_general.o(.text) for __default_signal_display
    defsig_cppl_inner.o(.text) refers to defsig_general.o(.text) for __default_signal_display
    defsig_segv_inner.o(.text) refers to defsig_general.o(.text) for __default_signal_display
    defsig_other.o(.text) refers to defsig_general.o(.text) for __default_signal_display


==============================================================================

Removing Unused input sections from the image.

    Removing main.o(.rev16_text), (4 bytes).
    Removing main.o(.revsh_text), (4 bytes).
    Removing main.o(.rrx_text), (6 bytes).
    Removing syscall_mem.o(i.calloc), (16 bytes).
    Removing syscall_mem.o(i.free), (12 bytes).
    Removing syscall_mem.o(i.malloc), (12 bytes).
    Removing syscall_mem.o(i.realloc), (16 bytes).
    Removing syscalls.o(i._sys_close), (116 bytes).
    Removing syscalls.o(i._sys_command_string), (6 bytes).
    Removing syscalls.o(i._sys_ensure), (116 bytes).
    Removing syscalls.o(i._sys_flen), (116 bytes).
    Removing syscalls.o(i._sys_istty), (18 bytes).
    Removing syscalls.o(i._sys_open), (172 bytes).
    Removing syscalls.o(i._sys_read), (124 bytes).
    Removing syscalls.o(i._sys_seek), (116 bytes).
    Removing syscalls.o(i._sys_tmpnam), (32 bytes).
    Removing syscalls.o(i._sys_write), (168 bytes).
    Removing syscalls.o(i._ttywrch), (20 bytes).
    Removing syscalls.o(i.remove), (116 bytes).
    Removing syscalls.o(.constdata), (101 bytes).
    Removing cctype.o(i.isascii), (18 bytes).
    Removing cctype.o(i.toascii), (8 bytes).
    Removing cstdlib.o(i.itoa), (20 bytes).
    Removing cstdlib.o(i.ltoa), (144 bytes).
    Removing cstdlib.o(i.system), (26 bytes).
    Removing cstdlib.o(i.ultoa), (106 bytes).
    Removing cstdlib.o(i.utoa), (20 bytes).
    Removing cstring.o(i.bcmp), (20 bytes).
    Removing cstring.o(i.bcopy), (20 bytes).
    Removing cstring.o(i.bzero), (18 bytes).
    Removing cstring.o(i.explicit_bzero), (18 bytes).
    Removing cstring.o(i.ffs), (28 bytes).
    Removing cstring.o(i.ffsl), (28 bytes).
    Removing cstring.o(i.ffsll), (62 bytes).
    Removing cstring.o(i.index), (16 bytes).
    Removing cstring.o(i.memrchr), (42 bytes).
    Removing cstring.o(i.rindex), (16 bytes).
    Removing cstring.o(i.strcasecmp), (50 bytes).
    Removing cstring.o(i.strchrnul), (16 bytes).
    Removing cstring.o(i.strdup), (34 bytes).
    Removing cstring.o(i.strncasecmp), (68 bytes).
    Removing cstring.o(i.strndup), (48 bytes).
    Removing cstring.o(i.strnlen), (24 bytes).
    Removing cstring.o(i.strtok_r), (102 bytes).
    Removing ctime.o(i.__isleap), (52 bytes).
    Removing ctime.o(i._control_rtc), (88 bytes).
    Removing ctime.o(i.asctime), (20 bytes).
    Removing ctime.o(i.asctime_r), (384 bytes).
    Removing ctime.o(i.clock), (8 bytes).
    Removing ctime.o(i.ctime), (18 bytes).
    Removing ctime.o(i.ctime_r), (28 bytes).
    Removing ctime.o(i.gettimeofday), (78 bytes).
    Removing ctime.o(i.gmtime), (20 bytes).
    Removing ctime.o(i.gmtime_r), (236 bytes).
    Removing ctime.o(i.localtime), (20 bytes).
    Removing ctime.o(i.localtime_r), (26 bytes).
    Removing ctime.o(i.mktime), (22 bytes).
    Removing ctime.o(i.num2str), (26 bytes).
    Removing ctime.o(i.rt_tz_get), (12 bytes).
    Removing ctime.o(i.rt_tz_is_dst), (4 bytes).
    Removing ctime.o(i.rt_tz_set), (12 bytes).
    Removing ctime.o(i.settimeofday), (64 bytes).
    Removing ctime.o(i.stime), (34 bytes).
    Removing ctime.o(i.time), (38 bytes).
    Removing ctime.o(i.timegm), (396 bytes).
    Removing ctime.o(.bss), (114 bytes).
    Removing ctime.o(.constdata), (26 bytes).
    Removing ctime.o(.conststring), (153 bytes).
    Removing ctime.o(.data), (16 bytes).
    Removing cunistd.o(i.isatty), (26 bytes).
    Removing cwchar.o(i.bisearch), (76 bytes).
    Removing cwchar.o(i.wcswidth), (50 bytes).
    Removing cwchar.o(i.wcwidth), (176 bytes).
    Removing cwchar.o(.constdata), (800 bytes).
    Removing device.o(i.rt_device_control), (148 bytes).
    Removing device.o(i.rt_device_create), (46 bytes).
    Removing device.o(i.rt_device_destroy), (200 bytes).
    Removing device.o(i.rt_device_init), (192 bytes).
    Removing device.o(i.rt_device_set_tx_complete), (128 bytes).
    Removing device.o(i.rt_device_unregister), (184 bytes).
    Removing completion.o(i.rt_completion_wakeup), (12 bytes).
    Removing pipe.o(i.rt_pipe_close), (48 bytes).
    Removing pipe.o(i.rt_pipe_control), (6 bytes).
    Removing pipe.o(i.rt_pipe_create), (224 bytes).
    Removing pipe.o(i.rt_pipe_delete), (82 bytes).
    Removing pipe.o(i.rt_pipe_open), (68 bytes).
    Removing pipe.o(i.rt_pipe_read), (96 bytes).
    Removing pipe.o(i.rt_pipe_write), (96 bytes).
    Removing pipe.o(i.rt_wqueue_init), (60 bytes).
    Removing pipe.o(.constdata), (30 bytes).
    Removing ringblk_buf.o(i.find_empty_blk_in_set), (136 bytes).
    Removing ringblk_buf.o(i.list_append), (12 bytes).
    Removing ringblk_buf.o(i.rt_rbb_blk_alloc), (340 bytes).
    Removing ringblk_buf.o(i.rt_rbb_blk_buf), (36 bytes).
    Removing ringblk_buf.o(i.rt_rbb_blk_free), (196 bytes).
    Removing ringblk_buf.o(i.rt_rbb_blk_get), (112 bytes).
    Removing ringblk_buf.o(i.rt_rbb_blk_put), (92 bytes).
    Removing ringblk_buf.o(i.rt_rbb_blk_queue_buf), (40 bytes).
    Removing ringblk_buf.o(i.rt_rbb_blk_queue_free), (92 bytes).
    Removing ringblk_buf.o(i.rt_rbb_blk_queue_get), (220 bytes).
    Removing ringblk_buf.o(i.rt_rbb_blk_queue_len), (72 bytes).
    Removing ringblk_buf.o(i.rt_rbb_blk_size), (36 bytes).
    Removing ringblk_buf.o(i.rt_rbb_create), (100 bytes).
    Removing ringblk_buf.o(i.rt_rbb_destroy), (44 bytes).
    Removing ringblk_buf.o(i.rt_rbb_get_buf_size), (32 bytes).
    Removing ringblk_buf.o(i.rt_rbb_init), (172 bytes).
    Removing ringblk_buf.o(i.rt_rbb_next_blk_queue_len), (144 bytes).
    Removing ringblk_buf.o(i.rt_slist_init), (6 bytes).
    Removing ringblk_buf.o(i.rt_slist_insert), (8 bytes).
    Removing ringblk_buf.o(i.rt_slist_isempty), (14 bytes).
    Removing ringblk_buf.o(i.rt_slist_next), (6 bytes).
    Removing ringblk_buf.o(i.rt_spin_lock_irqsave), (14 bytes).
    Removing ringblk_buf.o(i.rt_spin_unlock_irqrestore), (14 bytes).
    Removing ringblk_buf.o(.constdata), (274 bytes).
    Removing ringbuffer.o(i.rt_ringbuffer_create), (88 bytes).
    Removing ringbuffer.o(i.rt_ringbuffer_data_len), (56 bytes).
    Removing ringbuffer.o(i.rt_ringbuffer_destroy), (52 bytes).
    Removing ringbuffer.o(i.rt_ringbuffer_get), (188 bytes).
    Removing ringbuffer.o(i.rt_ringbuffer_getchar), (116 bytes).
    Removing ringbuffer.o(i.rt_ringbuffer_init), (104 bytes).
    Removing ringbuffer.o(i.rt_ringbuffer_peek), (128 bytes).
    Removing ringbuffer.o(i.rt_ringbuffer_put), (188 bytes).
    Removing ringbuffer.o(i.rt_ringbuffer_put_force), (248 bytes).
    Removing ringbuffer.o(i.rt_ringbuffer_putchar), (116 bytes).
    Removing ringbuffer.o(i.rt_ringbuffer_putchar_force), (156 bytes).
    Removing ringbuffer.o(i.rt_ringbuffer_reset), (72 bytes).
    Removing ringbuffer.o(i.rt_ringbuffer_status), (42 bytes).
    Removing ringbuffer.o(.constdata), (233 bytes).
    Removing waitqueue.o(i.__wqueue_default_wake), (6 bytes).
    Removing waitqueue.o(i._rt_wqueue_wait), (448 bytes).
    Removing waitqueue.o(i.rt_list_insert_before), (14 bytes).
    Removing waitqueue.o(i.rt_list_isempty), (16 bytes).
    Removing waitqueue.o(i.rt_list_remove), (18 bytes).
    Removing waitqueue.o(i.rt_spin_lock_irqsave), (14 bytes).
    Removing waitqueue.o(i.rt_spin_unlock_irqrestore), (14 bytes).
    Removing waitqueue.o(i.rt_wqueue_add), (38 bytes).
    Removing waitqueue.o(i.rt_wqueue_remove), (80 bytes).
    Removing waitqueue.o(i.rt_wqueue_wait), (22 bytes).
    Removing waitqueue.o(i.rt_wqueue_wait_interruptible), (22 bytes).
    Removing waitqueue.o(i.rt_wqueue_wait_killable), (22 bytes).
    Removing waitqueue.o(i.rt_wqueue_wakeup), (110 bytes).
    Removing waitqueue.o(i.rt_wqueue_wakeup_all), (104 bytes).
    Removing waitqueue.o(.constdata), (33 bytes).
    Removing workqueue.o(i._delayed_work_timeout_handler), (196 bytes).
    Removing workqueue.o(i._workqueue_cancel_work), (118 bytes).
    Removing workqueue.o(i._workqueue_submit_work), (216 bytes).
    Removing workqueue.o(i._workqueue_thread_entry), (188 bytes).
    Removing workqueue.o(i.rt_list_init), (6 bytes).
    Removing workqueue.o(i.rt_list_insert_after), (14 bytes).
    Removing workqueue.o(i.rt_list_isempty), (16 bytes).
    Removing workqueue.o(i.rt_list_remove), (18 bytes).
    Removing workqueue.o(i.rt_spin_lock_irqsave), (14 bytes).
    Removing workqueue.o(i.rt_spin_unlock_irqrestore), (14 bytes).
    Removing workqueue.o(i.rt_work_init), (96 bytes).
    Removing workqueue.o(i.rt_workqueue_cancel_all_work), (104 bytes).
    Removing workqueue.o(i.rt_workqueue_cancel_work), (84 bytes).
    Removing workqueue.o(i.rt_workqueue_cancel_work_sync), (108 bytes).
    Removing workqueue.o(i.rt_workqueue_create), (124 bytes).
    Removing workqueue.o(i.rt_workqueue_destroy), (72 bytes).
    Removing workqueue.o(i.rt_workqueue_dowork), (88 bytes).
    Removing workqueue.o(i.rt_workqueue_submit_work), (132 bytes).
    Removing workqueue.o(i.rt_workqueue_urgent_work), (136 bytes).
    Removing workqueue.o(.constdata), (242 bytes).
    Removing pin.o(i.rt_pin_attach_irq), (96 bytes).
    Removing pin.o(i.rt_pin_detach_irq), (80 bytes).
    Removing pin.o(i.rt_pin_irq_enable), (84 bytes).
    Removing drv_gpio.o(.rev16_text), (4 bytes).
    Removing drv_gpio.o(.revsh_text), (4 bytes).
    Removing drv_gpio.o(.rrx_text), (6 bytes).
    Removing drv_usart.o(.rev16_text), (4 bytes).
    Removing drv_usart.o(.revsh_text), (4 bytes).
    Removing drv_usart.o(.rrx_text), (6 bytes).
    Removing drv_common.o(.rev16_text), (4 bytes).
    Removing drv_common.o(.revsh_text), (4 bytes).
    Removing drv_common.o(.rrx_text), (6 bytes).
    Removing drv_common.o(i.HAL_Delay), (38 bytes).
    Removing drv_common.o(i.HAL_ResumeTick), (2 bytes).
    Removing drv_common.o(i.HAL_SuspendTick), (2 bytes).
    Removing drv_common.o(i.rt_hw_us_delay), (80 bytes).
    Removing stm32f1xx_hal_msp.o(.rev16_text), (4 bytes).
    Removing stm32f1xx_hal_msp.o(.revsh_text), (4 bytes).
    Removing stm32f1xx_hal_msp.o(.rrx_text), (6 bytes).
    Removing stm32f1xx_hal_msp.o(i.HAL_ADC_MspDeInit), (48 bytes).
    Removing stm32f1xx_hal_msp.o(i.HAL_ADC_MspInit), (112 bytes).
    Removing stm32f1xx_hal_msp.o(i.HAL_RTC_MspDeInit), (24 bytes).
    Removing stm32f1xx_hal_msp.o(i.HAL_RTC_MspInit), (64 bytes).
    Removing stm32f1xx_hal_msp.o(i.HAL_SPI_MspDeInit), (48 bytes).
    Removing stm32f1xx_hal_msp.o(i.HAL_SPI_MspInit), (136 bytes).
    Removing stm32f1xx_hal_msp.o(i.HAL_TIM_Base_MspDeInit), (80 bytes).
    Removing stm32f1xx_hal_msp.o(i.HAL_TIM_Base_MspInit), (124 bytes).
    Removing stm32f1xx_hal_msp.o(i.HAL_TIM_MspPostInit), (112 bytes).
    Removing board.o(.rev16_text), (4 bytes).
    Removing board.o(.revsh_text), (4 bytes).
    Removing board.o(.rrx_text), (6 bytes).
    Removing shell.o(i.finsh_get_device), (60 bytes).
    Removing shell.o(i.finsh_get_echo), (64 bytes).
    Removing shell.o(i.finsh_get_prompt_mode), (60 bytes).
    Removing shell.o(i.finsh_set_echo), (72 bytes).
    Removing shell.o(i.finsh_set_prompt), (68 bytes).
    Removing shell.o(i.finsh_thread_entry_sethook), (12 bytes).
    Removing msh_parse.o(i.msh_ishex), (82 bytes).
    Removing msh_parse.o(i.msh_strtohex), (58 bytes).
    Removing clock.o(i.rt_tick_get_millisecond), (8 bytes).
    Removing clock.o(i.rt_tick_set), (20 bytes).
    Removing clock.o(i.rt_tick_sethook), (12 bytes).
    Removing idle.o(i.rt_thread_idle_delhook), (76 bytes).
    Removing idle.o(i.rt_thread_idle_gethandler), (24 bytes).
    Removing idle.o(i.rt_thread_idle_sethook), (72 bytes).
    Removing ipc.o(i._mutex_before_delete_detach), (76 bytes).
    Removing ipc.o(i._rt_event_recv), (656 bytes).
    Removing ipc.o(i._rt_mb_recv), (672 bytes).
    Removing ipc.o(i._rt_mb_send_wait), (656 bytes).
    Removing ipc.o(i._rt_mq_recv), (776 bytes).
    Removing ipc.o(i._rt_mq_send_wait), (764 bytes).
    Removing ipc.o(i.rt_event_control), (128 bytes).
    Removing ipc.o(i.rt_event_create), (200 bytes).
    Removing ipc.o(i.rt_event_delete), (264 bytes).
    Removing ipc.o(i.rt_event_detach), (180 bytes).
    Removing ipc.o(i.rt_event_init), (152 bytes).
    Removing ipc.o(i.rt_event_recv), (38 bytes).
    Removing ipc.o(i.rt_event_recv_interruptible), (38 bytes).
    Removing ipc.o(i.rt_event_recv_killable), (38 bytes).
    Removing ipc.o(i.rt_event_send), (344 bytes).
    Removing ipc.o(i.rt_mb_control), (140 bytes).
    Removing ipc.o(i.rt_mb_create), (244 bytes).
    Removing ipc.o(i.rt_mb_delete), (272 bytes).
    Removing ipc.o(i.rt_mb_detach), (184 bytes).
    Removing ipc.o(i.rt_mb_init), (176 bytes).
    Removing ipc.o(i.rt_mb_recv), (22 bytes).
    Removing ipc.o(i.rt_mb_recv_interruptible), (22 bytes).
    Removing ipc.o(i.rt_mb_recv_killable), (22 bytes).
    Removing ipc.o(i.rt_mb_send), (18 bytes).
    Removing ipc.o(i.rt_mb_send_interruptible), (18 bytes).
    Removing ipc.o(i.rt_mb_send_killable), (18 bytes).
    Removing ipc.o(i.rt_mb_send_wait), (22 bytes).
    Removing ipc.o(i.rt_mb_send_wait_interruptible), (22 bytes).
    Removing ipc.o(i.rt_mb_send_wait_killable), (22 bytes).
    Removing ipc.o(i.rt_mb_urgent), (208 bytes).
    Removing ipc.o(i.rt_mq_control), (164 bytes).
    Removing ipc.o(i.rt_mq_create), (296 bytes).
    Removing ipc.o(i.rt_mq_delete), (272 bytes).
    Removing ipc.o(i.rt_mq_detach), (184 bytes).
    Removing ipc.o(i.rt_mq_init), (240 bytes).
    Removing ipc.o(i.rt_mq_recv), (34 bytes).
    Removing ipc.o(i.rt_mq_recv_interruptible), (34 bytes).
    Removing ipc.o(i.rt_mq_recv_killable), (34 bytes).
    Removing ipc.o(i.rt_mq_send), (22 bytes).
    Removing ipc.o(i.rt_mq_send_interruptible), (22 bytes).
    Removing ipc.o(i.rt_mq_send_killable), (22 bytes).
    Removing ipc.o(i.rt_mq_send_wait), (34 bytes).
    Removing ipc.o(i.rt_mq_send_wait_interruptible), (34 bytes).
    Removing ipc.o(i.rt_mq_send_wait_killable), (34 bytes).
    Removing ipc.o(i.rt_mq_urgent), (332 bytes).
    Removing ipc.o(i.rt_mutex_control), (8 bytes).
    Removing ipc.o(i.rt_mutex_create), (144 bytes).
    Removing ipc.o(i.rt_mutex_delete), (244 bytes).
    Removing ipc.o(i.rt_mutex_detach), (156 bytes).
    Removing ipc.o(i.rt_mutex_getprioceiling), (228 bytes).
    Removing ipc.o(i.rt_mutex_setprioceiling), (256 bytes).
    Removing ipc.o(i.rt_mutex_take_interruptible), (18 bytes).
    Removing ipc.o(i.rt_mutex_take_killable), (18 bytes).
    Removing ipc.o(i.rt_mutex_trytake), (14 bytes).
    Removing ipc.o(i.rt_sem_control), (216 bytes).
    Removing ipc.o(i.rt_sem_create), (240 bytes).
    Removing ipc.o(i.rt_sem_delete), (260 bytes).
    Removing ipc.o(i.rt_sem_detach), (172 bytes).
    Removing ipc.o(i.rt_sem_take_interruptible), (18 bytes).
    Removing ipc.o(i.rt_sem_take_killable), (18 bytes).
    Removing ipc.o(i.rt_sem_trytake), (14 bytes).
    Removing ipc.o(i.rt_susp_list_resume_all), (36 bytes).
    Removing irq.o(i.rt_hw_interrupt_is_disabled), (4 bytes).
    Removing irq.o(i.rt_interrupt_enter_sethook), (12 bytes).
    Removing irq.o(i.rt_interrupt_leave_sethook), (12 bytes).
    Removing kstdio.o(i.rt_sprintf), (36 bytes).
    Removing kstdio.o(i.rt_vsprintf), (22 bytes).
    Removing kstring.o(i.rt_memcmp), (42 bytes).
    Removing kstring.o(i.rt_strcasecmp), (52 bytes).
    Removing kstring.o(i.rt_strcpy), (24 bytes).
    Removing kstring.o(i.rt_strdup), (40 bytes).
    Removing kstring.o(i.rt_strnlen), (24 bytes).
    Removing kstring.o(i.rt_strstr), (62 bytes).
    Removing kstring.o(.constdata), (10 bytes).
    Removing kservice.o(i._rt_errno), (36 bytes).
    Removing kservice.o(i.rt_assert_set_hook), (12 bytes).
    Removing kservice.o(i.rt_free_align), (24 bytes).
    Removing kservice.o(i.rt_free_sethook), (12 bytes).
    Removing kservice.o(i.rt_get_errno), (40 bytes).
    Removing kservice.o(i.rt_hw_cpu_arch), (12 bytes).
    Removing kservice.o(i.rt_hw_cpu_reset), (68 bytes).
    Removing kservice.o(i.rt_hw_cpu_shutdown), (100 bytes).
    Removing kservice.o(i.rt_hw_us_delay), (68 bytes).
    Removing kservice.o(i.rt_kputs), (28 bytes).
    Removing kservice.o(i.rt_malloc_align), (78 bytes).
    Removing kservice.o(i.rt_malloc_sethook), (12 bytes).
    Removing kservice.o(i.rt_realloc), (88 bytes).
    Removing kservice.o(i.rt_realloc_set_entry_hook), (12 bytes).
    Removing kservice.o(i.rt_realloc_set_exit_hook), (12 bytes).
    Removing mem.o(i.rt_smem_detach), (184 bytes).
    Removing mem.o(i.rt_smem_realloc), (616 bytes).
    Removing memheap.o(i._remove_next_ptr), (26 bytes).
    Removing memheap.o(i.rt_memheap_alloc), (404 bytes).
    Removing memheap.o(i.rt_memheap_detach), (192 bytes).
    Removing memheap.o(i.rt_memheap_free), (496 bytes).
    Removing memheap.o(i.rt_memheap_info), (84 bytes).
    Removing memheap.o(i.rt_memheap_init), (200 bytes).
    Removing memheap.o(i.rt_memheap_realloc), (652 bytes).
    Removing memheap.o(.constdata), (86 bytes).
    Removing mempool.o(i.rt_list_init), (6 bytes).
    Removing mempool.o(i.rt_mp_alloc), (368 bytes).
    Removing mempool.o(i.rt_mp_alloc_sethook), (12 bytes).
    Removing mempool.o(i.rt_mp_create), (296 bytes).
    Removing mempool.o(i.rt_mp_delete), (304 bytes).
    Removing mempool.o(i.rt_mp_detach), (216 bytes).
    Removing mempool.o(i.rt_mp_free), (104 bytes).
    Removing mempool.o(i.rt_mp_free_sethook), (12 bytes).
    Removing mempool.o(i.rt_mp_init), (264 bytes).
    Removing mempool.o(i.rt_spin_lock_irqsave), (14 bytes).
    Removing mempool.o(i.rt_spin_unlock_irqrestore), (14 bytes).
    Removing mempool.o(.constdata), (62 bytes).
    Removing mempool.o(.data), (8 bytes).
    Removing object.o(i.rt_custom_object_create), (38 bytes).
    Removing object.o(i.rt_custom_object_destroy), (40 bytes).
    Removing object.o(i.rt_object_attach_sethook), (12 bytes).
    Removing object.o(i.rt_object_detach_sethook), (12 bytes).
    Removing object.o(i.rt_object_get_length), (64 bytes).
    Removing object.o(i.rt_object_get_name), (42 bytes).
    Removing object.o(i.rt_object_get_pointers), (94 bytes).
    Removing object.o(i.rt_object_put_sethook), (12 bytes).
    Removing object.o(i.rt_object_take_sethook), (12 bytes).
    Removing object.o(i.rt_object_trytake_sethook), (12 bytes).
    Removing scheduler_up.o(i.rt_scheduler_sethook), (12 bytes).
    Removing scheduler_up.o(i.rt_scheduler_switch_sethook), (12 bytes).
    Removing thread.o(i.rt_thread_delay), (12 bytes).
    Removing thread.o(i.rt_thread_delay_until), (208 bytes).
    Removing thread.o(i.rt_thread_find), (14 bytes).
    Removing thread.o(i.rt_thread_get_name), (28 bytes).
    Removing thread.o(i.rt_thread_resume_sethook), (12 bytes).
    Removing thread.o(i.rt_thread_suspend), (14 bytes).
    Removing thread.o(i.rt_thread_suspend_sethook), (12 bytes).
    Removing thread.o(i.rt_thread_yield), (28 bytes).
    Removing timer.o(i._timer_list_next_timeout), (34 bytes).
    Removing timer.o(i.rt_timer_create), (136 bytes).
    Removing timer.o(i.rt_timer_delete), (252 bytes).
    Removing timer.o(i.rt_timer_enter_sethook), (12 bytes).
    Removing timer.o(i.rt_timer_exit_sethook), (12 bytes).
    Removing timer.o(i.rt_timer_next_timeout_tick), (44 bytes).
    Removing atomic_arm.o(i.rt_hw_atomic_and), (24 bytes).
    Removing atomic_arm.o(i.rt_hw_atomic_compare_exchange_strong), (48 bytes).
    Removing atomic_arm.o(i.rt_hw_atomic_exchange), (18 bytes).
    Removing atomic_arm.o(i.rt_hw_atomic_flag_clear), (18 bytes).
    Removing atomic_arm.o(i.rt_hw_atomic_flag_test_and_set), (20 bytes).
    Removing atomic_arm.o(i.rt_hw_atomic_or), (24 bytes).
    Removing atomic_arm.o(i.rt_hw_atomic_store), (16 bytes).
    Removing atomic_arm.o(i.rt_hw_atomic_xor), (24 bytes).
    Removing div0.o(i.__div0), (4 bytes).
    Removing showmem.o(i.rt_hw_show_memory), (120 bytes).
    Removing showmem.o(.constdata), (18 bytes).
    Removing cpuport.o(i.rt_hw_exception_install), (12 bytes).
    Removing stm32f1xx_hal_rcc_ex.o(.rev16_text), (4 bytes).
    Removing stm32f1xx_hal_rcc_ex.o(.revsh_text), (4 bytes).
    Removing stm32f1xx_hal_rcc_ex.o(.rrx_text), (6 bytes).
    Removing stm32f1xx_hal_rcc_ex.o(i.HAL_RCCEx_GetPeriphCLKConfig), (60 bytes).
    Removing stm32f1xx_hal_rcc_ex.o(i.HAL_RCCEx_GetPeriphCLKFreq), (280 bytes).
    Removing stm32f1xx_hal_cortex.o(.rev16_text), (4 bytes).
    Removing stm32f1xx_hal_cortex.o(.revsh_text), (4 bytes).
    Removing stm32f1xx_hal_cortex.o(.rrx_text), (6 bytes).
    Removing stm32f1xx_hal_cortex.o(i.HAL_NVIC_ClearPendingIRQ), (36 bytes).
    Removing stm32f1xx_hal_cortex.o(i.HAL_NVIC_GetActive), (48 bytes).
    Removing stm32f1xx_hal_cortex.o(i.HAL_NVIC_GetPendingIRQ), (48 bytes).
    Removing stm32f1xx_hal_cortex.o(i.HAL_NVIC_GetPriority), (148 bytes).
    Removing stm32f1xx_hal_cortex.o(i.HAL_NVIC_GetPriorityGrouping), (8 bytes).
    Removing stm32f1xx_hal_cortex.o(i.HAL_NVIC_SetPendingIRQ), (36 bytes).
    Removing stm32f1xx_hal_cortex.o(i.HAL_NVIC_SystemReset), (68 bytes).
    Removing stm32f1xx_hal_cortex.o(i.HAL_SYSTICK_CLKSourceConfig), (40 bytes).
    Removing stm32f1xx_hal_cortex.o(i.HAL_SYSTICK_Callback), (2 bytes).
    Removing stm32f1xx_hal_cortex.o(i.HAL_SYSTICK_IRQHandler), (8 bytes).
    Removing stm32f1xx_hal_gpio_ex.o(.rev16_text), (4 bytes).
    Removing stm32f1xx_hal_gpio_ex.o(.revsh_text), (4 bytes).
    Removing stm32f1xx_hal_gpio_ex.o(.rrx_text), (6 bytes).
    Removing stm32f1xx_hal_gpio_ex.o(i.HAL_GPIOEx_ConfigEventout), (24 bytes).
    Removing stm32f1xx_hal_gpio_ex.o(i.HAL_GPIOEx_DisableEventout), (20 bytes).
    Removing stm32f1xx_hal_gpio_ex.o(i.HAL_GPIOEx_EnableEventout), (20 bytes).
    Removing stm32f1xx_hal_rcc.o(.rev16_text), (4 bytes).
    Removing stm32f1xx_hal_rcc.o(.revsh_text), (4 bytes).
    Removing stm32f1xx_hal_rcc.o(.rrx_text), (6 bytes).
    Removing stm32f1xx_hal_rcc.o(i.HAL_RCC_CSSCallback), (2 bytes).
    Removing stm32f1xx_hal_rcc.o(i.HAL_RCC_DeInit), (272 bytes).
    Removing stm32f1xx_hal_rcc.o(i.HAL_RCC_DisableCSS), (12 bytes).
    Removing stm32f1xx_hal_rcc.o(i.HAL_RCC_EnableCSS), (12 bytes).
    Removing stm32f1xx_hal_rcc.o(i.HAL_RCC_GetClockConfig), (68 bytes).
    Removing stm32f1xx_hal_rcc.o(i.HAL_RCC_GetOscConfig), (200 bytes).
    Removing stm32f1xx_hal_rcc.o(i.HAL_RCC_MCOConfig), (100 bytes).
    Removing stm32f1xx_hal_rcc.o(i.HAL_RCC_NMI_IRQHandler), (32 bytes).
    Removing stm32f1xx_hal_pwr.o(.rev16_text), (4 bytes).
    Removing stm32f1xx_hal_pwr.o(.revsh_text), (4 bytes).
    Removing stm32f1xx_hal_pwr.o(.rrx_text), (6 bytes).
    Removing stm32f1xx_hal_pwr.o(i.HAL_PWR_ConfigPVD), (180 bytes).
    Removing stm32f1xx_hal_pwr.o(i.HAL_PWR_DeInit), (28 bytes).
    Removing stm32f1xx_hal_pwr.o(i.HAL_PWR_DisableBkUpAccess), (12 bytes).
    Removing stm32f1xx_hal_pwr.o(i.HAL_PWR_DisablePVD), (12 bytes).
    Removing stm32f1xx_hal_pwr.o(i.HAL_PWR_DisableSEVOnPend), (20 bytes).
    Removing stm32f1xx_hal_pwr.o(i.HAL_PWR_DisableSleepOnExit), (20 bytes).
    Removing stm32f1xx_hal_pwr.o(i.HAL_PWR_DisableWakeUpPin), (28 bytes).
    Removing stm32f1xx_hal_pwr.o(i.HAL_PWR_EnableBkUpAccess), (12 bytes).
    Removing stm32f1xx_hal_pwr.o(i.HAL_PWR_EnablePVD), (12 bytes).
    Removing stm32f1xx_hal_pwr.o(i.HAL_PWR_EnableSEVOnPend), (20 bytes).
    Removing stm32f1xx_hal_pwr.o(i.HAL_PWR_EnableSleepOnExit), (20 bytes).
    Removing stm32f1xx_hal_pwr.o(i.HAL_PWR_EnableWakeUpPin), (28 bytes).
    Removing stm32f1xx_hal_pwr.o(i.HAL_PWR_EnterSLEEPMode), (32 bytes).
    Removing stm32f1xx_hal_pwr.o(i.HAL_PWR_EnterSTANDBYMode), (40 bytes).
    Removing stm32f1xx_hal_pwr.o(i.HAL_PWR_EnterSTOPMode), (84 bytes).
    Removing stm32f1xx_hal_pwr.o(i.HAL_PWR_PVDCallback), (2 bytes).
    Removing stm32f1xx_hal_pwr.o(i.HAL_PWR_PVD_IRQHandler), (32 bytes).
    Removing stm32f1xx_hal_pwr.o(i.PWR_OverloadWfe), (6 bytes).
    Removing stm32f1xx_hal_dma.o(.rev16_text), (4 bytes).
    Removing stm32f1xx_hal_dma.o(.revsh_text), (4 bytes).
    Removing stm32f1xx_hal_dma.o(.rrx_text), (6 bytes).
    Removing stm32f1xx_hal_dma.o(i.HAL_DMA_GetError), (6 bytes).
    Removing stm32f1xx_hal_dma.o(i.HAL_DMA_GetState), (8 bytes).
    Removing stm32f1xx_hal_dma.o(i.HAL_DMA_IRQHandler), (412 bytes).
    Removing stm32f1xx_hal_dma.o(i.HAL_DMA_PollForTransfer), (692 bytes).
    Removing stm32f1xx_hal_dma.o(i.HAL_DMA_RegisterCallback), (90 bytes).
    Removing stm32f1xx_hal_dma.o(i.HAL_DMA_Start), (114 bytes).
    Removing stm32f1xx_hal_dma.o(i.HAL_DMA_UnRegisterCallback), (106 bytes).
    Removing stm32f1xx_hal_crc.o(.rev16_text), (4 bytes).
    Removing stm32f1xx_hal_crc.o(.revsh_text), (4 bytes).
    Removing stm32f1xx_hal_crc.o(.rrx_text), (6 bytes).
    Removing system_stm32f1xx.o(.rev16_text), (4 bytes).
    Removing system_stm32f1xx.o(.revsh_text), (4 bytes).
    Removing system_stm32f1xx.o(.rrx_text), (6 bytes).
    Removing stm32f1xx_hal_uart.o(.rev16_text), (4 bytes).
    Removing stm32f1xx_hal_uart.o(.revsh_text), (4 bytes).
    Removing stm32f1xx_hal_uart.o(.rrx_text), (6 bytes).
    Removing stm32f1xx_hal_uart.o(i.HAL_HalfDuplex_EnableReceiver), (68 bytes).
    Removing stm32f1xx_hal_uart.o(i.HAL_HalfDuplex_EnableTransmitter), (68 bytes).
    Removing stm32f1xx_hal_uart.o(i.HAL_HalfDuplex_Init), (118 bytes).
    Removing stm32f1xx_hal_uart.o(i.HAL_LIN_Init), (142 bytes).
    Removing stm32f1xx_hal_uart.o(i.HAL_LIN_SendBreak), (62 bytes).
    Removing stm32f1xx_hal_uart.o(i.HAL_MultiProcessor_EnterMuteMode), (62 bytes).
    Removing stm32f1xx_hal_uart.o(i.HAL_MultiProcessor_ExitMuteMode), (62 bytes).
    Removing stm32f1xx_hal_uart.o(i.HAL_MultiProcessor_Init), (154 bytes).
    Removing stm32f1xx_hal_uart.o(i.HAL_UARTEx_ReceiveToIdle), (320 bytes).
    Removing stm32f1xx_hal_uart.o(i.HAL_UARTEx_ReceiveToIdle_DMA), (114 bytes).
    Removing stm32f1xx_hal_uart.o(i.HAL_UARTEx_ReceiveToIdle_IT), (114 bytes).
    Removing stm32f1xx_hal_uart.o(i.HAL_UART_Abort), (188 bytes).
    Removing stm32f1xx_hal_uart.o(i.HAL_UART_AbortCpltCallback), (2 bytes).
    Removing stm32f1xx_hal_uart.o(i.HAL_UART_AbortReceive), (122 bytes).
    Removing stm32f1xx_hal_uart.o(i.HAL_UART_AbortReceiveCpltCallback), (2 bytes).
    Removing stm32f1xx_hal_uart.o(i.HAL_UART_AbortReceive_IT), (144 bytes).
    Removing stm32f1xx_hal_uart.o(i.HAL_UART_AbortTransmit), (88 bytes).
    Removing stm32f1xx_hal_uart.o(i.HAL_UART_AbortTransmitCpltCallback), (2 bytes).
    Removing stm32f1xx_hal_uart.o(i.HAL_UART_AbortTransmit_IT), (108 bytes).
    Removing stm32f1xx_hal_uart.o(i.HAL_UART_Abort_IT), (240 bytes).
    Removing stm32f1xx_hal_uart.o(i.HAL_UART_DMAPause), (124 bytes).
    Removing stm32f1xx_hal_uart.o(i.HAL_UART_DMAResume), (126 bytes).
    Removing stm32f1xx_hal_uart.o(i.HAL_UART_DMAStop), (102 bytes).
    Removing stm32f1xx_hal_uart.o(i.HAL_UART_ErrorCallback), (2 bytes).
    Removing stm32f1xx_hal_uart.o(i.HAL_UART_GetError), (6 bytes).
    Removing stm32f1xx_hal_uart.o(i.HAL_UART_GetState), (20 bytes).
    Removing stm32f1xx_hal_uart.o(i.HAL_UART_MspDeInit), (2 bytes).
    Removing stm32f1xx_hal_uart.o(i.HAL_UART_MspInit), (2 bytes).
    Removing stm32f1xx_hal_uart.o(i.HAL_UART_Receive), (220 bytes).
    Removing stm32f1xx_hal_uart.o(i.HAL_UART_Receive_IT), (66 bytes).
    Removing stm32f1xx_hal_uart.o(i.HAL_UART_RxCpltCallback), (2 bytes).
    Removing stm32f1xx_hal_uart.o(i.HAL_UART_RxHalfCpltCallback), (2 bytes).
    Removing stm32f1xx_hal_uart.o(i.HAL_UART_Transmit), (210 bytes).
    Removing stm32f1xx_hal_uart.o(i.HAL_UART_Transmit_IT), (88 bytes).
    Removing stm32f1xx_hal_uart.o(i.HAL_UART_TxCpltCallback), (2 bytes).
    Removing stm32f1xx_hal_uart.o(i.UART_DMARxAbortCallback), (56 bytes).
    Removing stm32f1xx_hal_uart.o(i.UART_DMARxOnlyAbortCallback), (28 bytes).
    Removing stm32f1xx_hal_uart.o(i.UART_DMATxAbortCallback), (56 bytes).
    Removing stm32f1xx_hal_uart.o(i.UART_DMATxOnlyAbortCallback), (24 bytes).
    Removing stm32f1xx_hal_uart.o(i.UART_Start_Receive_IT), (70 bytes).
    Removing stm32f1xx_hal_uart.o(i.UART_WaitOnFlagUntilTimeout), (108 bytes).
    Removing stm32f1xx_hal.o(.rev16_text), (4 bytes).
    Removing stm32f1xx_hal.o(.revsh_text), (4 bytes).
    Removing stm32f1xx_hal.o(.rrx_text), (6 bytes).
    Removing stm32f1xx_hal.o(i.HAL_DBGMCU_DisableDBGSleepMode), (20 bytes).
    Removing stm32f1xx_hal.o(i.HAL_DBGMCU_DisableDBGStandbyMode), (20 bytes).
    Removing stm32f1xx_hal.o(i.HAL_DBGMCU_DisableDBGStopMode), (20 bytes).
    Removing stm32f1xx_hal.o(i.HAL_DBGMCU_EnableDBGSleepMode), (20 bytes).
    Removing stm32f1xx_hal.o(i.HAL_DBGMCU_EnableDBGStandbyMode), (20 bytes).
    Removing stm32f1xx_hal.o(i.HAL_DBGMCU_EnableDBGStopMode), (20 bytes).
    Removing stm32f1xx_hal.o(i.HAL_DeInit), (36 bytes).
    Removing stm32f1xx_hal.o(i.HAL_Delay), (40 bytes).
    Removing stm32f1xx_hal.o(i.HAL_GetDEVID), (16 bytes).
    Removing stm32f1xx_hal.o(i.HAL_GetHalVersion), (8 bytes).
    Removing stm32f1xx_hal.o(i.HAL_GetREVID), (12 bytes).
    Removing stm32f1xx_hal.o(i.HAL_GetTick), (12 bytes).
    Removing stm32f1xx_hal.o(i.HAL_GetTickFreq), (12 bytes).
    Removing stm32f1xx_hal.o(i.HAL_GetTickPrio), (12 bytes).
    Removing stm32f1xx_hal.o(i.HAL_GetUIDw0), (12 bytes).
    Removing stm32f1xx_hal.o(i.HAL_GetUIDw1), (12 bytes).
    Removing stm32f1xx_hal.o(i.HAL_GetUIDw2), (12 bytes).
    Removing stm32f1xx_hal.o(i.HAL_IncTick), (24 bytes).
    Removing stm32f1xx_hal.o(i.HAL_InitTick), (76 bytes).
    Removing stm32f1xx_hal.o(i.HAL_MspDeInit), (2 bytes).
    Removing stm32f1xx_hal.o(i.HAL_MspInit), (2 bytes).
    Removing stm32f1xx_hal.o(i.HAL_ResumeTick), (18 bytes).
    Removing stm32f1xx_hal.o(i.HAL_SetTickFreq), (48 bytes).
    Removing stm32f1xx_hal.o(i.HAL_SuspendTick), (18 bytes).
    Removing stm32f1xx_hal_cec.o(.rev16_text), (4 bytes).
    Removing stm32f1xx_hal_cec.o(.revsh_text), (4 bytes).
    Removing stm32f1xx_hal_cec.o(.rrx_text), (6 bytes).
    Removing stm32f1xx_hal_usart.o(.rev16_text), (4 bytes).
    Removing stm32f1xx_hal_usart.o(.revsh_text), (4 bytes).
    Removing stm32f1xx_hal_usart.o(.rrx_text), (6 bytes).
    Removing stm32f1xx_hal_gpio.o(.rev16_text), (4 bytes).
    Removing stm32f1xx_hal_gpio.o(.revsh_text), (4 bytes).
    Removing stm32f1xx_hal_gpio.o(.rrx_text), (6 bytes).
    Removing stm32f1xx_hal_gpio.o(i.HAL_GPIO_EXTI_Callback), (2 bytes).
    Removing stm32f1xx_hal_gpio.o(i.HAL_GPIO_LockPin), (46 bytes).
    Removing stm32f1xx_hal_gpio.o(i.HAL_GPIO_TogglePin), (20 bytes).

513 unused section(s) (total 40816 bytes) removed from the image.

==============================================================================

Memory Map of the image

  Image Entry point : 0x00000000

  Load Region LR_IROM1 (Base: 0x08000000, Size: 0x0000e010, Max: 0x00020000, ABSOLUTE)

    Execution Region ER_IROM1 (Base: 0x08000000, Size: 0x0000dbf8, Max: 0x00020000, ABSOLUTE)

    Base Addr    Size         Type   Attr      Idx    E Section Name        Object

    0x08000000   0x000000ec   Data   RO         2088    RESET               startup_stm32f103xb.o
    0x080000ec   0x00000008   Code   RO         5942  * !!!main             c_w.l(__main.o)
    0x080000f4   0x00000002   Code   RO         6040    .ARM.Collect$$libinit$$00000000  c_w.l(libinit.o)
    0x080000f6   0x00000000   Code   RO         5985    .ARM.Collect$$libinit$$00000002  c_w.l(libinit2.o)
    0x080000f6   0x00000000   Code   RO         5987    .ARM.Collect$$libinit$$00000004  c_w.l(libinit2.o)
    0x080000f6   0x00000000   Code   RO         5990    .ARM.Collect$$libinit$$0000000A  c_w.l(libinit2.o)
    0x080000f6   0x00000000   Code   RO         5992    .ARM.Collect$$libinit$$0000000C  c_w.l(libinit2.o)
    0x080000f6   0x00000000   Code   RO         5994    .ARM.Collect$$libinit$$0000000E  c_w.l(libinit2.o)
    0x080000f6   0x00000006   Code   RO         5995    .ARM.Collect$$libinit$$0000000F  c_w.l(libinit2.o)
    0x080000fc   0x00000000   Code   RO         5997    .ARM.Collect$$libinit$$00000011  c_w.l(libinit2.o)
    0x080000fc   0x0000000c   Code   RO         5998    .ARM.Collect$$libinit$$00000012  c_w.l(libinit2.o)
    0x08000108   0x00000000   Code   RO         5999    .ARM.Collect$$libinit$$00000013  c_w.l(libinit2.o)
    0x08000108   0x00000000   Code   RO         6001    .ARM.Collect$$libinit$$00000015  c_w.l(libinit2.o)
    0x08000108   0x00000000   Code   RO         6003    .ARM.Collect$$libinit$$00000017  c_w.l(libinit2.o)
    0x08000108   0x00000000   Code   RO         6005    .ARM.Collect$$libinit$$00000019  c_w.l(libinit2.o)
    0x08000108   0x00000000   Code   RO         6007    .ARM.Collect$$libinit$$0000001B  c_w.l(libinit2.o)
    0x08000108   0x00000000   Code   RO         6009    .ARM.Collect$$libinit$$0000001D  c_w.l(libinit2.o)
    0x08000108   0x00000000   Code   RO         6011    .ARM.Collect$$libinit$$0000001F  c_w.l(libinit2.o)
    0x08000108   0x00000000   Code   RO         6013    .ARM.Collect$$libinit$$00000021  c_w.l(libinit2.o)
    0x08000108   0x00000000   Code   RO         6015    .ARM.Collect$$libinit$$00000023  c_w.l(libinit2.o)
    0x08000108   0x00000000   Code   RO         6017    .ARM.Collect$$libinit$$00000025  c_w.l(libinit2.o)
    0x08000108   0x00000000   Code   RO         6021    .ARM.Collect$$libinit$$0000002C  c_w.l(libinit2.o)
    0x08000108   0x00000000   Code   RO         6023    .ARM.Collect$$libinit$$0000002E  c_w.l(libinit2.o)
    0x08000108   0x00000000   Code   RO         6025    .ARM.Collect$$libinit$$00000030  c_w.l(libinit2.o)
    0x08000108   0x00000000   Code   RO         6027    .ARM.Collect$$libinit$$00000032  c_w.l(libinit2.o)
    0x08000108   0x00000002   Code   RO         6028    .ARM.Collect$$libinit$$00000033  c_w.l(libinit2.o)
    0x0800010a   0x00000002   Code   RO         6070    .ARM.Collect$$libshutdown$$00000000  c_w.l(libshutdown.o)
    0x0800010c   0x00000000   Code   RO         6076    .ARM.Collect$$libshutdown$$00000002  c_w.l(libshutdown2.o)
    0x0800010c   0x00000000   Code   RO         6078    .ARM.Collect$$libshutdown$$00000004  c_w.l(libshutdown2.o)
    0x0800010c   0x00000000   Code   RO         6081    .ARM.Collect$$libshutdown$$00000007  c_w.l(libshutdown2.o)
    0x0800010c   0x00000000   Code   RO         6084    .ARM.Collect$$libshutdown$$0000000A  c_w.l(libshutdown2.o)
    0x0800010c   0x00000000   Code   RO         6086    .ARM.Collect$$libshutdown$$0000000C  c_w.l(libshutdown2.o)
    0x0800010c   0x00000000   Code   RO         6089    .ARM.Collect$$libshutdown$$0000000F  c_w.l(libshutdown2.o)
    0x0800010c   0x00000002   Code   RO         6090    .ARM.Collect$$libshutdown$$00000010  c_w.l(libshutdown2.o)
    0x0800010e   0x00000000   Code   RO         5944    .ARM.Collect$$rtentry$$00000000  c_w.l(__rtentry.o)
    0x0800010e   0x00000000   Code   RO         5968    .ARM.Collect$$rtentry$$00000002  c_w.l(__rtentry2.o)
    0x0800010e   0x00000006   Code   RO         5980    .ARM.Collect$$rtentry$$00000004  c_w.l(__rtentry4.o)
    0x08000114   0x00000000   Code   RO         5970    .ARM.Collect$$rtentry$$00000009  c_w.l(__rtentry2.o)
    0x08000114   0x00000004   Code   RO         5971    .ARM.Collect$$rtentry$$0000000A  c_w.l(__rtentry2.o)
    0x08000118   0x00000000   Code   RO         5973    .ARM.Collect$$rtentry$$0000000C  c_w.l(__rtentry2.o)
    0x08000118   0x00000008   Code   RO         5974    .ARM.Collect$$rtentry$$0000000D  c_w.l(__rtentry2.o)
    0x08000120   0x00000002   Code   RO         6043    .ARM.Collect$$rtexit$$00000000  c_w.l(rtexit.o)
    0x08000122   0x00000000   Code   RO         6050    .ARM.Collect$$rtexit$$00000002  c_w.l(rtexit2.o)
    0x08000122   0x00000004   Code   RO         6051    .ARM.Collect$$rtexit$$00000003  c_w.l(rtexit2.o)
    0x08000126   0x00000006   Code   RO         6052    .ARM.Collect$$rtexit$$00000004  c_w.l(rtexit2.o)
    0x0800012c   0x00000010   Code   RO         4632    .emb_text           cpuport.o
    0x0800013c   0x0000003c   Code   RO         2089    .text               startup_stm32f103xb.o
    0x08000178   0x000000fc   Code   RO         4628    .text               context_rvds.o
    0x08000274   0x00000002   Code   RO         5910    .text               c_w.l(use_no_semi.o)
    0x08000276   0x00000002   PAD
    0x08000278   0x00000010   Code   RO         5912    .text               c_w.l(rt_ctype_table.o)
    0x08000288   0x0000001a   Code   RO         5918    .text               c_w.l(atoi.o)
    0x080002a2   0x00000072   Code   RO         5920    .text               c_w.l(strtoul.o)
    0x08000314   0x00000014   Code   RO         5922    .text               c_w.l(strchr.o)
    0x08000328   0x00000058   Code   RO         5924    .text               c_w.l(memcmp.o)
    0x08000380   0x00000048   Code   RO         5926    .text               c_w.l(strcpy.o)
    0x080003c8   0x0000003e   Code   RO         5930    .text               c_w.l(strlen.o)
    0x08000406   0x00000096   Code   RO         5932    .text               c_w.l(strncmp.o)
    0x0800049c   0x0000004e   Code   RO         5934    .text               c_w.l(rt_memclr_w.o)
    0x080004ea   0x00000056   Code   RO         5936    .text               c_w.l(strncpy.o)
    0x08000540   0x00000080   Code   RO         5938    .text               c_w.l(strcmpv7m.o)
    0x080005c0   0x00000006   Code   RO         5940    .text               c_w.l(heapauxi.o)
    0x080005c6   0x00000002   PAD
    0x080005c8   0x00000008   Code   RO         5948    .text               c_w.l(rt_locale_intlibspace.o)
    0x080005d0   0x00000008   Code   RO         5953    .text               c_w.l(rt_errno_addr_intlibspace.o)
    0x080005d8   0x0000009e   Code   RO         5955    .text               c_w.l(_strtoul.o)
    0x08000676   0x00000070   Code   RO         5957    .text               c_w.l(strtol.o)
    0x080006e6   0x00000044   Code   RO         5962    .text               c_w.l(rt_memclr.o)
    0x0800072a   0x00000002   PAD
    0x0800072c   0x00000008   Code   RO         5964    .text               c_w.l(libspace.o)
    0x08000734   0x0000001c   Code   RO         5982    .text               c_w.l(_chval.o)
    0x08000750   0x0000004a   Code   RO         6029    .text               c_w.l(sys_stackheap_outer.o)
    0x0800079a   0x00000012   Code   RO         6031    .text               c_w.l(exit.o)
    0x080007ac   0x0000000a   Code   RO         2635    i.$Sub$$main        components.o
    0x080007b6   0x0000002c   Code   RO         5118    i.DMA_SetConfig     stm32f1xx_hal_dma.o
    0x080007e2   0x00000012   Code   RO         1706    i.EXTI0_IRQHandler  drv_gpio.o
    0x080007f4   0x0000003c   Code   RO         1707    i.EXTI15_10_IRQHandler  drv_gpio.o
    0x08000830   0x00000012   Code   RO         1708    i.EXTI1_IRQHandler  drv_gpio.o
    0x08000842   0x00000012   Code   RO         1709    i.EXTI2_IRQHandler  drv_gpio.o
    0x08000854   0x00000012   Code   RO         1710    i.EXTI3_IRQHandler  drv_gpio.o
    0x08000866   0x00000012   Code   RO         1711    i.EXTI4_IRQHandler  drv_gpio.o
    0x08000878   0x0000002e   Code   RO         1712    i.EXTI9_5_IRQHandler  drv_gpio.o
    0x080008a6   0x00000056   Code   RO         5119    i.HAL_DMA_Abort     stm32f1xx_hal_dma.o
    0x080008fc   0x000000b0   Code   RO         5120    i.HAL_DMA_Abort_IT  stm32f1xx_hal_dma.o
    0x080009ac   0x00000068   Code   RO         5121    i.HAL_DMA_DeInit    stm32f1xx_hal_dma.o
    0x08000a14   0x00000068   Code   RO         5125    i.HAL_DMA_Init      stm32f1xx_hal_dma.o
    0x08000a7c   0x0000009c   Code   RO         5129    i.HAL_DMA_Start_IT  stm32f1xx_hal_dma.o
    0x08000b18   0x00000134   Code   RO         5845    i.HAL_GPIO_DeInit   stm32f1xx_hal_gpio.o
    0x08000c4c   0x00000030   Code   RO         1713    i.HAL_GPIO_EXTI_Callback  drv_gpio.o
    0x08000c7c   0x0000001c   Code   RO         5847    i.HAL_GPIO_EXTI_IRQHandler  stm32f1xx_hal_gpio.o
    0x08000c98   0x00000320   Code   RO         5848    i.HAL_GPIO_Init     stm32f1xx_hal_gpio.o
    0x08000fb8   0x00000010   Code   RO         5850    i.HAL_GPIO_ReadPin  stm32f1xx_hal_gpio.o
    0x08000fc8   0x0000000c   Code   RO         5852    i.HAL_GPIO_WritePin  stm32f1xx_hal_gpio.o
    0x08000fd4   0x0000001c   Code   RO         1986    i.HAL_GetTick       drv_common.o
    0x08000ff0   0x00000018   Code   RO         1987    i.HAL_IncTick       drv_common.o
    0x08001008   0x00000028   Code   RO         5653    i.HAL_Init          stm32f1xx_hal.o
    0x08001030   0x0000000c   Code   RO         1988    i.HAL_InitTick      drv_common.o
    0x0800103c   0x00000054   Code   RO         2098    i.HAL_MspInit       stm32f1xx_hal_msp.o
    0x08001090   0x00000044   Code   RO         4729    i.HAL_NVIC_DisableIRQ  stm32f1xx_hal_cortex.o
    0x080010d4   0x00000020   Code   RO         4730    i.HAL_NVIC_EnableIRQ  stm32f1xx_hal_cortex.o
    0x080010f4   0x0000007c   Code   RO         4736    i.HAL_NVIC_SetPriority  stm32f1xx_hal_cortex.o
    0x08001170   0x00000028   Code   RO         4737    i.HAL_NVIC_SetPriorityGrouping  stm32f1xx_hal_cortex.o
    0x08001198   0x00000130   Code   RO         4694    i.HAL_RCCEx_PeriphCLKConfig  stm32f1xx_hal_rcc_ex.o
    0x080012c8   0x0000018c   Code   RO         4887    i.HAL_RCC_ClockConfig  stm32f1xx_hal_rcc.o
    0x08001454   0x0000000c   Code   RO         4892    i.HAL_RCC_GetHCLKFreq  stm32f1xx_hal_rcc.o
    0x08001460   0x00000020   Code   RO         4894    i.HAL_RCC_GetPCLK1Freq  stm32f1xx_hal_rcc.o
    0x08001480   0x00000020   Code   RO         4895    i.HAL_RCC_GetPCLK2Freq  stm32f1xx_hal_rcc.o
    0x080014a0   0x00000094   Code   RO         4896    i.HAL_RCC_GetSysClockFreq  stm32f1xx_hal_rcc.o
    0x08001534   0x00000464   Code   RO         4899    i.HAL_RCC_OscConfig  stm32f1xx_hal_rcc.o
    0x08001998   0x00000034   Code   RO         4741    i.HAL_SYSTICK_Config  stm32f1xx_hal_cortex.o
    0x080019cc   0x00000002   Code   RO         5279    i.HAL_UARTEx_RxEventCallback  stm32f1xx_hal_uart.o
    0x080019ce   0x0000003c   Code   RO         5292    i.HAL_UART_DeInit   stm32f1xx_hal_uart.o
    0x08001a0a   0x00000002   PAD
    0x08001a0c   0x0000002c   Code   RO         1821    i.HAL_UART_ErrorCallback  drv_usart.o
    0x08001a38   0x0000024c   Code   RO         5296    i.HAL_UART_IRQHandler  stm32f1xx_hal_uart.o
    0x08001c84   0x00000072   Code   RO         5297    i.HAL_UART_Init     stm32f1xx_hal_uart.o
    0x08001cf6   0x00000002   PAD
    0x08001cf8   0x00000038   Code   RO         2106    i.HAL_UART_MspDeInit  stm32f1xx_hal_msp.o
    0x08001d30   0x00000098   Code   RO         2107    i.HAL_UART_MspInit  stm32f1xx_hal_msp.o
    0x08001dc8   0x00000042   Code   RO         5301    i.HAL_UART_Receive_DMA  stm32f1xx_hal_uart.o
    0x08001e0a   0x00000002   PAD
    0x08001e0c   0x00000034   Code   RO         1822    i.HAL_UART_RxCpltCallback  drv_usart.o
    0x08001e40   0x00000034   Code   RO         1823    i.HAL_UART_RxHalfCpltCallback  drv_usart.o
    0x08001e74   0x0000009c   Code   RO         5306    i.HAL_UART_Transmit_DMA  stm32f1xx_hal_uart.o
    0x08001f10   0x00000034   Code   RO         1824    i.HAL_UART_TxCpltCallback  drv_usart.o
    0x08001f44   0x00000002   Code   RO         5309    i.HAL_UART_TxHalfCpltCallback  stm32f1xx_hal_uart.o
    0x08001f46   0x00000002   PAD
    0x08001f48   0x00000028   Code   RO         4900    i.RCC_Delay         stm32f1xx_hal_rcc.o
    0x08001f70   0x00000020   Code   RO         1991    i.SysTick_Handler   drv_common.o
    0x08001f90   0x000000ac   Code   RO         2193    i.SystemClock_Config  board.o
    0x0800203c   0x000000a4   Code   RO         5231    i.SystemCoreClockUpdate  system_stm32f1xx.o
    0x080020e0   0x00000002   Code   RO         5232    i.SystemInit        system_stm32f1xx.o
    0x080020e2   0x00000014   Code   RO         5310    i.UART_DMAAbortOnError  stm32f1xx_hal_uart.o
    0x080020f6   0x00000050   Code   RO         5311    i.UART_DMAError     stm32f1xx_hal_uart.o
    0x08002146   0x00000068   Code   RO         5312    i.UART_DMAReceiveCplt  stm32f1xx_hal_uart.o
    0x080021ae   0x00000020   Code   RO         5314    i.UART_DMARxHalfCplt  stm32f1xx_hal_uart.o
    0x080021ce   0x00000036   Code   RO         5316    i.UART_DMATransmitCplt  stm32f1xx_hal_uart.o
    0x08002204   0x0000000e   Code   RO         5318    i.UART_DMATxHalfCplt  stm32f1xx_hal_uart.o
    0x08002212   0x00000036   Code   RO         5320    i.UART_EndRxTransfer  stm32f1xx_hal_uart.o
    0x08002248   0x00000020   Code   RO         5321    i.UART_EndTransmit_IT  stm32f1xx_hal_uart.o
    0x08002268   0x00000014   Code   RO         5322    i.UART_EndTxTransfer  stm32f1xx_hal_uart.o
    0x0800227c   0x000000e4   Code   RO         5323    i.UART_Receive_IT   stm32f1xx_hal_uart.o
    0x08002360   0x000000fc   Code   RO         5324    i.UART_SetConfig    stm32f1xx_hal_uart.o
    0x0800245c   0x00000098   Code   RO         5325    i.UART_Start_Receive_DMA  stm32f1xx_hal_uart.o
    0x080024f4   0x00000060   Code   RO         5327    i.UART_Transmit_IT  stm32f1xx_hal_uart.o
    0x08002554   0x00000018   Code   RO         1825    i.USART1_IRQHandler  drv_usart.o
    0x0800256c   0x00000064   Code   RO         1992    i._Error_Handler    drv_common.o
    0x080025d0   0x00000010   Code   RO         4743    i.__NVIC_GetPriorityGrouping  stm32f1xx_hal_cortex.o
    0x080025e0   0x00000028   Code   RO         4744    i.__NVIC_SetPriority  stm32f1xx_hal_cortex.o
    0x08002608   0x00000064   Code   RO          425    i.__rt_libc_exit    cstdlib.o
    0x0800266c   0x00000038   Code   RO         2771    i._check_and_update_prio  ipc.o
    0x080026a4   0x00000078   Code   RO          848    i._completion_done  completion.o
    0x0800271c   0x00000050   Code   RO         1826    i._dma_tx_complete  drv_usart.o
    0x0800276c   0x0000001c   Code   RO         3470    i._heap_lock        kservice.o
    0x08002788   0x00000038   Code   RO         3471    i._heap_unlock      kservice.o
    0x080027c0   0x00000010   Code   RO         2772    i._ipc_object_init  ipc.o
    0x080027d0   0x00000028   Code   RO         3472    i._kputs            kservice.o
    0x080027f8   0x0000009c   Code   RO         2337    i._msh_exec_cmd     msh.o
    0x08002894   0x00000088   Code   RO         1470    i._pin_cmd          pin.o
    0x0800291c   0x0000000c   Code   RO         1471    i._pin_cmd_conv     pin.o
    0x08002928   0x00000060   Code   RO         1472    i._pin_cmd_get      pin.o
    0x08002988   0x000000f0   Code   RO         1473    i._pin_cmd_mode     pin.o
    0x08002a78   0x00000180   Code   RO         1474    i._pin_cmd_print_usage  pin.o
    0x08002bf8   0x0000009c   Code   RO         1475    i._pin_cmd_read     pin.o
    0x08002c94   0x000000b0   Code   RO         1476    i._pin_cmd_write    pin.o
    0x08002d44   0x00000048   Code   RO         1477    i._pin_control      pin.o
    0x08002d8c   0x00000054   Code   RO         1478    i._pin_read         pin.o
    0x08002de0   0x00000054   Code   RO         1479    i._pin_write        pin.o
    0x08002e34   0x00000358   Code   RO         2779    i._rt_mutex_take    ipc.o
    0x0800318c   0x000001fc   Code   RO         2780    i._rt_sem_take      ipc.o
    0x08003388   0x00000078   Code   RO         3474    i._rt_system_heap_init  kservice.o
    0x08003400   0x00000028   Code   RO         4106    i._scheduler_get_highest_priority_thread  scheduler_up.o
    0x08003428   0x00000020   Code   RO         2781    i._sem_object_init  ipc.o
    0x08003448   0x00000048   Code   RO         1587    i._serial_check_buffer_size  serial.o
    0x08003490   0x000001a0   Code   RO         1588    i._serial_dma_rx    serial.o
    0x08003630   0x00000068   Code   RO         1589    i._serial_dma_tx    serial.o
    0x08003698   0x00000064   Code   RO         1590    i._serial_fifo_calc_recved_len  serial.o
    0x080036fc   0x000000c4   Code   RO         1591    i._serial_int_rx    serial.o
    0x080037c0   0x0000009c   Code   RO         1592    i._serial_int_tx    serial.o
    0x0800385c   0x00000064   Code   RO         1593    i._serial_poll_rx   serial.o
    0x080038c0   0x00000054   Code   RO         1594    i._serial_poll_tx   serial.o
    0x08003914   0x0000000c   Code   RO          284    i._sys_exit         syscalls.o
    0x08003920   0x0000005a   Code   RO         4233    i._thread_detach    thread.o
    0x0800397a   0x00000062   Code   RO         4234    i._thread_detach_from_mutex  thread.o
    0x080039dc   0x00000040   Code   RO         4235    i._thread_exit      thread.o
    0x08003a1c   0x00000040   Code   RO         2782    i._thread_get_mutex_priority  ipc.o
    0x08003a5c   0x0000008c   Code   RO         4236    i._thread_init      thread.o
    0x08003ae8   0x0000006c   Code   RO         4237    i._thread_set_suspend_state  thread.o
    0x08003b54   0x0000018c   Code   RO         4238    i._thread_sleep     thread.o
    0x08003ce0   0x000000ac   Code   RO         4239    i._thread_timeout   thread.o
    0x08003d8c   0x000000ae   Code   RO         2783    i._thread_update_priority  ipc.o
    0x08003e3a   0x00000042   Code   RO         4396    i._timer_init       timer.o
    0x08003e7c   0x0000001c   Code   RO         4398    i._timer_remove     timer.o
    0x08003e98   0x000000fc   Code   RO         4399    i._timer_start      timer.o
    0x08003f94   0x0000001e   Code   RO         1714    i.bit2bitno         drv_gpio.o
    0x08003fb2   0x00000002   PAD
    0x08003fb4   0x000000fc   Code   RO         4633    i.bus_fault_track   cpuport.o
    0x080040b0   0x00000014   Code   RO         2460    i.clear             cmd.o
    0x080040c4   0x000000ec   Code   RO         3475    i.cmd_backtrace     kservice.o
    0x080041b0   0x00000080   Code   RO         2338    i.cmd_free          msh.o
    0x08004230   0x000000ac   Code   RO         2461    i.cmd_list          cmd.o
    0x080042dc   0x0000000e   Code   RO         2339    i.cmd_ps            msh.o
    0x080042ea   0x00000002   PAD
    0x080042ec   0x000000bc   Code   RO         1827    i.dma_recv_isr      drv_usart.o
    0x080043a8   0x00000074   Code   RO         2216    i.finsh_get_prompt  shell.o
    0x0800441c   0x00000084   Code   RO         2218    i.finsh_getchar     shell.o
    0x080044a0   0x00000040   Code   RO         2219    i.finsh_rx_ind      shell.o
    0x080044e0   0x000000e0   Code   RO         2220    i.finsh_set_device  shell.o
    0x080045c0   0x00000048   Code   RO         2223    i.finsh_set_prompt_mode  shell.o
    0x08004608   0x00000014   Code   RO         2224    i.finsh_system_function_init  shell.o
    0x0800461c   0x0000009c   Code   RO         2225    i.finsh_system_init  shell.o
    0x080046b8   0x00000514   Code   RO         2226    i.finsh_thread_entry  shell.o
    0x08004bcc   0x00000080   Code   RO         4634    i.hard_fault_track  cpuport.o
    0x08004c4c   0x00000024   Code   RO         2703    i.idle_thread_entry  idle.o
    0x08004c70   0x0000013c   Code   RO         2462    i.list_device       cmd.o
    0x08004dac   0x00000160   Code   RO         2463    i.list_event        cmd.o
    0x08004f0c   0x0000002a   Code   RO         2464    i.list_find_init    cmd.o
    0x08004f36   0x0000009a   Code   RO         2465    i.list_get_next     cmd.o
    0x08004fd0   0x00000170   Code   RO         2466    i.list_mailbox      cmd.o
    0x08005140   0x0000013c   Code   RO         2467    i.list_memheap      cmd.o
    0x0800527c   0x0000018c   Code   RO         2468    i.list_mempool      cmd.o
    0x08005408   0x00000160   Code   RO         2469    i.list_msgqueue     cmd.o
    0x08005568   0x000001ac   Code   RO         2470    i.list_mutex        cmd.o
    0x08005714   0x00000154   Code   RO         2471    i.list_sem          cmd.o
    0x08005868   0x00000228   Code   RO         2472    i.list_thread       cmd.o
    0x08005a90   0x000001c0   Code   RO         2473    i.list_timer        cmd.o
    0x08005c50   0x0000002c   Code   RO            4    i.main              main.o
    0x08005c7c   0x0000000e   Code   RO         2636    i.main_thread_entry  components.o
    0x08005c8a   0x00000002   PAD
    0x08005c8c   0x000000e8   Code   RO         4635    i.mem_manage_fault_track  cpuport.o
    0x08005d74   0x00000084   Code   RO         2340    i.msh_auto_complete  msh.o
    0x08005df8   0x00000038   Code   RO         2341    i.msh_cmd_opt_id_get  msh.o
    0x08005e30   0x00000070   Code   RO         2342    i.msh_exec          msh.o
    0x08005ea0   0x0000002c   Code   RO         2343    i.msh_get_argc      msh.o
    0x08005ecc   0x00000040   Code   RO         2344    i.msh_get_cmd       msh.o
    0x08005f0c   0x0000005c   Code   RO         2345    i.msh_get_cmd_opt   msh.o
    0x08005f68   0x00000064   Code   RO         2346    i.msh_help          msh.o
    0x08005fcc   0x0000003c   Code   RO         2434    i.msh_isint         msh_parse.o
    0x08006008   0x0000006e   Code   RO         2347    i.msh_opt_auto_complete  msh.o
    0x08006076   0x00000002   PAD
    0x08006078   0x00000074   Code   RO         2348    i.msh_opt_complete  msh.o
    0x080060ec   0x00000034   Code   RO         2349    i.msh_opt_help      msh.o
    0x08006120   0x00000030   Code   RO         2350    i.msh_opt_list_dump  msh.o
    0x08006150   0x000000f0   Code   RO         2351    i.msh_split         msh.o
    0x08006240   0x0000001c   Code   RO         2474    i.object_split      cmd.o
    0x0800625c   0x000000e8   Code   RO         3710    i.plug_holes        mem.o
    0x08006344   0x0000022c   Code   RO         3344    i.print_number      kstdio.o
    0x08006570   0x0000000c   Code   RO         1993    i.reboot            drv_common.o
    0x0800657c   0x00000050   Code   RO         2637    i.rt_application_init  components.o
    0x080065cc   0x00000078   Code   RO         3476    i.rt_assert_handler  kservice.o
    0x08006644   0x0000002c   Code   RO         3478    i.rt_backtrace      kservice.o
    0x08006670   0x00000070   Code   RO         3479    i.rt_backtrace_frame  kservice.o
    0x080066e0   0x00000024   Code   RO         3480    i.rt_backtrace_thread  kservice.o
    0x08006704   0x00000022   Code   RO         3481    i.rt_calloc         kservice.o
    0x08006726   0x0000000c   Code   RO          849    i.rt_completion_done  completion.o
    0x08006732   0x00000002   PAD
    0x08006734   0x00000034   Code   RO          850    i.rt_completion_init  completion.o
    0x08006768   0x000001f8   Code   RO          851    i.rt_completion_wait  completion.o
    0x08006960   0x0000001c   Code   RO         2638    i.rt_components_board_init  components.o
    0x0800697c   0x0000001c   Code   RO         2639    i.rt_components_init  components.o
    0x08006998   0x0000000c   Code   RO         3482    i.rt_console_get_device  kservice.o
    0x080069a4   0x0000003c   Code   RO         3483    i.rt_console_set_device  kservice.o
    0x080069e0   0x0000000c   Code   RO         4107    i.rt_critical_level  scheduler_up.o
    0x080069ec   0x0000008c   Code   RO          900    i.rt_data_queue_deinit  dataqueue.o
    0x08006a78   0x000000a8   Code   RO          901    i.rt_data_queue_init  dataqueue.o
    0x08006b20   0x000000bc   Code   RO          902    i.rt_data_queue_len  dataqueue.o
    0x08006bdc   0x000000ac   Code   RO          903    i.rt_data_queue_peek  dataqueue.o
    0x08006c88   0x000002cc   Code   RO          904    i.rt_data_queue_pop  dataqueue.o
    0x08006f54   0x00000264   Code   RO          905    i.rt_data_queue_push  dataqueue.o
    0x080071b8   0x000000c4   Code   RO          906    i.rt_data_queue_reset  dataqueue.o
    0x0800727c   0x0000003e   Code   RO         2704    i.rt_defunct_execute  idle.o
    0x080072ba   0x00000002   PAD
    0x080072bc   0x000000b0   Code   RO          760    i.rt_device_close   device.o
    0x0800736c   0x0000000e   Code   RO          764    i.rt_device_find    device.o
    0x0800737a   0x00000002   PAD
    0x0800737c   0x00000194   Code   RO          766    i.rt_device_open    device.o
    0x08007510   0x00000048   Code   RO         1480    i.rt_device_pin_register  pin.o
    0x08007558   0x000000b4   Code   RO          767    i.rt_device_read    device.o
    0x0800760c   0x00000034   Code   RO          768    i.rt_device_register  device.o
    0x08007640   0x00000080   Code   RO          769    i.rt_device_set_rx_indicate  device.o
    0x080076c0   0x000000b4   Code   RO          772    i.rt_device_write   device.o
    0x08007774   0x0000000c   Code   RO         1595    i.rt_dma_calc_recved_len  serial.o
    0x08007780   0x0000009c   Code   RO         1596    i.rt_dma_recv_update_get_index  serial.o
    0x0800781c   0x000000a8   Code   RO         1597    i.rt_dma_recv_update_put_index  serial.o
    0x080078c4   0x00000028   Code   RO         4108    i.rt_enter_critical  scheduler_up.o
    0x080078ec   0x00000044   Code   RO         4109    i.rt_exit_critical  scheduler_up.o
    0x08007930   0x00000094   Code   RO         4110    i.rt_exit_critical_safe  scheduler_up.o
    0x080079c4   0x00000034   Code   RO         3484    i.rt_free           kservice.o
    0x080079f8   0x00000016   Code   RO         4534    i.rt_hw_atomic_add  atomic_arm.o
    0x08007a0e   0x00000012   Code   RO         4540    i.rt_hw_atomic_load  atomic_arm.o
    0x08007a20   0x00000016   Code   RO         4543    i.rt_hw_atomic_sub  atomic_arm.o
    0x08007a36   0x00000002   PAD
    0x08007a38   0x00000064   Code   RO         3488    i.rt_hw_backtrace_frame_get  kservice.o
    0x08007a9c   0x00000064   Code   RO         3489    i.rt_hw_backtrace_frame_unwind  kservice.o
    0x08007b00   0x00000038   Code   RO         1994    i.rt_hw_board_init  drv_common.o
    0x08007b38   0x00000002   Code   RO         3490    i.rt_hw_console_output  kservice.o
    0x08007b3a   0x00000002   PAD
    0x08007b3c   0x00000010   Code   RO         4636    i.rt_hw_cpu_reset   cpuport.o
    0x08007b4c   0x00000208   Code   RO         4638    i.rt_hw_hard_fault_exception  cpuport.o
    0x08007d54   0x000000a0   Code   RO         1715    i.rt_hw_pin_init    drv_gpio.o
    0x08007df4   0x00000204   Code   RO         1598    i.rt_hw_serial_isr  serial.o
    0x08007ff8   0x00000084   Code   RO         1599    i.rt_hw_serial_register  serial.o
    0x0800807c   0x0000004c   Code   RO         4639    i.rt_hw_stack_init  cpuport.o
    0x080080c8   0x00000060   Code   RO         1995    i.rt_hw_systick_init  drv_common.o
    0x08008128   0x000000dc   Code   RO         1828    i.rt_hw_usart_init  drv_usart.o
    0x08008204   0x00000024   Code   RO         3300    i.rt_interrupt_enter  irq.o
    0x08008228   0x00000020   Code   RO         3302    i.rt_interrupt_get_nest  irq.o
    0x08008248   0x00000024   Code   RO         3303    i.rt_interrupt_leave  irq.o
    0x0800826c   0x00000038   Code   RO         3495    i.rt_kprintf        kservice.o
    0x080082a4   0x00000006   Code   RO          907    i.rt_list_init      dataqueue.o
    0x080082aa   0x00000006   Code   RO         2793    i.rt_list_init      ipc.o
    0x080082b0   0x00000006   Code   RO         4111    i.rt_list_init      scheduler_up.o
    0x080082b6   0x00000006   Code   RO         4400    i.rt_list_init      timer.o
    0x080082bc   0x0000000e   Code   RO         2794    i.rt_list_insert_after  ipc.o
    0x080082ca   0x0000000e   Code   RO         3879    i.rt_list_insert_after  object.o
    0x080082d8   0x0000000e   Code   RO         4401    i.rt_list_insert_after  timer.o
    0x080082e6   0x0000000e   Code   RO         2795    i.rt_list_insert_before  ipc.o
    0x080082f4   0x00000010   Code   RO         2475    i.rt_list_isempty   cmd.o
    0x08008304   0x00000010   Code   RO         2796    i.rt_list_isempty   ipc.o
    0x08008314   0x00000010   Code   RO         4402    i.rt_list_isempty   timer.o
    0x08008324   0x00000014   Code   RO         2476    i.rt_list_len       cmd.o
    0x08008338   0x00000012   Code   RO         2797    i.rt_list_remove    ipc.o
    0x0800834a   0x00000012   Code   RO         3880    i.rt_list_remove    object.o
    0x0800835c   0x00000012   Code   RO         4403    i.rt_list_remove    timer.o
    0x0800836e   0x00000002   PAD
    0x08008370   0x0000003c   Code   RO         3497    i.rt_malloc         kservice.o
    0x080083ac   0x00000080   Code   RO         3386    i.rt_memcpy         kstring.o
    0x0800842c   0x00000042   Code   RO         3387    i.rt_memmove        kstring.o
    0x0800846e   0x00000002   PAD
    0x08008470   0x00000044   Code   RO         3500    i.rt_memory_info    kservice.o
    0x080084b4   0x00000060   Code   RO         3388    i.rt_memset         kstring.o
    0x08008514   0x000001b4   Code   RO         2832    i.rt_mutex_drop_thread  ipc.o
    0x080086c8   0x00000064   Code   RO         2834    i.rt_mutex_init     ipc.o
    0x0800872c   0x00000230   Code   RO         2835    i.rt_mutex_release  ipc.o
    0x0800895c   0x00000012   Code   RO         2837    i.rt_mutex_take     ipc.o
    0x0800896e   0x00000002   PAD
    0x08008970   0x000000e8   Code   RO         3881    i.rt_object_allocate  object.o
    0x08008a58   0x000000d8   Code   RO         3883    i.rt_object_delete  object.o
    0x08008b30   0x00000090   Code   RO         3884    i.rt_object_detach  object.o
    0x08008bc0   0x000000b0   Code   RO         3886    i.rt_object_find    object.o
    0x08008c70   0x00000030   Code   RO         3887    i.rt_object_get_information  object.o
    0x08008ca0   0x00000034   Code   RO         3891    i.rt_object_get_type  object.o
    0x08008cd4   0x000000c8   Code   RO         3892    i.rt_object_init    object.o
    0x08008d9c   0x0000003c   Code   RO         3893    i.rt_object_is_systemobject  object.o
    0x08008dd8   0x00000050   Code   RO         1483    i.rt_pin_get        pin.o
    0x08008e28   0x00000048   Code   RO         1485    i.rt_pin_mode       pin.o
    0x08008e70   0x00000044   Code   RO         1486    i.rt_pin_read       pin.o
    0x08008eb4   0x00000048   Code   RO         1487    i.rt_pin_write      pin.o
    0x08008efc   0x000000c0   Code   RO         4112    i.rt_sched_insert_thread  scheduler_up.o
    0x08008fbc   0x00000018   Code   RO         4113    i.rt_sched_lock     scheduler_up.o
    0x08008fd4   0x0000007c   Code   RO         4114    i.rt_sched_remove_thread  scheduler_up.o
    0x08009050   0x00000008   Code   RO         4115    i.rt_sched_thread_bind_cpu  scheduler_up.o
    0x08009058   0x0000007c   Code   RO         4018    i.rt_sched_thread_change_priority  scheduler_comm.o
    0x080090d4   0x0000000c   Code   RO         4019    i.rt_sched_thread_close  scheduler_comm.o
    0x080090e0   0x00000008   Code   RO         4020    i.rt_sched_thread_get_curr_prio  scheduler_comm.o
    0x080090e8   0x00000008   Code   RO         4021    i.rt_sched_thread_get_init_prio  scheduler_comm.o
    0x080090f0   0x0000000c   Code   RO         4022    i.rt_sched_thread_get_stat  scheduler_comm.o
    0x080090fc   0x0000001a   Code   RO         4023    i.rt_sched_thread_init_ctx  scheduler_comm.o
    0x08009116   0x00000002   PAD
    0x08009118   0x0000005c   Code   RO         4116    i.rt_sched_thread_init_priv  scheduler_up.o
    0x08009174   0x0000000c   Code   RO         4024    i.rt_sched_thread_is_suspended  scheduler_comm.o
    0x08009180   0x0000004a   Code   RO         4025    i.rt_sched_thread_ready  scheduler_comm.o
    0x080091ca   0x00000012   Code   RO         4117    i.rt_sched_thread_startup  scheduler_up.o
    0x080091dc   0x00000014   Code   RO         4026    i.rt_sched_thread_timer_start  scheduler_comm.o
    0x080091f0   0x0000002c   Code   RO         4027    i.rt_sched_thread_timer_stop  scheduler_comm.o
    0x0800921c   0x00000016   Code   RO         4028    i.rt_sched_thread_yield  scheduler_comm.o
    0x08009232   0x00000030   Code   RO         4029    i.rt_sched_tick_increase  scheduler_comm.o
    0x08009262   0x0000000e   Code   RO         4118    i.rt_sched_unlock   scheduler_up.o
    0x08009270   0x00000018   Code   RO         4119    i.rt_sched_unlock_n_resched  scheduler_up.o
    0x08009288   0x00000158   Code   RO         4120    i.rt_schedule       scheduler_up.o
    0x080093e0   0x00000118   Code   RO         4030    i.rt_scheduler_stack_check  scheduler_comm.o
    0x080094f8   0x000000c0   Code   RO         2845    i.rt_sem_init       ipc.o
    0x080095b8   0x000000b0   Code   RO         2846    i.rt_sem_release    ipc.o
    0x08009668   0x00000012   Code   RO         2847    i.rt_sem_take       ipc.o
    0x0800967a   0x00000002   PAD
    0x0800967c   0x000001ac   Code   RO         1600    i.rt_serial_close   serial.o
    0x08009828   0x000000c4   Code   RO         1601    i.rt_serial_control  serial.o
    0x080098ec   0x00000054   Code   RO         1602    i.rt_serial_init    serial.o
    0x08009940   0x000002ac   Code   RO         1603    i.rt_serial_open    serial.o
    0x08009bec   0x0000006c   Code   RO         1604    i.rt_serial_read    serial.o
    0x08009c58   0x0000006c   Code   RO         1605    i.rt_serial_write   serial.o
    0x08009cc4   0x0000002c   Code   RO         3504    i.rt_set_errno      kservice.o
    0x08009cf0   0x000000c4   Code   RO         3505    i.rt_show_version   kservice.o
    0x08009db4   0x0000025c   Code   RO         3711    i.rt_smem_alloc     mem.o
    0x0800a010   0x000001a0   Code   RO         3713    i.rt_smem_free      mem.o
    0x0800a1b0   0x000000f0   Code   RO         3714    i.rt_smem_init      mem.o
    0x0800a2a0   0x00000028   Code   RO         3345    i.rt_snprintf       kstdio.o
    0x0800a2c8   0x0000000a   Code   RO         2851    i.rt_spin_lock      ipc.o
    0x0800a2d2   0x0000000e   Code   RO          853    i.rt_spin_lock_irqsave  completion.o
    0x0800a2e0   0x0000000e   Code   RO          908    i.rt_spin_lock_irqsave  dataqueue.o
    0x0800a2ee   0x0000000e   Code   RO         1606    i.rt_spin_lock_irqsave  serial.o
    0x0800a2fc   0x0000000e   Code   RO         2477    i.rt_spin_lock_irqsave  cmd.o
    0x0800a30a   0x0000000e   Code   RO         2705    i.rt_spin_lock_irqsave  idle.o
    0x0800a318   0x0000000e   Code   RO         2852    i.rt_spin_lock_irqsave  ipc.o
    0x0800a326   0x0000000e   Code   RO         3897    i.rt_spin_lock_irqsave  object.o
    0x0800a334   0x0000000e   Code   RO         4404    i.rt_spin_lock_irqsave  timer.o
    0x0800a342   0x0000000a   Code   RO         2853    i.rt_spin_unlock    ipc.o
    0x0800a34c   0x0000000e   Code   RO          854    i.rt_spin_unlock_irqrestore  completion.o
    0x0800a35a   0x0000000e   Code   RO          909    i.rt_spin_unlock_irqrestore  dataqueue.o
    0x0800a368   0x0000000e   Code   RO         1607    i.rt_spin_unlock_irqrestore  serial.o
    0x0800a376   0x0000000e   Code   RO         2478    i.rt_spin_unlock_irqrestore  cmd.o
    0x0800a384   0x0000000e   Code   RO         2706    i.rt_spin_unlock_irqrestore  idle.o
    0x0800a392   0x0000000e   Code   RO         2854    i.rt_spin_unlock_irqrestore  ipc.o
    0x0800a3a0   0x0000000e   Code   RO         3898    i.rt_spin_unlock_irqrestore  object.o
    0x0800a3ae   0x0000000e   Code   RO         4405    i.rt_spin_unlock_irqrestore  timer.o
    0x0800a3bc   0x0000001c   Code   RO         3390    i.rt_strcmp         kstring.o
    0x0800a3d8   0x00000038   Code   RO         3506    i.rt_strerror       kservice.o
    0x0800a410   0x00000014   Code   RO         3393    i.rt_strlen         kstring.o
    0x0800a424   0x00000028   Code   RO         3394    i.rt_strncmp        kstring.o
    0x0800a44c   0x00000034   Code   RO         3395    i.rt_strncpy        kstring.o
    0x0800a480   0x00000064   Code   RO         2855    i.rt_susp_list_dequeue  ipc.o
    0x0800a4e4   0x00000084   Code   RO         2856    i.rt_susp_list_enqueue  ipc.o
    0x0800a568   0x00000044   Code   RO         2857    i.rt_susp_list_print  ipc.o
    0x0800a5ac   0x00000030   Code   RO         2859    i.rt_susp_list_resume_all_irq  ipc.o
    0x0800a5dc   0x00000010   Code   RO         3507    i.rt_system_heap_init  kservice.o
    0x0800a5ec   0x00000030   Code   RO         4123    i.rt_system_scheduler_init  scheduler_up.o
    0x0800a61c   0x00000028   Code   RO         4124    i.rt_system_scheduler_start  scheduler_up.o
    0x0800a644   0x00000020   Code   RO         4406    i.rt_system_timer_init  timer.o
    0x0800a664   0x00000002   Code   RO         4407    i.rt_system_timer_thread_init  timer.o
    0x0800a666   0x00000002   PAD
    0x0800a668   0x000000b8   Code   RO         4240    i.rt_thread_control  thread.o
    0x0800a720   0x00000074   Code   RO         4241    i.rt_thread_create  thread.o
    0x0800a794   0x0000003c   Code   RO         2707    i.rt_thread_defunct_dequeue  idle.o
    0x0800a7d0   0x00000034   Code   RO         2708    i.rt_thread_defunct_enqueue  idle.o
    0x0800a804   0x0000009c   Code   RO         4244    i.rt_thread_delete  thread.o
    0x0800a8a0   0x00000090   Code   RO         4245    i.rt_thread_detach  thread.o
    0x0800a930   0x00000070   Code   RO         2711    i.rt_thread_idle_init  idle.o
    0x0800a9a0   0x0000009c   Code   RO         4248    i.rt_thread_init    thread.o
    0x0800aa3c   0x00000014   Code   RO         4249    i.rt_thread_mdelay  thread.o
    0x0800aa50   0x00000080   Code   RO         4250    i.rt_thread_resume  thread.o
    0x0800aad0   0x0000000c   Code   RO         4252    i.rt_thread_self    thread.o
    0x0800aadc   0x00000070   Code   RO         4253    i.rt_thread_startup  thread.o
    0x0800ab4c   0x000000f8   Code   RO         4256    i.rt_thread_suspend_to_list  thread.o
    0x0800ac44   0x00000014   Code   RO         4257    i.rt_thread_suspend_with_flag  thread.o
    0x0800ac58   0x00000038   Code   RO         2590    i.rt_tick_from_millisecond  clock.o
    0x0800ac90   0x00000010   Code   RO         2591    i.rt_tick_get       clock.o
    0x0800aca0   0x00000060   Code   RO         2593    i.rt_tick_increase  clock.o
    0x0800ad00   0x00000130   Code   RO         4408    i.rt_timer_check    timer.o
    0x0800ae30   0x0000015c   Code   RO         4409    i.rt_timer_control  timer.o
    0x0800af8c   0x000000f0   Code   RO         4412    i.rt_timer_detach   timer.o
    0x0800b07c   0x000000a4   Code   RO         4415    i.rt_timer_init     timer.o
    0x0800b120   0x00000128   Code   RO         4417    i.rt_timer_start    timer.o
    0x0800b248   0x000000d4   Code   RO         4418    i.rt_timer_stop     timer.o
    0x0800b31c   0x00000428   Code   RO         3347    i.rt_vsnprintf      kstdio.o
    0x0800b744   0x00000004   Code   RO         2640    i.rti_board_end     components.o
    0x0800b748   0x00000004   Code   RO         2641    i.rti_board_start   components.o
    0x0800b74c   0x00000004   Code   RO         2642    i.rti_end           components.o
    0x0800b750   0x00000004   Code   RO         2643    i.rti_start         components.o
    0x0800b754   0x0000002a   Code   RO         2644    i.rtthread_startup  components.o
    0x0800b77e   0x00000002   PAD
    0x0800b780   0x00000034   Code   RO         2228    i.shell_auto_complete  shell.o
    0x0800b7b4   0x00000030   Code   RO         2229    i.shell_handle_history  shell.o
    0x0800b7e4   0x000000dc   Code   RO         2230    i.shell_push_history  shell.o
    0x0800b8c0   0x00000026   Code   RO         3349    i.skip_atoi         kstdio.o
    0x0800b8e6   0x00000002   PAD
    0x0800b8e8   0x00000144   Code   RO         1829    i.stm32_configure   drv_usart.o
    0x0800ba2c   0x00000150   Code   RO         1830    i.stm32_control     drv_usart.o
    0x0800bb7c   0x000001bc   Code   RO         1831    i.stm32_dma_config  drv_usart.o
    0x0800bd38   0x00000078   Code   RO         1832    i.stm32_dma_transmit  drv_usart.o
    0x0800bdb0   0x0000004c   Code   RO         1833    i.stm32_getc        drv_usart.o
    0x0800bdfc   0x000000cc   Code   RO         1716    i.stm32_pin_attach_irq  drv_gpio.o
    0x0800bec8   0x0000008c   Code   RO         1717    i.stm32_pin_dettach_irq  drv_gpio.o
    0x0800bf54   0x00000098   Code   RO         1718    i.stm32_pin_get     drv_gpio.o
    0x0800bfec   0x000001c8   Code   RO         1719    i.stm32_pin_irq_enable  drv_gpio.o
    0x0800c1b4   0x00000080   Code   RO         1720    i.stm32_pin_mode    drv_gpio.o
    0x0800c234   0x0000004c   Code   RO         1721    i.stm32_pin_read    drv_gpio.o
    0x0800c280   0x0000003c   Code   RO         1722    i.stm32_pin_write   drv_gpio.o
    0x0800c2bc   0x00000050   Code   RO         1834    i.stm32_putc        drv_usart.o
    0x0800c30c   0x00000010   Code   RO         1835    i.stm32_uart_get_dma_config  drv_usart.o
    0x0800c31c   0x00000020   Code   RO         1836    i.stm32_uart_get_mask  drv_usart.o
    0x0800c33c   0x00000020   Code   RO         2352    i.str_common        msh.o
    0x0800c35c   0x0000017c   Code   RO         1837    i.uart_isr          drv_usart.o
    0x0800c4d8   0x000000e8   Code   RO         4640    i.usage_fault_track  cpuport.o
    0x0800c5c0   0x0000000a   Code   RO         2479    i.version           cmd.o
    0x0800c5ca   0x00000002   PAD
    0x0800c5cc   0x0000002c   Code   RO         5960    locale$$code        c_w.l(lc_ctype_c.o)
    0x0800c5f8   0x000000ba   Data   RO          773    .constdata          device.o
    0x0800c6b2   0x00000037   Data   RO          855    .constdata          completion.o
    0x0800c6e9   0x00000086   Data   RO          910    .constdata          dataqueue.o
    0x0800c76f   0x00000088   Data   RO         1489    .constdata          pin.o
    0x0800c7f7   0x0000012a   Data   RO         1608    .constdata          serial.o
    0x0800c921   0x00000003   PAD
    0x0800c924   0x0000005c   Data   RO         1723    .constdata          drv_gpio.o
    0x0800c980   0x00000110   Data   RO         1839    .constdata          drv_usart.o
    0x0800ca90   0x00000087   Data   RO         2232    .constdata          shell.o
    0x0800cb17   0x0000000e   Data   RO         2353    .constdata          msh.o
    0x0800cb25   0x00000003   PAD
    0x0800cb28   0x0000007c   Data   RO         2480    .constdata          cmd.o
    0x0800cba4   0x00000011   Data   RO         2596    .constdata          clock.o
    0x0800cbb5   0x00000014   Data   RO         2645    .constdata          components.o
    0x0800cbc9   0x0000026e   Data   RO         2860    .constdata          ipc.o
    0x0800ce37   0x00000022   Data   RO         3350    .constdata          kstdio.o
    0x0800ce59   0x00000079   Data   RO         3509    .constdata          kservice.o
    0x0800ced2   0x00000045   Data   RO         3716    .constdata          mem.o
    0x0800cf17   0x00000080   Data   RO         3899    .constdata          object.o
    0x0800cf97   0x00000039   Data   RO         4031    .constdata          scheduler_comm.o
    0x0800cfd0   0x0000005e   Data   RO         4126    .constdata          scheduler_up.o
    0x0800d02e   0x000000df   Data   RO         4259    .constdata          thread.o
    0x0800d10d   0x0000007b   Data   RO         4419    .constdata          timer.o
    0x0800d188   0x00000018   Data   RO         5233    .constdata          system_stm32f1xx.o
    0x0800d1a0   0x00000098   Data   RO         1490    .conststring        pin.o
    0x0800d238   0x00000063   Data   RO         1609    .conststring        serial.o
    0x0800d29b   0x00000001   PAD
    0x0800d29c   0x00000006   Data   RO         1840    .conststring        drv_usart.o
    0x0800d2a2   0x00000002   PAD
    0x0800d2a4   0x000002f0   Data   RO         2481    .conststring        cmd.o
    0x0800d594   0x0000008b   Data   RO         2861    .conststring        ipc.o
    0x0800d61f   0x00000001   PAD
    0x0800d620   0x000000ec   Data   RO         3510    .conststring        kservice.o
    0x0800d70c   0x000001a8   Data   RO         3717    .conststring        mem.o
    0x0800d8b4   0x00000086   Data   RO         4260    .conststring        thread.o
    0x0800d93a   0x00000011   Data   RO         1491    .rodata.name        pin.o
    0x0800d94b   0x00000015   Data   RO         1998    .rodata.name        drv_common.o
    0x0800d960   0x00000061   Data   RO         2354    .rodata.name        msh.o
    0x0800d9c1   0x0000005d   Data   RO         2483    .rodata.name        cmd.o
    0x0800da1e   0x00000026   Data   RO         3512    .rodata.name        kservice.o
    0x0800da44   0x00000004   Data   RO         2646    .rti_fn.0           components.o
    0x0800da48   0x00000004   Data   RO         2647    .rti_fn.0.end       components.o
    0x0800da4c   0x00000004   Data   RO         2648    .rti_fn.1.end       components.o
    0x0800da50   0x00000004   Data   RO         2234    .rti_fn.6           shell.o
    0x0800da54   0x00000004   Data   RO         2649    .rti_fn.6.end       components.o
    0x0800da58   0x00000010   Data   RO         1492    FSymTab             pin.o
    0x0800da68   0x00000010   Data   RO         1999    FSymTab             drv_common.o
    0x0800da78   0x00000030   Data   RO         2355    FSymTab             msh.o
    0x0800daa8   0x00000030   Data   RO         2484    FSymTab             cmd.o
    0x0800dad8   0x00000010   Data   RO         3513    FSymTab             kservice.o
    0x0800dae8   0x00000000   Data   RO         6109    Region$$Table       anon$$obj.o
    0x0800dae8   0x00000110   Data   RO         5959    locale$$data        c_w.l(lc_ctype_c.o)


    Execution Region RW_IRAM1 (Base: 0x20000000, Size: 0x00000de8, Max: 0x00005000, ABSOLUTE)

    Base Addr    Size         Type   Attr      Idx    E Section Name        Object

    0x20000000   0x00000008   Data   RW          856    .data               completion.o
    0x20000008   0x00000004   Data   RW         1610    .data               serial.o
    0x2000000c   0x00000104   Data   RW         1724    .data               drv_gpio.o
    0x20000110   0x00000014   Data   RW         1841    .data               drv_usart.o
    0x20000124   0x00000004   Data   RW         1997    .data               drv_common.o
    0x20000128   0x00000014   Data   RW         2233    .data               shell.o
    0x2000013c   0x00000084   Data   RW         2482    .data               cmd.o
    0x200001c0   0x00000008   Data   RW         2597    .data               clock.o
    0x200001c8   0x00000018   Data   RW         2714    .data               idle.o
    0x200001e0   0x0000000c   Data   RW         3305    .data               irq.o
    0x200001ec   0x00000098   Data   RW         3511    .data               kservice.o
    0x20000284   0x00000134   Data   RW         3900    .data               object.o
    0x200003b8   0x0000001c   Data   RW         4127    .data               scheduler_up.o
    0x200003d4   0x00000008   Data   RW         4261    .data               thread.o
    0x200003dc   0x0000001c   Data   RW         4420    .data               timer.o
    0x200003f8   0x00000010   Data   RW         4641    .data               cpuport.o
    0x20000408   0x00000004   Data   RW         5234    .data               system_stm32f1xx.o
    0x2000040c   0x00000009   Data   RW         5660    .data               stm32f1xx_hal.o
    0x20000415   0x00000003   PAD
    0x20000418   0x00000048   Zero   RW         1488    .bss                pin.o
    0x20000460   0x00000144   Zero   RW         1838    .bss                drv_usart.o
    0x200005a4   0x00000081   Zero   RW         2231    .bss                shell.o
    0x20000625   0x00000003   PAD
    0x20000628   0x000001a8   Zero   RW         2713    .bss                idle.o
    0x200007d0   0x000000b4   Zero   RW         3508    .bss                kservice.o
    0x20000884   0x00000100   Zero   RW         4125    .bss                scheduler_up.o
    0x20000984   0x00000060   Zero   RW         5965    .bss                c_w.l(libspace.o)
    0x200009e4   0x00000004   PAD
    0x200009e8   0x00000000   Zero   RW         2087    HEAP                startup_stm32f103xb.o
    0x200009e8   0x00000400   Zero   RW         2086    STACK               startup_stm32f103xb.o

