Component: ARM Compiler 5.06 update 1 (build 61) Tool: armlink [4d35a8]

==============================================================================

Section Cross References

    main.o(i.main) refers to fal.o(i.fal_init) for fal_init
    main.o(i.main) refers to pin.o(i.rt_pin_mode) for rt_pin_mode
    main.o(i.main) refers to pin.o(i.rt_pin_write) for rt_pin_write
    main.o(i.main) refers to thread.o(i.rt_thread_mdelay) for rt_thread_mdelay
    syscall_mem.o(i.calloc) refers (Special) to hguard.o(.text) for __use_no_heap
    syscall_mem.o(i.calloc) refers to kservice.o(i.rt_calloc) for rt_calloc
    syscall_mem.o(i.free) refers (Special) to hguard.o(.text) for __use_no_heap
    syscall_mem.o(i.free) refers to kservice.o(i.rt_free) for rt_free
    syscall_mem.o(i.malloc) refers (Special) to hguard.o(.text) for __use_no_heap
    syscall_mem.o(i.malloc) refers to kservice.o(i.rt_malloc) for rt_malloc
    syscall_mem.o(i.realloc) refers (Special) to hguard.o(.text) for __use_no_heap
    syscall_mem.o(i.realloc) refers to kservice.o(i.rt_realloc) for rt_realloc
    syscalls.o(i._sys_close) refers (Special) to use_no_semi.o(.text) for __use_no_semihosting_swi
    syscalls.o(i._sys_command_string) refers (Special) to use_no_semi.o(.text) for __use_no_semihosting_swi
    syscalls.o(i._sys_ensure) refers (Special) to use_no_semi.o(.text) for __use_no_semihosting_swi
    syscalls.o(i._sys_exit) refers (Special) to use_no_semi.o(.text) for __use_no_semihosting_swi
    syscalls.o(i._sys_exit) refers to cstdlib.o(i.__rt_libc_exit) for __rt_libc_exit
    syscalls.o(i._sys_flen) refers (Special) to use_no_semi.o(.text) for __use_no_semihosting_swi
    syscalls.o(i._sys_istty) refers (Special) to use_no_semi.o(.text) for __use_no_semihosting_swi
    syscalls.o(i._sys_open) refers (Special) to use_no_semi.o(.text) for __use_no_semihosting_swi
    syscalls.o(i._sys_open) refers to strcmpv7m.o(.text) for strcmp
    syscalls.o(i._sys_open) refers to syscalls.o(.constdata) for __stdin_name
    syscalls.o(i._sys_read) refers (Special) to use_no_semi.o(.text) for __use_no_semihosting_swi
    syscalls.o(i._sys_seek) refers (Special) to use_no_semi.o(.text) for __use_no_semihosting_swi
    syscalls.o(i._sys_tmpnam) refers (Special) to use_no_semi.o(.text) for __use_no_semihosting_swi
    syscalls.o(i._sys_tmpnam) refers to kstdio.o(i.rt_snprintf) for rt_snprintf
    syscalls.o(i._sys_write) refers (Special) to use_no_semi.o(.text) for __use_no_semihosting_swi
    syscalls.o(i._sys_write) refers to kservice.o(i.rt_console_get_device) for rt_console_get_device
    syscalls.o(i._sys_write) refers to device.o(i.rt_device_write) for rt_device_write
    syscalls.o(i._ttywrch) refers (Special) to use_no_semi.o(.text) for __use_no_semihosting_swi
    syscalls.o(i._ttywrch) refers to kservice.o(i.rt_kprintf) for rt_kprintf
    syscalls.o(i.remove) refers (Special) to use_no_semi.o(.text) for __use_no_semihosting_swi
    syscalls.o(.constdata) refers (Special) to use_no_semi.o(.text) for __use_no_semihosting_swi
    cstdlib.o(i.__rt_libc_exit) refers to thread.o(i.rt_thread_self) for rt_thread_self
    cstdlib.o(i.__rt_libc_exit) refers to thread.o(i.rt_thread_control) for rt_thread_control
    cstdlib.o(i.itoa) refers to cstdlib.o(i.ltoa) for ltoa
    cstdlib.o(i.utoa) refers to cstdlib.o(i.ultoa) for ultoa
    cstring.o(i.bcmp) refers to kstring.o(i.rt_memcmp) for rt_memcmp
    cstring.o(i.bcopy) refers to kstring.o(i.rt_memcpy) for rt_memcpy
    cstring.o(i.bzero) refers to kstring.o(i.rt_memset) for rt_memset
    cstring.o(i.index) refers to strchr.o(.text) for strchr
    cstring.o(i.rindex) refers to strrchr.o(.text) for strrchr
    cstring.o(i.strcasecmp) refers to tolower.o(.text) for tolower
    cstring.o(i.strdup) refers to strlen.o(.text) for strlen
    cstring.o(i.strdup) refers to syscall_mem.o(i.malloc) for malloc
    cstring.o(i.strdup) refers to strcpy.o(.text) for strcpy
    cstring.o(i.strncasecmp) refers to tolower.o(.text) for tolower
    cstring.o(i.strndup) refers to cstring.o(i.strnlen) for strnlen
    cstring.o(i.strndup) refers to syscall_mem.o(i.malloc) for malloc
    cstring.o(i.strndup) refers to kstring.o(i.rt_memcpy) for rt_memcpy
    cstring.o(i.strtok_r) refers to strchr.o(.text) for strchr
    ctime.o(i.asctime) refers to ctime.o(i.asctime_r) for asctime_r
    ctime.o(i.asctime) refers to ctime.o(.bss) for buf
    ctime.o(i.asctime_r) refers to kservice.o(i.rt_set_errno) for rt_set_errno
    ctime.o(i.asctime_r) refers to kstring.o(i.rt_memset) for rt_memset
    ctime.o(i.asctime_r) refers to strlen.o(.text) for strlen
    ctime.o(i.asctime_r) refers to ctime.o(i.num2str) for num2str
    ctime.o(i.asctime_r) refers to ctime.o(.data) for days
    ctime.o(i.clock) refers to clock.o(i.rt_tick_get) for rt_tick_get
    ctime.o(i.ctime) refers to ctime.o(i.localtime) for localtime
    ctime.o(i.ctime) refers to ctime.o(i.asctime) for asctime
[...]
    __rt_lib_init_signal_1                   0x080001e7   Thumb Code     0  libinit2.o(.ARM.Collect$$libinit$$0000001D)
    __rt_lib_init_stdio_1                    0x080001e7   Thumb Code     0  libinit2.o(.ARM.Collect$$libinit$$00000025)
    __rt_lib_init_user_alloc_1               0x080001e7   Thumb Code     0  libinit2.o(.ARM.Collect$$libinit$$0000000C)
    __rt_lib_shutdown                        0x080001e9   Thumb Code     0  libshutdown.o(.ARM.Collect$$libshutdown$$00000000)
    __rt_lib_shutdown_cpp_1                  0x080001eb   Thumb Code     0  libshutdown2.o(.ARM.Collect$$libshutdown$$00000002)
    __rt_lib_shutdown_fp_trap_1              0x080001eb   Thumb Code     0  libshutdown2.o(.ARM.Collect$$libshutdown$$00000007)
    __rt_lib_shutdown_heap_1                 0x080001eb   Thumb Code     0  libshutdown2.o(.ARM.Collect$$libshutdown$$0000000F)
    __rt_lib_shutdown_return                 0x080001eb   Thumb Code     0  libshutdown2.o(.ARM.Collect$$libshutdown$$00000010)
    __rt_lib_shutdown_signal_1               0x080001eb   Thumb Code     0  libshutdown2.o(.ARM.Collect$$libshutdown$$0000000A)
    __rt_lib_shutdown_stdio_1                0x080001eb   Thumb Code     0  libshutdown2.o(.ARM.Collect$$libshutdown$$00000004)
    __rt_lib_shutdown_user_alloc_1           0x080001eb   Thumb Code     0  libshutdown2.o(.ARM.Collect$$libshutdown$$0000000C)
    __rt_entry                               0x080001ed   Thumb Code     0  __rtentry.o(.ARM.Collect$$rtentry$$00000000)
    __rt_entry_presh_1                       0x080001ed   Thumb Code     0  __rtentry2.o(.ARM.Collect$$rtentry$$00000002)
    __rt_entry_sh                            0x080001ed   Thumb Code     0  __rtentry4.o(.ARM.Collect$$rtentry$$00000004)
    __rt_entry_li                            0x080001f3   Thumb Code     0  __rtentry2.o(.ARM.Collect$$rtentry$$0000000A)
    __rt_entry_postsh_1                      0x080001f3   Thumb Code     0  __rtentry2.o(.ARM.Collect$$rtentry$$00000009)
    __rt_entry_main                          0x080001f7   Thumb Code     0  __rtentry2.o(.ARM.Collect$$rtentry$$0000000D)
    __rt_entry_postli_1                      0x080001f7   Thumb Code     0  __rtentry2.o(.ARM.Collect$$rtentry$$0000000C)
    __rt_exit                                0x080001ff   Thumb Code     0  rtexit.o(.ARM.Collect$$rtexit$$00000000)
    __rt_exit_ls                             0x08000201   Thumb Code     0  rtexit2.o(.ARM.Collect$$rtexit$$00000003)
    __rt_exit_prels_1                        0x08000201   Thumb Code     0  rtexit2.o(.ARM.Collect$$rtexit$$00000002)
    __rt_exit_exit                           0x08000205   Thumb Code     0  rtexit2.o(.ARM.Collect$$rtexit$$00000004)
    __rt_ffs                                 0x0800020d   Thumb Code    16  cpuport.o(.emb_text)
    Reset_Handler                            0x0800021d   Thumb Code     8  startup_stm32f103xe.o(.text)
    NMI_Handler                              0x08000225   Thumb Code     2  startup_stm32f103xe.o(.text)
    MemManage_Handler                        0x08000229   Thumb Code     2  startup_stm32f103xe.o(.text)
    BusFault_Handler                         0x0800022b   Thumb Code     2  startup_stm32f103xe.o(.text)
    UsageFault_Handler                       0x0800022d   Thumb Code     2  startup_stm32f103xe.o(.text)
    SVC_Handler                              0x0800022f   Thumb Code     2  startup_stm32f103xe.o(.text)
    DebugMon_Handler                         0x08000231   Thumb Code     2  startup_stm32f103xe.o(.text)
    ADC1_2_IRQHandler                        0x08000237   Thumb Code     0  startup_stm32f103xe.o(.text)
    ADC3_IRQHandler                          0x08000237   Thumb Code     0  startup_stm32f103xe.o(.text)
    CAN1_RX1_IRQHandler                      0x08000237   Thumb Code     0  startup_stm32f103xe.o(.text)
    CAN1_SCE_IRQHandler                      0x08000237   Thumb Code     0  startup_stm32f103xe.o(.text)
    DMA1_Channel1_IRQHandler                 0x08000237   Thumb Code     0  startup_stm32f103xe.o(.text)
    DMA1_Channel2_IRQHandler                 0x08000237   Thumb Code     0  startup_stm32f103xe.o(.text)
    DMA1_Channel3_IRQHandler                 0x08000237   Thumb Code     0  startup_stm32f103xe.o(.text)
    DMA1_Channel4_IRQHandler                 0x08000237   Thumb Code     0  startup_stm32f103xe.o(.text)
    DMA1_Channel5_IRQHandler                 0x08000237   Thumb Code     0  startup_stm32f103xe.o(.text)
    DMA1_Channel6_IRQHandler                 0x08000237   Thumb Code     0  startup_stm32f103xe.o(.text)
    DMA1_Channel7_IRQHandler                 0x08000237   Thumb Code     0  startup_stm32f103xe.o(.text)
    DMA2_Channel1_IRQHandler                 0x08000237   Thumb Code     0  startup_stm32f103xe.o(.text)
    DMA2_Channel2_IRQHandler                 0x08000237   Thumb Code     0  startup_stm32f103xe.o(.text)
    DMA2_Channel3_IRQHandler                 0x08000237   Thumb Code     0  startup_stm32f103xe.o(.text)
    DMA2_Channel4_5_IRQHandler               0x08000237   Thumb Code     0  startup_stm32f103xe.o(.text)
    FLASH_IRQHandler                         0x08000237   Thumb Code     0  startup_stm32f103xe.o(.text)
    FSMC_IRQHandler                          0x08000237   Thumb Code     0  startup_stm32f103xe.o(.text)
    I2C1_ER_IRQHandler                       0x08000237   Thumb Code     0  startup_stm32f103xe.o(.text)
    I2C1_EV_IRQHandler                       0x08000237   Thumb Code     0  startup_stm32f103xe.o(.text)
    I2C2_ER_IRQHandler                       0x08000237   Thumb Code     0  startup_stm32f103xe.o(.text)
    I2C2_EV_IRQHandler                       0x08000237   Thumb Code     0  startup_stm32f103xe.o(.text)
    PVD_IRQHandler                           0x08000237   Thumb Code     0  startup_stm32f103xe.o(.text)
    RCC_IRQHandler                           0x08000237   Thumb Code     0  startup_stm32f103xe.o(.text)
    RTC_Alarm_IRQHandler                     0x08000237   Thumb Code     0  startup_stm32f103xe.o(.text)
    RTC_IRQHandler                           0x08000237   Thumb Code     0  startup_stm32f103xe.o(.text)
    SDIO_IRQHandler                          0x08000237   Thumb Code     0  startup_stm32f103xe.o(.text)
    SPI1_IRQHandler                          0x08000237   Thumb Code     0  startup_stm32f103xe.o(.text)
    SPI2_IRQHandler                          0x08000237   Thumb Code     0  startup_stm32f103xe.o(.text)
    SPI3_IRQHandler                          0x08000237   Thumb Code     0  startup_stm32f103xe.o(.text)
    TAMPER_IRQHandler                        0x08000237   Thumb Code     0  startup_stm32f103xe.o(.text)
    TIM1_BRK_IRQHandler                      0x08000237   Thumb Code     0  startup_stm32f103xe.o(.text)
    TIM1_CC_IRQHandler                       0x08000237   Thumb Code     0  startup_stm32f103xe.o(.text)
    TIM1_TRG_COM_IRQHandler                  0x08000237   Thumb Code     0  startup_stm32f103xe.o(.text)
    TIM1_UP_IRQHandler                       0x08000237   Thumb Code     0  startup_stm32f103xe.o(.text)
    TIM2_IRQHandler                          0x08000237   Thumb Code     0  startup_stm32f103xe.o(.text)
    TIM3_IRQHandler                          0x08000237   Thumb Code     0  startup_stm32f103xe.o(.text)
    TIM4_IRQHandler                          0x08000237   Thumb Code     0  startup_stm32f103xe.o(.text)
    TIM5_IRQHandler                          0x08000237   Thumb Code     0  startup_stm32f103xe.o(.text)
    TIM6_IRQHandler                          0x08000237   Thumb Code     0  startup_stm32f103xe.o(.text)
    TIM7_IRQHandler                          0x08000237   Thumb Code     0  startup_stm32f103xe.o(.text)
    TIM8_BRK_IRQHandler                      0x08000237   Thumb Code     0  startup_stm32f103xe.o(.text)
    TIM8_CC_IRQHandler                       0x08000237   Thumb Code     0  startup_stm32f103xe.o(.text)
    TIM8_TRG_COM_IRQHandler                  0x08000237   Thumb Code     0  startup_stm32f103xe.o(.text)
    TIM8_UP_IRQHandler                       0x08000237   Thumb Code     0  startup_stm32f103xe.o(.text)
    UART4_IRQHandler                         0x08000237   Thumb Code     0  startup_stm32f103xe.o(.text)
    UART5_IRQHandler                         0x08000237   Thumb Code     0  startup_stm32f103xe.o(.text)
    USART2_IRQHandler                        0x08000237   Thumb Code     0  startup_stm32f103xe.o(.text)
    USART3_IRQHandler                        0x08000237   Thumb Code     0  startup_stm32f103xe.o(.text)
    USBWakeUp_IRQHandler                     0x08000237   Thumb Code     0  startup_stm32f103xe.o(.text)
    USB_HP_CAN1_TX_IRQHandler                0x08000237   Thumb Code     0  startup_stm32f103xe.o(.text)
    USB_LP_CAN1_RX0_IRQHandler               0x08000237   Thumb Code     0  startup_stm32f103xe.o(.text)
    WWDG_IRQHandler                          0x08000237   Thumb Code     0  startup_stm32f103xe.o(.text)
    __user_initial_stackheap                 0x08000239   Thumb Code     0  startup_stm32f103xe.o(.text)
    rt_hw_interrupt_disable                  0x08000259   Thumb Code     8  context_rvds.o(.text)
    rt_hw_interrupt_enable                   0x08000261   Thumb Code     6  context_rvds.o(.text)
    rt_hw_context_switch                     0x08000267   Thumb Code    32  context_rvds.o(.text)
    rt_hw_context_switch_interrupt           0x08000267   Thumb Code     0  context_rvds.o(.text)
    PendSV_Handler                           0x08000287   Thumb Code    60  context_rvds.o(.text)
    rt_hw_context_switch_to                  0x080002c3   Thumb Code    64  context_rvds.o(.text)
    rt_hw_interrupt_thread_switch            0x08000303   Thumb Code     2  context_rvds.o(.text)
    HardFault_Handler                        0x08000305   Thumb Code    52  context_rvds.o(.text)
    __semihosting$guard                      0x08000355   Thumb Code     0  use_no_semi.o(.text)
    __use_no_semihosting_swi                 0x08000355   Thumb Code     2  use_no_semi.o(.text)
    __aeabi_llsr                             0x08000357   Thumb Code     0  llushr.o(.text)
    _ll_ushift_r                             0x08000357   Thumb Code    38  llushr.o(.text)
    strlen                                   0x0800037d   Thumb Code    62  strlen.o(.text)
    strncmp                                  0x080003bb   Thumb Code   150  strncmp.o(.text)
    __aeabi_memcpy                           0x08000451   Thumb Code     0  rt_memcpy_v6.o(.text)
    __rt_memcpy                              0x08000451   Thumb Code   138  rt_memcpy_v6.o(.text)
    _memcpy_lastbytes                        0x080004b7   Thumb Code     0  rt_memcpy_v6.o(.text)
    __aeabi_memcpy4                          0x080004db   Thumb Code     0  rt_memcpy_w.o(.text)
    __aeabi_memcpy8                          0x080004db   Thumb Code     0  rt_memcpy_w.o(.text)
    __rt_memcpy_w                            0x080004db   Thumb Code   100  rt_memcpy_w.o(.text)
    _memcpy_lastbytes_aligned                0x08000523   Thumb Code     0  rt_memcpy_w.o(.text)
    __aeabi_memclr4                          0x0800053f   Thumb Code     0  rt_memclr_w.o(.text)
    __aeabi_memclr8                          0x0800053f   Thumb Code     0  rt_memclr_w.o(.text)
    __rt_memclr_w                            0x0800053f   Thumb Code    78  rt_memclr_w.o(.text)
    _memset_w                                0x08000543   Thumb Code     0  rt_memclr_w.o(.text)
    strncpy                                  0x0800058d   Thumb Code    86  strncpy.o(.text)
    strcmp                                   0x080005e5   Thumb Code   128  strcmpv7m.o(.text)
    __use_two_region_memory                  0x08000665   Thumb Code     2  heapauxi.o(.text)
    __rt_heap_escrow$2region                 0x08000667   Thumb Code     2  heapauxi.o(.text)
    __rt_heap_expand$2region                 0x08000669   Thumb Code     2  heapauxi.o(.text)
    __aeabi_memclr                           0x0800066b   Thumb Code     0  rt_memclr.o(.text)
    __rt_memclr                              0x0800066b   Thumb Code    68  rt_memclr.o(.text)
    _memset                                  0x0800066f   Thumb Code     0  rt_memclr.o(.text)
    __user_libspace                          0x080006b1   Thumb Code     8  libspace.o(.text)
    __user_perproc_libspace                  0x080006b1   Thumb Code     0  libspace.o(.text)
    __user_perthread_libspace                0x080006b1   Thumb Code     0  libspace.o(.text)
    __user_setup_stackheap                   0x080006b9   Thumb Code    74  sys_stackheap_outer.o(.text)
    exit                                     0x08000703   Thumb Code    18  exit.o(.text)
    main                                     0x08000715   Thumb Code    10  components.o(i.$Sub$$main)
    EXTI0_IRQHandler                         0x0800074b   Thumb Code    18  drv_gpio.o(i.EXTI0_IRQHandler)
    EXTI15_10_IRQHandler                     0x0800075d   Thumb Code    60  drv_gpio.o(i.EXTI15_10_IRQHandler)
    EXTI1_IRQHandler                         0x08000799   Thumb Code    18  drv_gpio.o(i.EXTI1_IRQHandler)
    EXTI2_IRQHandler                         0x080007ab   Thumb Code    18  drv_gpio.o(i.EXTI2_IRQHandler)
    EXTI3_IRQHandler                         0x080007bd   Thumb Code    18  drv_gpio.o(i.EXTI3_IRQHandler)
    EXTI4_IRQHandler                         0x080007cf   Thumb Code    18  drv_gpio.o(i.EXTI4_IRQHandler)
    EXTI9_5_IRQHandler                       0x080007e1   Thumb Code    46  drv_gpio.o(i.EXTI9_5_IRQHandler)
    FLASH_PageErase                          0x08000839   Thumb Code    32  stm32f1xx_hal_flash_ex.o(i.FLASH_PageErase)
    FLASH_WaitForLastOperation               0x08000905   Thumb Code   106  stm32f1xx_hal_flash.o(i.FLASH_WaitForLastOperation)
    HAL_DMA_Abort                            0x0800097f   Thumb Code    86  stm32f1xx_hal_dma.o(i.HAL_DMA_Abort)
    HAL_DMA_Abort_IT                         0x080009d5   Thumb Code   414  stm32f1xx_hal_dma.o(i.HAL_DMA_Abort_IT)
    HAL_DMA_DeInit                           0x08000b7d   Thumb Code   132  stm32f1xx_hal_dma.o(i.HAL_DMA_DeInit)
    HAL_DMA_Init                             0x08000c09   Thumb Code   132  stm32f1xx_hal_dma.o(i.HAL_DMA_Init)
    HAL_DMA_Start_IT                         0x08000c95   Thumb Code   156  stm32f1xx_hal_dma.o(i.HAL_DMA_Start_IT)
    HAL_DeInit                               0x08000d31   Thumb Code    30  stm32f1xx_hal.o(i.HAL_DeInit)
    HAL_FLASHEx_Erase                        0x08000d55   Thumb Code   168  stm32f1xx_hal_flash_ex.o(i.HAL_FLASHEx_Erase)
    HAL_FLASH_Lock                           0x08000e05   Thumb Code    16  stm32f1xx_hal_flash.o(i.HAL_FLASH_Lock)
    HAL_FLASH_Program                        0x08000e19   Thumb Code   168  stm32f1xx_hal_flash.o(i.HAL_FLASH_Program)
    HAL_FLASH_Unlock                         0x08000ec9   Thumb Code    36  stm32f1xx_hal_flash.o(i.HAL_FLASH_Unlock)
    HAL_GPIO_DeInit                          0x08000ef9   Thumb Code   306  stm32f1xx_hal_gpio.o(i.HAL_GPIO_DeInit)
    HAL_GPIO_EXTI_Callback                   0x0800104d   Thumb Code    44  drv_gpio.o(i.HAL_GPIO_EXTI_Callback)
    HAL_GPIO_EXTI_IRQHandler                 0x0800107d   Thumb Code    24  stm32f1xx_hal_gpio.o(i.HAL_GPIO_EXTI_IRQHandler)
    HAL_GPIO_Init                            0x08001099   Thumb Code   792  stm32f1xx_hal_gpio.o(i.HAL_GPIO_Init)
    HAL_GPIO_ReadPin                         0x080013d9   Thumb Code    16  stm32f1xx_hal_gpio.o(i.HAL_GPIO_ReadPin)
    HAL_GPIO_WritePin                        0x080013e9   Thumb Code    12  stm32f1xx_hal_gpio.o(i.HAL_GPIO_WritePin)
    HAL_GetTick                              0x080013f5   Thumb Code    24  drv_common.o(i.HAL_GetTick)
    HAL_IncTick                              0x08001411   Thumb Code    16  drv_common.o(i.HAL_IncTick)
    HAL_Init                                 0x08001429   Thumb Code    34  stm32f1xx_hal.o(i.HAL_Init)
    HAL_InitTick                             0x08001451   Thumb Code    12  drv_common.o(i.HAL_InitTick)
    HAL_MspDeInit                            0x0800145d   Thumb Code     2  stm32f1xx_hal.o(i.HAL_MspDeInit)
    HAL_MspInit                              0x08001461   Thumb Code    76  stm32f1xx_hal_msp.o(i.HAL_MspInit)
    HAL_NVIC_ClearPendingIRQ                 0x080014b5   Thumb Code    30  stm32f1xx_hal_cortex.o(i.HAL_NVIC_ClearPendingIRQ)
    HAL_NVIC_DisableIRQ                      0x080014d9   Thumb Code    62  stm32f1xx_hal_cortex.o(i.HAL_NVIC_DisableIRQ)
    HAL_NVIC_EnableIRQ                       0x0800151d   Thumb Code    32  stm32f1xx_hal_cortex.o(i.HAL_NVIC_EnableIRQ)
    HAL_NVIC_SetPriority                     0x0800153d   Thumb Code   124  stm32f1xx_hal_cortex.o(i.HAL_NVIC_SetPriority)
    HAL_NVIC_SetPriorityGrouping             0x080015b9   Thumb Code    32  stm32f1xx_hal_cortex.o(i.HAL_NVIC_SetPriorityGrouping)
    HAL_RCCEx_PeriphCLKConfig                0x080015e1   Thumb Code   290  stm32f1xx_hal_rcc_ex.o(i.HAL_RCCEx_PeriphCLKConfig)
    HAL_RCC_ClockConfig                      0x08001711   Thumb Code   376  stm32f1xx_hal_rcc.o(i.HAL_RCC_ClockConfig)
    HAL_RCC_DeInit                           0x0800189d   Thumb Code   254  stm32f1xx_hal_rcc.o(i.HAL_RCC_DeInit)
    HAL_RCC_GetHCLKFreq                      0x080019ad   Thumb Code     6  stm32f1xx_hal_rcc.o(i.HAL_RCC_GetHCLKFreq)
    HAL_RCC_GetPCLK1Freq                     0x080019b9   Thumb Code    22  stm32f1xx_hal_rcc.o(i.HAL_RCC_GetPCLK1Freq)
    HAL_RCC_GetPCLK2Freq                     0x080019d9   Thumb Code    22  stm32f1xx_hal_rcc.o(i.HAL_RCC_GetPCLK2Freq)
    HAL_RCC_GetSysClockFreq                  0x080019f9   Thumb Code   116  stm32f1xx_hal_rcc.o(i.HAL_RCC_GetSysClockFreq)
    HAL_RCC_OscConfig                        0x08001a8d   Thumb Code  1114  stm32f1xx_hal_rcc.o(i.HAL_RCC_OscConfig)
    HAL_SYSTICK_Config                       0x08001ef1   Thumb Code    52  stm32f1xx_hal_cortex.o(i.HAL_SYSTICK_Config)
    HAL_UARTEx_RxEventCallback               0x08001f25   Thumb Code     2  stm32f1xx_hal_uart.o(i.HAL_UARTEx_RxEventCallback)
    HAL_UART_DeInit                          0x08001f27   Thumb Code    60  stm32f1xx_hal_uart.o(i.HAL_UART_DeInit)
    HAL_UART_ErrorCallback                   0x08001f63   Thumb Code     4  drv_usart.o(i.HAL_UART_ErrorCallback)
    HAL_UART_IRQHandler                      0x08001f69   Thumb Code   582  stm32f1xx_hal_uart.o(i.HAL_UART_IRQHandler)
    HAL_UART_Init                            0x080021b5   Thumb Code   114  stm32f1xx_hal_uart.o(i.HAL_UART_Init)
    HAL_UART_MspDeInit                       0x08002229   Thumb Code    36  stm32f1xx_hal_msp.o(i.HAL_UART_MspDeInit)
    HAL_UART_MspInit                         0x08002259   Thumb Code   122  stm32f1xx_hal_msp.o(i.HAL_UART_MspInit)
    HAL_UART_Receive_DMA                     0x080022e1   Thumb Code    66  stm32f1xx_hal_uart.o(i.HAL_UART_Receive_DMA)
    HAL_UART_RxCpltCallback                  0x08002323   Thumb Code    18  drv_usart.o(i.HAL_UART_RxCpltCallback)
    HAL_UART_RxHalfCpltCallback              0x08002335   Thumb Code    18  drv_usart.o(i.HAL_UART_RxHalfCpltCallback)
    HAL_UART_Transmit_DMA                    0x08002349   Thumb Code   142  stm32f1xx_hal_uart.o(i.HAL_UART_Transmit_DMA)
    HAL_UART_TxCpltCallback                  0x080023e5   Thumb Code    16  drv_usart.o(i.HAL_UART_TxCpltCallback)
    HAL_UART_TxHalfCpltCallback              0x080023f5   Thumb Code     2  stm32f1xx_hal_uart.o(i.HAL_UART_TxHalfCpltCallback)
    SysTick_Handler                          0x08002421   Thumb Code    32  drv_common.o(i.SysTick_Handler)
    SystemClock_Config                       0x08002441   Thumb Code   148  board.o(i.SystemClock_Config)
    SystemCoreClockUpdate                    0x080024e5   Thumb Code   142  system_stm32f1xx.o(i.SystemCoreClockUpdate)
    SystemInit                               0x08002589   Thumb Code     2  system_stm32f1xx.o(i.SystemInit)
    UART_Start_Receive_DMA                   0x08002905   Thumb Code   138  stm32f1xx_hal_uart.o(i.UART_Start_Receive_DMA)
    USART1_IRQHandler                        0x080029fd   Thumb Code    18  drv_usart.o(i.USART1_IRQHandler)
    _Error_Handler                           0x08002a15   Thumb Code     4  drv_common.o(i._Error_Handler)
    __rt_libc_exit                           0x08002a51   Thumb Code    24  cstdlib.o(i.__rt_libc_exit)
    _sys_exit                                0x080030a7   Thumb Code    12  syscalls.o(i._sys_exit)
    crc32_cal                                0x08003651   Thumb Code    22  crc32.o(i.crc32_cal)
    crc32_cyc_cal                            0x08003669   Thumb Code    38  crc32.o(i.crc32_cyc_cal)
    fal_flash_device_find                    0x08003731   Thumb Code    78  fal_flash.o(i.fal_flash_device_find)
    fal_flash_init                           0x080037d5   Thumb Code   276  fal_flash.o(i.fal_flash_init)
    fal_init                                 0x080039c1   Thumb Code    94  fal.o(i.fal_init)
    fal_partition_erase                      0x08003ad1   Thumb Code   170  fal_partition.o(i.fal_partition_erase)
    fal_partition_find                       0x08003c41   Thumb Code    60  fal_partition.o(i.fal_partition_find)
    fal_partition_init                       0x08003c89   Thumb Code    60  fal_partition.o(i.fal_partition_init)
    fal_partition_read                       0x08003cd5   Thumb Code   200  fal_partition.o(i.fal_partition_read)
    fal_partition_write                      0x08003e2d   Thumb Code   194  fal_partition.o(i.fal_partition_write)
    fal_show_part_table                      0x08003fb9   Thumb Code   254  fal_partition.o(i.fal_show_part_table)
    $Super$$main                             0x08004329   Thumb Code    48  main.o(i.main)
    qbt_jump_to_app                          0x0800544d   Thumb Code   166  qboot_stm32.o(i.qbt_jump_to_app)
    qbt_quicklz_decompress                   0x08005589   Thumb Code    18  qboot_quicklz.o(i.qbt_quicklz_decompress)
    qbt_quicklz_get_block_size               0x080055a1   Thumb Code    22  qboot_quicklz.o(i.qbt_quicklz_get_block_size)
    qbt_quicklz_state_init                   0x080055b9   Thumb Code     8  qboot_quicklz.o(i.qbt_quicklz_state_init)
    qled_add                                 0x08005a11   Thumb Code   110  qled.o(i.qled_add)
    qled_set_blink                           0x08005df1   Thumb Code   116  qled.o(i.qled_set_blink)
    qlz_decompress                           0x08005eaf   Thumb Code    86  quicklz.o(i.qlz_decompress)
    qlz_size_compressed                      0x08006065   Thumb Code    50  quicklz.o(i.qlz_size_compressed)
    qlz_size_decompressed                    0x08006097   Thumb Code    52  quicklz.o(i.qlz_size_decompressed)
    qlz_size_header                          0x080060cb   Thumb Code    24  quicklz.o(i.qlz_size_header)
    rt_application_init                      0x080060e5   Thumb Code    34  components.o(i.rt_application_init)
    rt_completion_done                       0x08006115   Thumb Code    12  completion.o(i.rt_completion_done)
    rt_completion_init                       0x08006121   Thumb Code     6  completion.o(i.rt_completion_init)
    rt_completion_wait                       0x08006129   Thumb Code   130  completion.o(i.rt_completion_wait)
    rt_components_board_init                 0x080061b1   Thumb Code    20  components.o(i.rt_components_board_init)
    rt_components_init                       0x080061cd   Thumb Code    20  components.o(i.rt_components_init)
    rt_console_set_device                    0x080061e9   Thumb Code    56  kservice.o(i.rt_console_set_device)
    rt_data_queue_deinit                     0x08006225   Thumb Code    44  dataqueue.o(i.rt_data_queue_deinit)
    rt_data_queue_init                       0x08006251   Thumb Code   102  dataqueue.o(i.rt_data_queue_init)
    rt_data_queue_len                        0x080062bd   Thumb Code    92  dataqueue.o(i.rt_data_queue_len)
    rt_data_queue_peek                       0x08006319   Thumb Code    78  dataqueue.o(i.rt_data_queue_peek)
    rt_data_queue_pop                        0x08006367   Thumb Code   328  dataqueue.o(i.rt_data_queue_pop)
    rt_data_queue_push                       0x080064af   Thumb Code   288  dataqueue.o(i.rt_data_queue_push)
    rt_data_queue_reset                      0x080065cf   Thumb Code   100  dataqueue.o(i.rt_data_queue_reset)
    rt_device_close                          0x08006671   Thumb Code    58  device.o(i.rt_device_close)
    rt_device_find                           0x080066ab   Thumb Code    14  device.o(i.rt_device_find)
    rt_device_open                           0x080066b9   Thumb Code   136  device.o(i.rt_device_open)
    rt_device_pin_register                   0x08006741   Thumb Code    56  pin.o(i.rt_device_pin_register)
    rt_device_register                       0x08006789   Thumb Code    52  device.o(i.rt_device_register)
    rt_device_write                          0x080067bd   Thumb Code    62  device.o(i.rt_device_write)
    rt_enter_critical                        0x080068c1   Thumb Code    36  scheduler_up.o(i.rt_enter_critical)
    rt_exit_critical                         0x080068e9   Thumb Code    60  scheduler_up.o(i.rt_exit_critical)
    rt_exit_critical_safe                    0x0800692d   Thumb Code    10  scheduler_up.o(i.rt_exit_critical_safe)
    rt_free                                  0x08006937   Thumb Code    30  kservice.o(i.rt_free)
    rt_hw_atomic_add                         0x08006955   Thumb Code    22  atomic_arm.o(i.rt_hw_atomic_add)
    rt_hw_atomic_load                        0x0800696b   Thumb Code    18  atomic_arm.o(i.rt_hw_atomic_load)
    rt_hw_atomic_sub                         0x0800697d   Thumb Code    22  atomic_arm.o(i.rt_hw_atomic_sub)
    rt_hw_board_init                         0x08006995   Thumb Code    38  drv_common.o(i.rt_hw_board_init)
    rt_hw_console_output                     0x080069cd   Thumb Code     2  kservice.o(i.rt_hw_console_output)
    rt_hw_cpu_reset                          0x080069d1   Thumb Code     8  cpuport.o(i.rt_hw_cpu_reset)
    rt_hw_hard_fault_exception               0x080069e1   Thumb Code   190  cpuport.o(i.rt_hw_hard_fault_exception)
    rt_hw_pin_init                           0x08006be1   Thumb Code   198  drv_gpio.o(i.rt_hw_pin_init)
    rt_hw_serial_isr                         0x08006cb5   Thumb Code   388  serial.o(i.rt_hw_serial_isr)
    rt_hw_serial_register                    0x08006e39   Thumb Code    70  serial.o(i.rt_hw_serial_register)
    rt_hw_stack_init                         0x08006e99   Thumb Code    70  cpuport.o(i.rt_hw_stack_init)
    rt_hw_systick_init                       0x08006ee5   Thumb Code    78  drv_common.o(i.rt_hw_systick_init)
    rt_hw_usart_init                         0x08006f45   Thumb Code   142  drv_usart.o(i.rt_hw_usart_init)
    rt_interrupt_enter                       0x08006fe5   Thumb Code    12  irq.o(i.rt_interrupt_enter)
    rt_interrupt_get_nest                    0x08006ff5   Thumb Code    26  irq.o(i.rt_interrupt_get_nest)
    rt_interrupt_leave                       0x08007015   Thumb Code    12  irq.o(i.rt_interrupt_leave)
    rt_kprintf                               0x08007025   Thumb Code    50  kservice.o(i.rt_kprintf)
    rt_malloc                                0x08007105   Thumb Code    32  kservice.o(i.rt_malloc)
    rt_memcpy                                0x08007129   Thumb Code   128  kstring.o(i.rt_memcpy)
    rt_memset                                0x080071a9   Thumb Code    96  kstring.o(i.rt_memset)
    rt_mutex_drop_thread                     0x08007209   Thumb Code   134  ipc.o(i.rt_mutex_drop_thread)
    rt_mutex_init                            0x0800728f   Thumb Code    60  ipc.o(i.rt_mutex_init)
    rt_mutex_release                         0x080072cb   Thumb Code   248  ipc.o(i.rt_mutex_release)
    rt_mutex_take                            0x080073c3   Thumb Code    18  ipc.o(i.rt_mutex_take)
    rt_object_allocate                       0x080073d5   Thumb Code    92  object.o(i.rt_object_allocate)
    rt_object_delete                         0x08007431   Thumb Code    52  object.o(i.rt_object_delete)
    rt_object_detach                         0x08007465   Thumb Code    46  object.o(i.rt_object_detach)
    rt_object_find                           0x08007493   Thumb Code    98  object.o(i.rt_object_find)
    rt_object_get_information                0x080074f5   Thumb Code    44  object.o(i.rt_object_get_information)
    rt_object_get_type                       0x08007525   Thumb Code    10  object.o(i.rt_object_get_type)
    rt_object_init                           0x0800752f   Thumb Code    68  object.o(i.rt_object_init)
    rt_object_is_systemobject                0x08007573   Thumb Code    18  object.o(i.rt_object_is_systemobject)
    rt_pin_mode                              0x08007585   Thumb Code    22  pin.o(i.rt_pin_mode)
    rt_pin_write                             0x080075a1   Thumb Code    22  pin.o(i.rt_pin_write)
    rt_sched_insert_thread                   0x080075bd   Thumb Code   142  scheduler_up.o(i.rt_sched_insert_thread)
    rt_sched_lock                            0x08007659   Thumb Code    24  scheduler_up.o(i.rt_sched_lock)
    rt_sched_remove_thread                   0x08007671   Thumb Code    76  scheduler_up.o(i.rt_sched_remove_thread)
    rt_sched_thread_bind_cpu                 0x080076c5   Thumb Code     8  scheduler_up.o(i.rt_sched_thread_bind_cpu)
    rt_sched_thread_change_priority          0x080076cd   Thumb Code    68  scheduler_comm.o(i.rt_sched_thread_change_priority)
    rt_sched_thread_close                    0x08007711   Thumb Code    12  scheduler_comm.o(i.rt_sched_thread_close)
    rt_sched_thread_get_curr_prio            0x0800771d   Thumb Code     8  scheduler_comm.o(i.rt_sched_thread_get_curr_prio)
    rt_sched_thread_get_init_prio            0x08007725   Thumb Code     8  scheduler_comm.o(i.rt_sched_thread_get_init_prio)
    rt_sched_thread_get_stat                 0x0800772d   Thumb Code    12  scheduler_comm.o(i.rt_sched_thread_get_stat)
    rt_sched_thread_init_ctx                 0x08007739   Thumb Code    26  scheduler_comm.o(i.rt_sched_thread_init_ctx)
    rt_sched_thread_init_priv                0x08007753   Thumb Code    34  scheduler_up.o(i.rt_sched_thread_init_priv)
    rt_sched_thread_is_suspended             0x08007775   Thumb Code    12  scheduler_comm.o(i.rt_sched_thread_is_suspended)
    rt_sched_thread_ready                    0x08007781   Thumb Code    74  scheduler_comm.o(i.rt_sched_thread_ready)
    rt_sched_thread_startup                  0x080077cb   Thumb Code    18  scheduler_up.o(i.rt_sched_thread_startup)
    rt_sched_thread_timer_start              0x080077dd   Thumb Code    20  scheduler_comm.o(i.rt_sched_thread_timer_start)
    rt_sched_thread_timer_stop               0x080077f1   Thumb Code    44  scheduler_comm.o(i.rt_sched_thread_timer_stop)
    rt_sched_thread_yield                    0x0800781d   Thumb Code    22  scheduler_comm.o(i.rt_sched_thread_yield)
    rt_sched_tick_increase                   0x08007833   Thumb Code    48  scheduler_comm.o(i.rt_sched_tick_increase)
    rt_sched_unlock                          0x08007863   Thumb Code    14  scheduler_up.o(i.rt_sched_unlock)
    rt_sched_unlock_n_resched                0x08007871   Thumb Code    24  scheduler_up.o(i.rt_sched_unlock_n_resched)
    rt_schedule                              0x08007889   Thumb Code   268  scheduler_up.o(i.rt_schedule)
    rt_set_errno                             0x08007e59   Thumb Code    38  kservice.o(i.rt_set_errno)
    rt_show_version                          0x08007e85   Thumb Code    42  kservice.o(i.rt_show_version)
    rt_smem_alloc                            0x08007f49   Thumb Code   276  mem.o(i.rt_smem_alloc)
    rt_smem_free                             0x0800805d   Thumb Code    58  mem.o(i.rt_smem_free)
    rt_smem_init                             0x08008099   Thumb Code   172  mem.o(i.rt_smem_init)
    rt_snprintf                              0x08008189   Thumb Code    40  kstdio.o(i.rt_snprintf)
    rt_susp_list_dequeue                     0x0800826d   Thumb Code    60  ipc.o(i.rt_susp_list_dequeue)
    rt_susp_list_enqueue                     0x080082a9   Thumb Code   110  ipc.o(i.rt_susp_list_enqueue)
    rt_susp_list_resume_all_irq              0x08008317   Thumb Code    48  ipc.o(i.rt_susp_list_resume_all_irq)
    rt_system_heap_init                      0x08008347   Thumb Code    16  kservice.o(i.rt_system_heap_init)
    rt_system_scheduler_init                 0x08008359   Thumb Code    36  scheduler_up.o(i.rt_system_scheduler_init)
    rt_system_scheduler_start                0x08008389   Thumb Code    36  scheduler_up.o(i.rt_system_scheduler_start)
    rt_system_timer_init                     0x080083b1   Thumb Code    28  timer.o(i.rt_system_timer_init)
    rt_system_timer_thread_init              0x080083d1   Thumb Code     2  timer.o(i.rt_system_timer_thread_init)
    rt_thread_control                        0x080083d3   Thumb Code   118  thread.o(i.rt_thread_control)
    rt_thread_create                         0x08008449   Thumb Code    80  thread.o(i.rt_thread_create)
    rt_thread_defunct_dequeue                0x08008499   Thumb Code    56  idle.o(i.rt_thread_defunct_dequeue)
    rt_thread_defunct_enqueue                0x080084d5   Thumb Code    48  idle.o(i.rt_thread_defunct_enqueue)
    rt_thread_delete                         0x08008509   Thumb Code    12  thread.o(i.rt_thread_delete)
    rt_thread_detach                         0x08008515   Thumb Code    12  thread.o(i.rt_thread_detach)
    rt_thread_idle_init                      0x08008521   Thumb Code    92  idle.o(i.rt_thread_idle_init)
    rt_thread_init                           0x08008591   Thumb Code    52  thread.o(i.rt_thread_init)
    rt_thread_mdelay                         0x080085c5   Thumb Code    20  thread.o(i.rt_thread_mdelay)
    rt_thread_resume                         0x080085d9   Thumb Code    40  thread.o(i.rt_thread_resume)
    rt_thread_self                           0x08008601   Thumb Code     6  thread.o(i.rt_thread_self)
    rt_thread_startup                        0x0800860d   Thumb Code    20  thread.o(i.rt_thread_startup)
    rt_thread_suspend_to_list                0x08008621   Thumb Code    90  thread.o(i.rt_thread_suspend_to_list)
    rt_thread_suspend_with_flag              0x0800867b   Thumb Code    20  thread.o(i.rt_thread_suspend_with_flag)
    rt_tick_from_millisecond                 0x0800868f   Thumb Code    56  clock.o(i.rt_tick_from_millisecond)
    rt_tick_get                              0x080086c9   Thumb Code    10  clock.o(i.rt_tick_get)
    rt_tick_increase                         0x080086d9   Thumb Code    20  clock.o(i.rt_tick_increase)
    rt_timer_check                           0x080086f1   Thumb Code   198  timer.o(i.rt_timer_check)
    rt_timer_control                         0x080087c1   Thumb Code   160  timer.o(i.rt_timer_control)
    rt_timer_detach                          0x08008865   Thumb Code    50  timer.o(i.rt_timer_detach)
    rt_timer_init                            0x0800889d   Thumb Code    46  timer.o(i.rt_timer_init)
    rt_timer_start                           0x080088cd   Thumb Code    80  timer.o(i.rt_timer_start)
    rt_timer_stop                            0x08008925   Thumb Code    66  timer.o(i.rt_timer_stop)
    rt_vsnprintf                             0x0800896d   Thumb Code  1054  kstdio.o(i.rt_vsnprintf)
    rtthread_startup                         0x08008da5   Thumb Code    42  components.o(i.rtthread_startup)
    stm32_flash_erase                        0x08009125   Thumb Code    18  drv_flash_f1.o(i.stm32_flash_erase)
    stm32_flash_erase_bank                   0x08009139   Thumb Code    88  drv_flash_f1.o(i.stm32_flash_erase_bank)
    stm32_flash_read                         0x08009195   Thumb Code    40  drv_flash_f1.o(i.stm32_flash_read)
    stm32_flash_write                        0x080091c1   Thumb Code   110  drv_flash_f1.o(i.stm32_flash_write)
    stm32_uart_get_mask                      0x08009751   Thumb Code    32  drv_usart.o(i.stm32_uart_get_mask)
    stm32_onchip_flash                       0x08009cc8   Data         104  drv_flash_f1.o(.constdata)
    AHBPrescTable                            0x08009f63   Data          16  system_stm32f1xx.o(.constdata)
    APBPrescTable                            0x08009f73   Data           8  system_stm32f1xx.o(.constdata)
    __rt_init_rti_start                      0x0800a490   Data           4  components.o(.rti_fn.0)
    __rt_init_rti_board_start                0x0800a494   Data           4  components.o(.rti_fn.0.end)
    __rt_init_rti_board_end                  0x0800a498   Data           4  components.o(.rti_fn.1.end)
    __rt_init_qled_init                      0x0800a49c   Data           4  qled.o(.rti_fn.2)
    __rt_init_qbt_startup                    0x0800a4a0   Data           4  qboot.o(.rti_fn.6)
    __rt_init_rti_end                        0x0800a4a4   Data           4  components.o(.rti_fn.6.end)
    Region$$Table$$Base                      0x0800a4a8   Number         0  anon$$obj.o(Region$$Table)
    Region$$Table$$Limit                     0x0800a4c8   Number         0  anon$$obj.o(Region$$Table)
    rt_interrupt_nest                        0x20000144   Data           4  irq.o(.data)
    rt_thread_ready_priority_group           0x2000026c   Data           4  scheduler_up.o(.data)
    rt_current_thread                        0x20000274   Data           4  scheduler_up.o(.data)
    rt_current_priority                      0x20000278   Data           1  scheduler_up.o(.data)
    rt_interrupt_from_thread                 0x2000028c   Data           4  cpuport.o(.data)
    rt_interrupt_to_thread                   0x20000290   Data           4  cpuport.o(.data)
    rt_thread_switch_interrupt_flag          0x20000294   Data           4  cpuport.o(.data)
    SystemCoreClock                          0x2000029c   Data           4  system_stm32f1xx.o(.data)
    uwTick                                   0x200002a0   Data           4  stm32f1xx_hal.o(.data)
    uwTickPrio                               0x200002a4   Data           4  stm32f1xx_hal.o(.data)
    uwTickFreq                               0x200002a8   Data           1  stm32f1xx_hal.o(.data)
    rt_thread_priority_table                 0x20000688   Data         256  scheduler_up.o(.bss)
    pFlash                                   0x20000788   Data          32  stm32f1xx_hal_flash.o(.bss)
    __libspace_start                         0x2000386c   Data          96  libspace.o(.bss)
    __temporary_stack_top$libspace           0x200038cc   Data           0  libspace.o(.bss)
    Image$$RW_IRAM1$$ZI$$Limit               0x20003cd0   Number         0  anon$$obj.o ABSOLUTE



==============================================================================

Memory Map of the image

  Image Entry point : 0x08000131

  Load Region LR_IROM1 (Base: 0x08000000, Size: 0x0000a778, Max: 0x00040000, ABSOLUTE, COMPRESSED[0x0000a580])

    Execution Region ER_IROM1 (Base: 0x08000000, Size: 0x0000a4c8, Max: 0x00040000, ABSOLUTE)

    Base Addr    Size         Type   Attr      Idx    E Section Name        Object

    0x08000000   0x00000130   Data   RO         2287    RESET               startup_stm32f103xe.o
    0x08000130   0x00000008   Code   RO         6133  * !!!main             c_w.l(__main.o)
    0x08000138   0x00000034   Code   RO         6295    !!!scatter          c_w.l(__scatter.o)
    0x0800016c   0x0000005a   Code   RO         6293    !!dczerorl2         c_w.l(__dczerorl2.o)
    0x080001c6   0x00000002   PAD
    0x080001c8   0x0000001c   Code   RO         6297    !!handler_zi        c_w.l(__scatter_zi.o)
    0x080001e4   0x00000002   Code   RO         6175    .ARM.Collect$$libinit$$00000000  c_w.l(libinit.o)
    0x080001e6   0x00000000   Code   RO         6177    .ARM.Collect$$libinit$$00000002  c_w.l(libinit2.o)
    0x080001e6   0x00000000   Code   RO         6179    .ARM.Collect$$libinit$$00000004  c_w.l(libinit2.o)
    0x080001e6   0x00000000   Code   RO         6182    .ARM.Collect$$libinit$$0000000A  c_w.l(libinit2.o)
    0x080001e6   0x00000000   Code   RO         6184    .ARM.Collect$$libinit$$0000000C  c_w.l(libinit2.o)
    0x080001e6   0x00000000   Code   RO         6186    .ARM.Collect$$libinit$$0000000E  c_w.l(libinit2.o)
    0x080001e6   0x00000000   Code   RO         6189    .ARM.Collect$$libinit$$00000011  c_w.l(libinit2.o)
    0x080001e6   0x00000000   Code   RO         6191    .ARM.Collect$$libinit$$00000013  c_w.l(libinit2.o)
    0x080001e6   0x00000000   Code   RO         6193    .ARM.Collect$$libinit$$00000015  c_w.l(libinit2.o)
    0x080001e6   0x00000000   Code   RO         6195    .ARM.Collect$$libinit$$00000017  c_w.l(libinit2.o)
    0x080001e6   0x00000000   Code   RO         6197    .ARM.Collect$$libinit$$00000019  c_w.l(libinit2.o)
    0x080001e6   0x00000000   Code   RO         6199    .ARM.Collect$$libinit$$0000001B  c_w.l(libinit2.o)
    0x080001e6   0x00000000   Code   RO         6201    .ARM.Collect$$libinit$$0000001D  c_w.l(libinit2.o)
    0x080001e6   0x00000000   Code   RO         6203    .ARM.Collect$$libinit$$0000001F  c_w.l(libinit2.o)
    0x080001e6   0x00000000   Code   RO         6205    .ARM.Collect$$libinit$$00000021  c_w.l(libinit2.o)
    0x080001e6   0x00000000   Code   RO         6207    .ARM.Collect$$libinit$$00000023  c_w.l(libinit2.o)
    0x080001e6   0x00000000   Code   RO         6209    .ARM.Collect$$libinit$$00000025  c_w.l(libinit2.o)
    0x080001e6   0x00000000   Code   RO         6213    .ARM.Collect$$libinit$$0000002C  c_w.l(libinit2.o)
    0x080001e6   0x00000000   Code   RO         6215    .ARM.Collect$$libinit$$0000002E  c_w.l(libinit2.o)
    0x080001e6   0x00000000   Code   RO         6217    .ARM.Collect$$libinit$$00000030  c_w.l(libinit2.o)
    0x080001e6   0x00000000   Code   RO         6219    .ARM.Collect$$libinit$$00000032  c_w.l(libinit2.o)
    0x080001e6   0x00000002   Code   RO         6220    .ARM.Collect$$libinit$$00000033  c_w.l(libinit2.o)
    0x080001e8   0x00000002   Code   RO         6246    .ARM.Collect$$libshutdown$$00000000  c_w.l(libshutdown.o)
    0x080001ea   0x00000000   Code   RO         6254    .ARM.Collect$$libshutdown$$00000002  c_w.l(libshutdown2.o)
    0x080001ea   0x00000000   Code   RO         6256    .ARM.Collect$$libshutdown$$00000004  c_w.l(libshutdown2.o)
    0x080001ea   0x00000000   Code   RO         6259    .ARM.Collect$$libshutdown$$00000007  c_w.l(libshutdown2.o)
    0x080001ea   0x00000000   Code   RO         6262    .ARM.Collect$$libshutdown$$0000000A  c_w.l(libshutdown2.o)
    0x080001ea   0x00000000   Code   RO         6264    .ARM.Collect$$libshutdown$$0000000C  c_w.l(libshutdown2.o)
    0x080001ea   0x00000000   Code   RO         6267    .ARM.Collect$$libshutdown$$0000000F  c_w.l(libshutdown2.o)
    0x080001ea   0x00000002   Code   RO         6268    .ARM.Collect$$libshutdown$$00000010  c_w.l(libshutdown2.o)
    0x080001ec   0x00000000   Code   RO         6135    .ARM.Collect$$rtentry$$00000000  c_w.l(__rtentry.o)
    0x080001ec   0x00000000   Code   RO         6141    .ARM.Collect$$rtentry$$00000002  c_w.l(__rtentry2.o)
    0x080001ec   0x00000006   Code   RO         6153    .ARM.Collect$$rtentry$$00000004  c_w.l(__rtentry4.o)
    0x080001f2   0x00000000   Code   RO         6143    .ARM.Collect$$rtentry$$00000009  c_w.l(__rtentry2.o)
    0x080001f2   0x00000004   Code   RO         6144    .ARM.Collect$$rtentry$$0000000A  c_w.l(__rtentry2.o)
    0x080001f6   0x00000000   Code   RO         6146    .ARM.Collect$$rtentry$$0000000C  c_w.l(__rtentry2.o)
    0x080001f6   0x00000008   Code   RO         6147    .ARM.Collect$$rtentry$$0000000D  c_w.l(__rtentry2.o)
    0x080001fe   0x00000002   Code   RO         6221    .ARM.Collect$$rtexit$$00000000  c_w.l(rtexit.o)
    0x08000200   0x00000000   Code   RO         6228    .ARM.Collect$$rtexit$$00000002  c_w.l(rtexit2.o)
    0x08000200   0x00000004   Code   RO         6229    .ARM.Collect$$rtexit$$00000003  c_w.l(rtexit2.o)
    0x08000204   0x00000006   Code   RO         6230    .ARM.Collect$$rtexit$$00000004  c_w.l(rtexit2.o)
    0x0800020a   0x00000002   PAD
    0x0800020c   0x00000010   Code   RO         4070    .emb_text           cpuport.o
    0x0800021c   0x0000003c   Code   RO         2288    .text               startup_stm32f103xe.o
    0x08000258   0x000000fc   Code   RO         4066    .text               context_rvds.o
    0x08000354   0x00000002   Code   RO         6103    .text               c_w.l(use_no_semi.o)
    0x08000356   0x00000026   Code   RO         6107    .text               c_w.l(llushr.o)
    0x0800037c   0x0000003e   Code   RO         6117    .text               c_w.l(strlen.o)
    0x080003ba   0x00000096   Code   RO         6119    .text               c_w.l(strncmp.o)
    0x08000450   0x0000008a   Code   RO         6121    .text               c_w.l(rt_memcpy_v6.o)
    0x080004da   0x00000064   Code   RO         6123    .text               c_w.l(rt_memcpy_w.o)
    0x0800053e   0x0000004e   Code   RO         6125    .text               c_w.l(rt_memclr_w.o)
    0x0800058c   0x00000056   Code   RO         6127    .text               c_w.l(strncpy.o)
    0x080005e2   0x00000002   PAD
    0x080005e4   0x00000080   Code   RO         6129    .text               c_w.l(strcmpv7m.o)
    0x08000664   0x00000006   Code   RO         6131    .text               c_w.l(heapauxi.o)
    0x0800066a   0x00000044   Code   RO         6138    .text               c_w.l(rt_memclr.o)
    0x080006ae   0x00000002   PAD
    0x080006b0   0x00000008   Code   RO         6163    .text               c_w.l(libspace.o)
    0x080006b8   0x0000004a   Code   RO         6166    .text               c_w.l(sys_stackheap_outer.o)
    0x08000702   0x00000012   Code   RO         6168    .text               c_w.l(exit.o)
    0x08000714   0x0000000a   Code   RO         2607    i.$Sub$$main        components.o
    0x0800071e   0x0000002c   Code   RO         4536    i.DMA_SetConfig     stm32f1xx_hal_dma.o
    0x0800074a   0x00000012   Code   RO         1949    i.EXTI0_IRQHandler  drv_gpio.o
    0x0800075c   0x0000003c   Code   RO         1950    i.EXTI15_10_IRQHandler  drv_gpio.o
    0x08000798   0x00000012   Code   RO         1951    i.EXTI1_IRQHandler  drv_gpio.o
    0x080007aa   0x00000012   Code   RO         1952    i.EXTI2_IRQHandler  drv_gpio.o
    0x080007bc   0x00000012   Code   RO         1953    i.EXTI3_IRQHandler  drv_gpio.o
    0x080007ce   0x00000012   Code   RO         1954    i.EXTI4_IRQHandler  drv_gpio.o
    0x080007e0   0x0000002e   Code   RO         1955    i.EXTI9_5_IRQHandler  drv_gpio.o
    0x0800080e   0x00000002   PAD
    0x08000810   0x00000028   Code   RO         5366    i.FLASH_MassErase   stm32f1xx_hal_flash_ex.o
    0x08000838   0x00000028   Code   RO         5375    i.FLASH_PageErase   stm32f1xx_hal_flash_ex.o
    0x08000860   0x00000020   Code   RO         5227    i.FLASH_Program_HalfWord  stm32f1xx_hal_flash.o
    0x08000880   0x00000084   Code   RO         5228    i.FLASH_SetErrorCode  stm32f1xx_hal_flash.o
    0x08000904   0x00000070   Code   RO         5229    i.FLASH_WaitForLastOperation  stm32f1xx_hal_flash.o
    0x08000974   0x0000000a   Code   RO         1825    i.GetPage           drv_flash_f1.o
    0x0800097e   0x00000056   Code   RO         4537    i.HAL_DMA_Abort     stm32f1xx_hal_dma.o
    0x080009d4   0x000001a8   Code   RO         4538    i.HAL_DMA_Abort_IT  stm32f1xx_hal_dma.o
    0x08000b7c   0x0000008c   Code   RO         4539    i.HAL_DMA_DeInit    stm32f1xx_hal_dma.o
    0x08000c08   0x0000008c   Code   RO         4543    i.HAL_DMA_Init      stm32f1xx_hal_dma.o
    0x08000c94   0x0000009c   Code   RO         4547    i.HAL_DMA_Start_IT  stm32f1xx_hal_dma.o
    0x08000d30   0x00000024   Code   RO         5059    i.HAL_DeInit        stm32f1xx_hal.o
    0x08000d54   0x000000b0   Code   RO         5376    i.HAL_FLASHEx_Erase  stm32f1xx_hal_flash_ex.o
    0x08000e04   0x00000014   Code   RO         5233    i.HAL_FLASH_Lock    stm32f1xx_hal_flash.o
    0x08000e18   0x000000b0   Code   RO         5238    i.HAL_FLASH_Program  stm32f1xx_hal_flash.o
    0x08000ec8   0x00000030   Code   RO         5240    i.HAL_FLASH_Unlock  stm32f1xx_hal_flash.o
    0x08000ef8   0x00000154   Code   RO         5472    i.HAL_GPIO_DeInit   stm32f1xx_hal_gpio.o
    0x0800104c   0x00000030   Code   RO         1956    i.HAL_GPIO_EXTI_Callback  drv_gpio.o
    0x0800107c   0x0000001c   Code   RO         5474    i.HAL_GPIO_EXTI_IRQHandler  stm32f1xx_hal_gpio.o
    0x08001098   0x00000340   Code   RO         5475    i.HAL_GPIO_Init     stm32f1xx_hal_gpio.o
    0x080013d8   0x00000010   Code   RO         5477    i.HAL_GPIO_ReadPin  stm32f1xx_hal_gpio.o
    0x080013e8   0x0000000c   Code   RO         5479    i.HAL_GPIO_WritePin  stm32f1xx_hal_gpio.o
    0x080013f4   0x0000001c   Code   RO         2193    i.HAL_GetTick       drv_common.o
    0x08001410   0x00000018   Code   RO         2194    i.HAL_IncTick       drv_common.o
    0x08001428   0x00000028   Code   RO         5071    i.HAL_Init          stm32f1xx_hal.o
    0x08001450   0x0000000c   Code   RO         2195    i.HAL_InitTick      drv_common.o
    0x0800145c   0x00000002   Code   RO         5073    i.HAL_MspDeInit     stm32f1xx_hal.o
    0x0800145e   0x00000002   PAD
    0x08001460   0x00000054   Code   RO         2295    i.HAL_MspInit       stm32f1xx_hal_msp.o
    0x080014b4   0x00000024   Code   RO         4146    i.HAL_NVIC_ClearPendingIRQ  stm32f1xx_hal_cortex.o
    0x080014d8   0x00000044   Code   RO         4147    i.HAL_NVIC_DisableIRQ  stm32f1xx_hal_cortex.o
    0x0800151c   0x00000020   Code   RO         4148    i.HAL_NVIC_EnableIRQ  stm32f1xx_hal_cortex.o
    0x0800153c   0x0000007c   Code   RO         4154    i.HAL_NVIC_SetPriority  stm32f1xx_hal_cortex.o
    0x080015b8   0x00000028   Code   RO         4155    i.HAL_NVIC_SetPriorityGrouping  stm32f1xx_hal_cortex.o
    0x080015e0   0x00000130   Code   RO         4112    i.HAL_RCCEx_PeriphCLKConfig  stm32f1xx_hal_rcc_ex.o
    0x08001710   0x0000018c   Code   RO         4305    i.HAL_RCC_ClockConfig  stm32f1xx_hal_rcc.o
    0x0800189c   0x00000110   Code   RO         4306    i.HAL_RCC_DeInit    stm32f1xx_hal_rcc.o
    0x080019ac   0x0000000c   Code   RO         4310    i.HAL_RCC_GetHCLKFreq  stm32f1xx_hal_rcc.o
    0x080019b8   0x00000020   Code   RO         4312    i.HAL_RCC_GetPCLK1Freq  stm32f1xx_hal_rcc.o
    0x080019d8   0x00000020   Code   RO         4313    i.HAL_RCC_GetPCLK2Freq  stm32f1xx_hal_rcc.o
    0x080019f8   0x00000094   Code   RO         4314    i.HAL_RCC_GetSysClockFreq  stm32f1xx_hal_rcc.o
    0x08001a8c   0x00000464   Code   RO         4317    i.HAL_RCC_OscConfig  stm32f1xx_hal_rcc.o
    0x08001ef0   0x00000034   Code   RO         4159    i.HAL_SYSTICK_Config  stm32f1xx_hal_cortex.o
    0x08001f24   0x00000002   Code   RO         4697    i.HAL_UARTEx_RxEventCallback  stm32f1xx_hal_uart.o
    0x08001f26   0x0000003c   Code   RO         4710    i.HAL_UART_DeInit   stm32f1xx_hal_uart.o
    0x08001f62   0x00000004   Code   RO         2064    i.HAL_UART_ErrorCallback  drv_usart.o
    0x08001f66   0x00000002   PAD
    0x08001f68   0x0000024c   Code   RO         4714    i.HAL_UART_IRQHandler  stm32f1xx_hal_uart.o
    0x080021b4   0x00000072   Code   RO         4715    i.HAL_UART_Init     stm32f1xx_hal_uart.o
    0x08002226   0x00000002   PAD
    0x08002228   0x00000030   Code   RO         2296    i.HAL_UART_MspDeInit  stm32f1xx_hal_msp.o
    0x08002258   0x00000088   Code   RO         2297    i.HAL_UART_MspInit  stm32f1xx_hal_msp.o
    0x080022e0   0x00000042   Code   RO         4719    i.HAL_UART_Receive_DMA  stm32f1xx_hal_uart.o
    0x08002322   0x00000012   Code   RO         2065    i.HAL_UART_RxCpltCallback  drv_usart.o
    0x08002334   0x00000012   Code   RO         2066    i.HAL_UART_RxHalfCpltCallback  drv_usart.o
    0x08002346   0x00000002   PAD
    0x08002348   0x0000009c   Code   RO         4724    i.HAL_UART_Transmit_DMA  stm32f1xx_hal_uart.o
    0x080023e4   0x00000010   Code   RO         2067    i.HAL_UART_TxCpltCallback  drv_usart.o
    0x080023f4   0x00000002   Code   RO         4727    i.HAL_UART_TxHalfCpltCallback  stm32f1xx_hal_uart.o
    0x080023f6   0x00000002   PAD
    0x080023f8   0x00000028   Code   RO         4318    i.RCC_Delay         stm32f1xx_hal_rcc.o
    0x08002420   0x00000020   Code   RO         2198    i.SysTick_Handler   drv_common.o
    0x08002440   0x000000a4   Code   RO         2334    i.SystemClock_Config  board.o
    0x080024e4   0x000000a4   Code   RO         4649    i.SystemCoreClockUpdate  system_stm32f1xx.o
    0x08002588   0x00000002   Code   RO         4650    i.SystemInit        system_stm32f1xx.o
    0x0800258a   0x00000014   Code   RO         4728    i.UART_DMAAbortOnError  stm32f1xx_hal_uart.o
    0x0800259e   0x00000050   Code   RO         4729    i.UART_DMAError     stm32f1xx_hal_uart.o
    0x080025ee   0x00000068   Code   RO         4730    i.UART_DMAReceiveCplt  stm32f1xx_hal_uart.o
    0x08002656   0x00000020   Code   RO         4732    i.UART_DMARxHalfCplt  stm32f1xx_hal_uart.o
    0x08002676   0x00000036   Code   RO         4734    i.UART_DMATransmitCplt  stm32f1xx_hal_uart.o
    0x080026ac   0x0000000e   Code   RO         4736    i.UART_DMATxHalfCplt  stm32f1xx_hal_uart.o
    0x080026ba   0x00000036   Code   RO         4738    i.UART_EndRxTransfer  stm32f1xx_hal_uart.o
    0x080026f0   0x00000020   Code   RO         4739    i.UART_EndTransmit_IT  stm32f1xx_hal_uart.o
    0x08002710   0x00000014   Code   RO         4740    i.UART_EndTxTransfer  stm32f1xx_hal_uart.o
    0x08002724   0x000000e4   Code   RO         4741    i.UART_Receive_IT   stm32f1xx_hal_uart.o
    0x08002808   0x000000fc   Code   RO         4742    i.UART_SetConfig    stm32f1xx_hal_uart.o
    0x08002904   0x00000098   Code   RO         4743    i.UART_Start_Receive_DMA  stm32f1xx_hal_uart.o
    0x0800299c   0x00000060   Code   RO         4745    i.UART_Transmit_IT  stm32f1xx_hal_uart.o
    0x080029fc   0x00000018   Code   RO         2068    i.USART1_IRQHandler  drv_usart.o
    0x08002a14   0x00000004   Code   RO         2199    i._Error_Handler    drv_common.o
    0x08002a18   0x00000010   Code   RO         4161    i.__NVIC_GetPriorityGrouping  stm32f1xx_hal_cortex.o
    0x08002a28   0x00000028   Code   RO         4162    i.__NVIC_SetPriority  stm32f1xx_hal_cortex.o
    0x08002a50   0x00000018   Code   RO          398    i.__rt_libc_exit    cstdlib.o
    0x08002a68   0x00000038   Code   RO         2723    i._check_and_update_prio  ipc.o
    0x08002aa0   0x00000050   Code   RO          928    i._completion_done  completion.o
    0x08002af0   0x0000002a   Code   RO         2069    i._dma_tx_complete  drv_usart.o
    0x08002b1a   0x00000002   PAD
    0x08002b1c   0x0000001c   Code   RO         3104    i._heap_lock        kservice.o
    0x08002b38   0x00000018   Code   RO         3105    i._heap_unlock      kservice.o
    0x08002b50   0x00000010   Code   RO         2724    i._ipc_object_init  ipc.o
    0x08002b60   0x00000028   Code   RO         3106    i._kputs            kservice.o
    0x08002b88   0x00000028   Code   RO         1644    i._pin_control      pin.o
    0x08002bb0   0x0000002e   Code   RO         1645    i._pin_read         pin.o
    0x08002bde   0x0000002e   Code   RO         1646    i._pin_write        pin.o
    0x08002c0c   0x000001ac   Code   RO         2726    i._rt_mutex_take    ipc.o
    0x08002db8   0x0000004c   Code   RO         3108    i._rt_system_heap_init  kservice.o
    0x08002e04   0x00000028   Code   RO         3588    i._scheduler_get_highest_priority_thread  scheduler_up.o
    0x08002e2c   0x00000014   Code   RO         1718    i._serial_check_buffer_size  serial.o
    0x08002e40   0x000000e0   Code   RO         1719    i._serial_dma_rx    serial.o
    0x08002f20   0x00000068   Code   RO         1720    i._serial_dma_tx    serial.o
    0x08002f88   0x0000003c   Code   RO         1721    i._serial_fifo_calc_recved_len  serial.o
    0x08002fc4   0x0000007c   Code   RO         1722    i._serial_int_rx    serial.o
    0x08003040   0x00000066   Code   RO         1723    i._serial_int_tx    serial.o
    0x080030a6   0x0000000c   Code   RO          260    i._sys_exit         syscalls.o
    0x080030b2   0x0000005a   Code   RO         3702    i._thread_detach    thread.o
    0x0800310c   0x00000062   Code   RO         3703    i._thread_detach_from_mutex  thread.o
    0x0800316e   0x00000040   Code   RO         3704    i._thread_exit      thread.o
    0x080031ae   0x00000040   Code   RO         2729    i._thread_get_mutex_priority  ipc.o
    0x080031ee   0x00000002   PAD
    0x080031f0   0x00000084   Code   RO         3705    i._thread_init      thread.o
    0x08003274   0x0000002e   Code   RO         3706    i._thread_set_suspend_state  thread.o
    0x080032a2   0x00000062   Code   RO         3707    i._thread_sleep     thread.o
    0x08003304   0x00000036   Code   RO         3708    i._thread_timeout   thread.o
    0x0800333a   0x000000ae   Code   RO         2730    i._thread_update_priority  ipc.o
    0x080033e8   0x00000042   Code   RO         3849    i._timer_init       timer.o
    0x0800342a   0x0000001c   Code   RO         3851    i._timer_remove     timer.o
    0x08003446   0x00000002   PAD
    0x08003448   0x000000e4   Code   RO         3852    i._timer_start      timer.o
    0x0800352c   0x0000001e   Code   RO         1957    i.bit2bitno         drv_gpio.o
    0x0800354a   0x00000002   PAD
    0x0800354c   0x00000104   Code   RO         2358    i.check_and_update_part_cache  fal_partition.o
    0x08003650   0x00000016   Code   RO          727    i.crc32_cal         crc32.o
    0x08003666   0x00000002   PAD
    0x08003668   0x0000002c   Code   RO          728    i.crc32_cyc_cal     crc32.o
    0x08003694   0x0000009a   Code   RO         2070    i.dma_recv_isr      drv_usart.o
    0x0800372e   0x00000002   PAD
    0x08003730   0x0000008c   Code   RO         2538    i.fal_flash_device_find  fal_flash.o
    0x080037bc   0x00000018   Code   RO         1826    i.fal_flash_erase   drv_flash_f1.o
    0x080037d4   0x000001b4   Code   RO         2539    i.fal_flash_init    fal_flash.o
    0x08003988   0x0000001c   Code   RO         1827    i.fal_flash_read    drv_flash_f1.o
    0x080039a4   0x0000001c   Code   RO         1828    i.fal_flash_write   drv_flash_f1.o
    0x080039c0   0x00000110   Code   RO         2449    i.fal_init          fal.o
    0x08003ad0   0x00000170   Code   RO         2360    i.fal_partition_erase  fal_partition.o
    0x08003c40   0x00000048   Code   RO         2362    i.fal_partition_find  fal_partition.o
    0x08003c88   0x0000004c   Code   RO         2363    i.fal_partition_init  fal_partition.o
    0x08003cd4   0x00000158   Code   RO         2364    i.fal_partition_read  fal_partition.o
    0x08003e2c   0x0000018c   Code   RO         2365    i.fal_partition_write  fal_partition.o
    0x08003fb8   0x00000250   Code   RO         2367    i.fal_show_part_table  fal_partition.o
    0x08004208   0x00000050   Code   RO         6012    i.fast_read         quicklz.o
    0x08004258   0x000000c8   Code   RO         2368    i.flash_device_find_by_part  fal_partition.o
    0x08004320   0x00000008   Code   RO         2674    i.idle_thread_entry  idle.o
    0x08004328   0x00000030   Code   RO            4    i.main              main.o
    0x08004358   0x0000000e   Code   RO         2608    i.main_thread_entry  components.o
    0x08004366   0x00000014   Code   RO         6015    i.memcpy_up         quicklz.o
    0x0800437a   0x00000066   Code   RO         3297    i.plug_holes        mem.o
    0x080043e0   0x0000022c   Code   RO         3021    i.print_number      kstdio.o
    0x0800460c   0x000000c2   Code   RO         5649    i.qbt_app_crc_cal   qboot.o
    0x080046ce   0x00000002   PAD
    0x080046d0   0x0000024c   Code   RO         5650    i.qbt_app_crc_check  qboot.o
    0x0800491c   0x000000f8   Code   RO         5651    i.qbt_app_resume_from  qboot.o
    0x08004a14   0x000000fc   Code   RO         5652    i.qbt_dest_part_verify  qboot.o
    0x08004b10   0x000000be   Code   RO         5653    i.qbt_dest_part_write  qboot.o
    0x08004bce   0x00000002   PAD
    0x08004bd0   0x000001e4   Code   RO         5654    i.qbt_fw_check      qboot.o
    0x08004db4   0x000000f4   Code   RO         5655    i.qbt_fw_crc_check  qboot.o
    0x08004ea8   0x0000001a   Code   RO         5656    i.qbt_fw_decompress_deinit  qboot.o
    0x08004ec2   0x00000020   Code   RO         5657    i.qbt_fw_decompress_init  qboot.o
    0x08004ee2   0x00000010   Code   RO         5658    i.qbt_fw_decrypt_init  qboot.o
    0x08004ef2   0x00000002   PAD
    0x08004ef4   0x0000002c   Code   RO         5659    i.qbt_fw_info_check  qboot.o
    0x08004f20   0x00000038   Code   RO         5660    i.qbt_fw_info_read  qboot.o
    0x08004f58   0x00000038   Code   RO         5661    i.qbt_fw_info_write  qboot.o
    0x08004f90   0x00000038   Code   RO         5662    i.qbt_fw_pkg_read   qboot.o
    0x08004fc8   0x00000318   Code   RO         5663    i.qbt_fw_release    qboot.o
    0x080052e0   0x0000016c   Code   RO         5664    i.qbt_fw_update     qboot.o
    0x0800544c   0x00000128   Code   RO         5801    i.qbt_jump_to_app   qboot_stm32.o
    0x08005574   0x00000014   Code   RO         5665    i.qbt_part_is_exist  qboot.o
    0x08005588   0x00000018   Code   RO         5556    i.qbt_quicklz_decompress  qboot_quicklz.o
    0x080055a0   0x00000016   Code   RO         5557    i.qbt_quicklz_get_block_size  qboot_quicklz.o
    0x080055b6   0x00000002   PAD
    0x080055b8   0x0000000c   Code   RO         5558    i.qbt_quicklz_state_init  qboot_quicklz.o
    0x080055c4   0x000000b0   Code   RO         5666    i.qbt_release_from_part  qboot.o
    0x08005674   0x000000a4   Code   RO         5667    i.qbt_release_sign_check  qboot.o
    0x08005718   0x0000009c   Code   RO         5668    i.qbt_release_sign_write  qboot.o
    0x080057b4   0x0000005c   Code   RO         5669    i.qbt_show_msg      qboot.o
    0x08005810   0x00000084   Code   RO         5670    i.qbt_startup       qboot.o
    0x08005894   0x00000018   Code   RO         5671    i.qbt_status_led_init  qboot.o
    0x080058ac   0x00000164   Code   RO         5672    i.qbt_thread_entry  qboot.o
    0x08005a10   0x00000074   Code   RO         5906    i.qled_add          qled.o
    0x08005a84   0x00000028   Code   RO         5907    i.qled_datas_init   qled.o
    0x08005aac   0x00000028   Code   RO         5908    i.qled_find         qled.o
    0x08005ad4   0x00000024   Code   RO         5909    i.qled_get_unused   qled.o
    0x08005af8   0x00000034   Code   RO         5910    i.qled_init         qled.o
    0x08005b2c   0x00000016   Code   RO         5912    i.qled_pin_init     qled.o
    0x08005b42   0x00000002   PAD
    0x08005b44   0x00000090   Code   RO         5914    i.qled_run          qled.o
    0x08005bd4   0x000000fc   Code   RO         5915    i.qled_run_blink    qled.o
    0x08005cd0   0x00000120   Code   RO         5916    i.qled_run_special  qled.o
    0x08005df0   0x00000078   Code   RO         5917    i.qled_set_blink    qled.o
    0x08005e68   0x0000001c   Code   RO         5921    i.qled_switch_off   qled.o
    0x08005e84   0x0000001c   Code   RO         5922    i.qled_switch_on    qled.o
    0x08005ea0   0x0000000e   Code   RO         5923    i.qled_thread_entry  qled.o
    0x08005eae   0x00000056   Code   RO         6018    i.qlz_decompress    quicklz.o
    0x08005f04   0x00000160   Code   RO         6019    i.qlz_decompress_core  quicklz.o
    0x08006064   0x00000032   Code   RO         6021    i.qlz_size_compressed  quicklz.o
    0x08006096   0x00000034   Code   RO         6022    i.qlz_size_decompressed  quicklz.o
    0x080060ca   0x00000018   Code   RO         6023    i.qlz_size_header   quicklz.o
    0x080060e2   0x00000002   Code   RO         6025    i.reset_table_decompress  quicklz.o
    0x080060e4   0x00000030   Code   RO         2609    i.rt_application_init  components.o
    0x08006114   0x0000000c   Code   RO          929    i.rt_completion_done  completion.o
    0x08006120   0x00000006   Code   RO          930    i.rt_completion_init  completion.o
    0x08006126   0x00000002   PAD
    0x08006128   0x00000088   Code   RO          931    i.rt_completion_wait  completion.o
    0x080061b0   0x0000001c   Code   RO         2610    i.rt_components_board_init  components.o
    0x080061cc   0x0000001c   Code   RO         2611    i.rt_components_init  components.o
    0x080061e8   0x0000003c   Code   RO         3114    i.rt_console_set_device  kservice.o
    0x08006224   0x0000002c   Code   RO         1082    i.rt_data_queue_deinit  dataqueue.o
    0x08006250   0x0000006c   Code   RO         1083    i.rt_data_queue_init  dataqueue.o
    0x080062bc   0x0000005c   Code   RO         1084    i.rt_data_queue_len  dataqueue.o
    0x08006318   0x0000004e   Code   RO         1085    i.rt_data_queue_peek  dataqueue.o
    0x08006366   0x00000148   Code   RO         1086    i.rt_data_queue_pop  dataqueue.o
    0x080064ae   0x00000120   Code   RO         1087    i.rt_data_queue_push  dataqueue.o
    0x080065ce   0x00000064   Code   RO         1088    i.rt_data_queue_reset  dataqueue.o
    0x08006632   0x0000003e   Code   RO         2675    i.rt_defunct_execute  idle.o
    0x08006670   0x0000003a   Code   RO          844    i.rt_device_close   device.o
    0x080066aa   0x0000000e   Code   RO          848    i.rt_device_find    device.o
    0x080066b8   0x00000088   Code   RO          850    i.rt_device_open    device.o
    0x08006740   0x00000048   Code   RO         1647    i.rt_device_pin_register  pin.o
    0x08006788   0x00000034   Code   RO          852    i.rt_device_register  device.o
    0x080067bc   0x0000003e   Code   RO          856    i.rt_device_write   device.o
    0x080067fa   0x0000000c   Code   RO         1724    i.rt_dma_calc_recved_len  serial.o
    0x08006806   0x00000036   Code   RO         1725    i.rt_dma_recv_update_get_index  serial.o
    0x0800683c   0x00000082   Code   RO         1726    i.rt_dma_recv_update_put_index  serial.o
    0x080068be   0x00000002   PAD
    0x080068c0   0x00000028   Code   RO         3590    i.rt_enter_critical  scheduler_up.o
    0x080068e8   0x00000044   Code   RO         3591    i.rt_exit_critical  scheduler_up.o
    0x0800692c   0x0000000a   Code   RO         3592    i.rt_exit_critical_safe  scheduler_up.o
    0x08006936   0x0000001e   Code   RO         3115    i.rt_free           kservice.o
    0x08006954   0x00000016   Code   RO         3973    i.rt_hw_atomic_add  atomic_arm.o
    0x0800696a   0x00000012   Code   RO         3979    i.rt_hw_atomic_load  atomic_arm.o
    0x0800697c   0x00000016   Code   RO         3982    i.rt_hw_atomic_sub  atomic_arm.o
    0x08006992   0x00000002   PAD
    0x08006994   0x00000038   Code   RO         2200    i.rt_hw_board_init  drv_common.o
    0x080069cc   0x00000002   Code   RO         3120    i.rt_hw_console_output  kservice.o
    0x080069ce   0x00000002   PAD
    0x080069d0   0x00000010   Code   RO         4071    i.rt_hw_cpu_reset   cpuport.o
    0x080069e0   0x00000200   Code   RO         4073    i.rt_hw_hard_fault_exception  cpuport.o
    0x08006be0   0x000000d4   Code   RO         1958    i.rt_hw_pin_init    drv_gpio.o
    0x08006cb4   0x00000184   Code   RO         1727    i.rt_hw_serial_isr  serial.o
    0x08006e38   0x00000060   Code   RO         1728    i.rt_hw_serial_register  serial.o
    0x08006e98   0x0000004c   Code   RO         4074    i.rt_hw_stack_init  cpuport.o
    0x08006ee4   0x00000060   Code   RO         2201    i.rt_hw_systick_init  drv_common.o
    0x08006f44   0x000000a0   Code   RO         2071    i.rt_hw_usart_init  drv_usart.o
    0x08006fe4   0x00000010   Code   RO         2989    i.rt_interrupt_enter  irq.o
    0x08006ff4   0x00000020   Code   RO         2990    i.rt_interrupt_get_nest  irq.o
    0x08007014   0x00000010   Code   RO         2991    i.rt_interrupt_leave  irq.o
    0x08007024   0x00000038   Code   RO         3125    i.rt_kprintf        kservice.o
    0x0800705c   0x00000006   Code   RO         1089    i.rt_list_init      dataqueue.o
    0x08007062   0x00000006   Code   RO         2731    i.rt_list_init      ipc.o
    0x08007068   0x00000006   Code   RO         3593    i.rt_list_init      scheduler_up.o
    0x0800706e   0x00000006   Code   RO         3853    i.rt_list_init      timer.o
    0x08007074   0x0000000e   Code   RO         2732    i.rt_list_insert_after  ipc.o
    0x08007082   0x0000000e   Code   RO         3400    i.rt_list_insert_after  object.o
    0x08007090   0x0000000e   Code   RO         3854    i.rt_list_insert_after  timer.o
    0x0800709e   0x0000000e   Code   RO         2733    i.rt_list_insert_before  ipc.o
    0x080070ac   0x00000010   Code   RO         2734    i.rt_list_isempty   ipc.o
    0x080070bc   0x00000010   Code   RO         3855    i.rt_list_isempty   timer.o
    0x080070cc   0x00000012   Code   RO         2735    i.rt_list_remove    ipc.o
    0x080070de   0x00000012   Code   RO         3401    i.rt_list_remove    object.o
    0x080070f0   0x00000012   Code   RO         3856    i.rt_list_remove    timer.o
    0x08007102   0x00000002   PAD
    0x08007104   0x00000024   Code   RO         3127    i.rt_malloc         kservice.o
    0x08007128   0x00000080   Code   RO         3063    i.rt_memcpy         kstring.o
    0x080071a8   0x00000060   Code   RO         3065    i.rt_memset         kstring.o
    0x08007208   0x00000086   Code   RO         2740    i.rt_mutex_drop_thread  ipc.o
    0x0800728e   0x0000003c   Code   RO         2742    i.rt_mutex_init     ipc.o
    0x080072ca   0x000000f8   Code   RO         2743    i.rt_mutex_release  ipc.o
    0x080073c2   0x00000012   Code   RO         2745    i.rt_mutex_take     ipc.o
    0x080073d4   0x0000005c   Code   RO         3402    i.rt_object_allocate  object.o
    0x08007430   0x00000034   Code   RO         3403    i.rt_object_delete  object.o
    0x08007464   0x0000002e   Code   RO         3404    i.rt_object_detach  object.o
    0x08007492   0x00000062   Code   RO         3405    i.rt_object_find    object.o
    0x080074f4   0x00000030   Code   RO         3406    i.rt_object_get_information  object.o
    0x08007524   0x0000000a   Code   RO         3410    i.rt_object_get_type  object.o
    0x0800752e   0x00000044   Code   RO         3411    i.rt_object_init    object.o
    0x08007572   0x00000012   Code   RO         3412    i.rt_object_is_systemobject  object.o
    0x08007584   0x0000001c   Code   RO         1652    i.rt_pin_mode       pin.o
    0x080075a0   0x0000001c   Code   RO         1654    i.rt_pin_write      pin.o
    0x080075bc   0x0000009c   Code   RO         3594    i.rt_sched_insert_thread  scheduler_up.o
    0x08007658   0x00000018   Code   RO         3595    i.rt_sched_lock     scheduler_up.o
    0x08007670   0x00000054   Code   RO         3596    i.rt_sched_remove_thread  scheduler_up.o
    0x080076c4   0x00000008   Code   RO         3597    i.rt_sched_thread_bind_cpu  scheduler_up.o
    0x080076cc   0x00000044   Code   RO         3507    i.rt_sched_thread_change_priority  scheduler_comm.o
    0x08007710   0x0000000c   Code   RO         3508    i.rt_sched_thread_close  scheduler_comm.o
    0x0800771c   0x00000008   Code   RO         3509    i.rt_sched_thread_get_curr_prio  scheduler_comm.o
    0x08007724   0x00000008   Code   RO         3510    i.rt_sched_thread_get_init_prio  scheduler_comm.o
    0x0800772c   0x0000000c   Code   RO         3511    i.rt_sched_thread_get_stat  scheduler_comm.o
    0x08007738   0x0000001a   Code   RO         3512    i.rt_sched_thread_init_ctx  scheduler_comm.o
    0x08007752   0x00000022   Code   RO         3598    i.rt_sched_thread_init_priv  scheduler_up.o
    0x08007774   0x0000000c   Code   RO         3513    i.rt_sched_thread_is_suspended  scheduler_comm.o
    0x08007780   0x0000004a   Code   RO         3514    i.rt_sched_thread_ready  scheduler_comm.o
    0x080077ca   0x00000012   Code   RO         3599    i.rt_sched_thread_startup  scheduler_up.o
    0x080077dc   0x00000014   Code   RO         3515    i.rt_sched_thread_timer_start  scheduler_comm.o
    0x080077f0   0x0000002c   Code   RO         3516    i.rt_sched_thread_timer_stop  scheduler_comm.o
    0x0800781c   0x00000016   Code   RO         3517    i.rt_sched_thread_yield  scheduler_comm.o
    0x08007832   0x00000030   Code   RO         3518    i.rt_sched_tick_increase  scheduler_comm.o
    0x08007862   0x0000000e   Code   RO         3600    i.rt_sched_unlock   scheduler_up.o
    0x08007870   0x00000018   Code   RO         3601    i.rt_sched_unlock_n_resched  scheduler_up.o
    0x08007888   0x00000120   Code   RO         3602    i.rt_schedule       scheduler_up.o
    0x080079a8   0x000000f0   Code   RO         1729    i.rt_serial_close   serial.o
    0x08007a98   0x000000a2   Code   RO         1730    i.rt_serial_control  serial.o
    0x08007b3a   0x00000032   Code   RO         1731    i.rt_serial_init    serial.o
    0x08007b6c   0x000001f0   Code   RO         1732    i.rt_serial_open    serial.o
    0x08007d5c   0x0000007e   Code   RO         1733    i.rt_serial_read    serial.o
    0x08007dda   0x0000007c   Code   RO         1734    i.rt_serial_write   serial.o
    0x08007e56   0x00000002   PAD
    0x08007e58   0x0000002c   Code   RO         3131    i.rt_set_errno      kservice.o
    0x08007e84   0x000000c4   Code   RO         3132    i.rt_show_version   kservice.o
    0x08007f48   0x00000114   Code   RO         3298    i.rt_smem_alloc     mem.o
    0x0800805c   0x0000003a   Code   RO         3300    i.rt_smem_free      mem.o
    0x08008096   0x00000002   PAD
    0x08008098   0x000000f0   Code   RO         3301    i.rt_smem_init      mem.o
    0x08008188   0x00000028   Code   RO         3022    i.rt_snprintf       kstdio.o
    0x080081b0   0x0000000a   Code   RO         2759    i.rt_spin_lock      ipc.o
    0x080081ba   0x0000000e   Code   RO          933    i.rt_spin_lock_irqsave  completion.o
    0x080081c8   0x0000000e   Code   RO         1090    i.rt_spin_lock_irqsave  dataqueue.o
    0x080081d6   0x0000000e   Code   RO         1735    i.rt_spin_lock_irqsave  serial.o
    0x080081e4   0x0000000e   Code   RO         2760    i.rt_spin_lock_irqsave  ipc.o
    0x080081f2   0x0000000e   Code   RO         3413    i.rt_spin_lock_irqsave  object.o
    0x08008200   0x0000000e   Code   RO         3857    i.rt_spin_lock_irqsave  timer.o
    0x0800820e   0x0000000a   Code   RO         2761    i.rt_spin_unlock    ipc.o
    0x08008218   0x0000000e   Code   RO          934    i.rt_spin_unlock_irqrestore  completion.o
    0x08008226   0x0000000e   Code   RO         1091    i.rt_spin_unlock_irqrestore  dataqueue.o
    0x08008234   0x0000000e   Code   RO         1736    i.rt_spin_unlock_irqrestore  serial.o
    0x08008242   0x0000000e   Code   RO         2762    i.rt_spin_unlock_irqrestore  ipc.o
    0x08008250   0x0000000e   Code   RO         3414    i.rt_spin_unlock_irqrestore  object.o
    0x0800825e   0x0000000e   Code   RO         3858    i.rt_spin_unlock_irqrestore  timer.o
    0x0800826c   0x0000003c   Code   RO         2763    i.rt_susp_list_dequeue  ipc.o
    0x080082a8   0x0000006e   Code   RO         2764    i.rt_susp_list_enqueue  ipc.o
    0x08008316   0x00000030   Code   RO         2767    i.rt_susp_list_resume_all_irq  ipc.o
    0x08008346   0x00000010   Code   RO         3134    i.rt_system_heap_init  kservice.o
    0x08008356   0x00000002   PAD
    0x08008358   0x00000030   Code   RO         3603    i.rt_system_scheduler_init  scheduler_up.o
    0x08008388   0x00000028   Code   RO         3604    i.rt_system_scheduler_start  scheduler_up.o
    0x080083b0   0x00000020   Code   RO         3859    i.rt_system_timer_init  timer.o
    0x080083d0   0x00000002   Code   RO         3860    i.rt_system_timer_thread_init  timer.o
    0x080083d2   0x00000076   Code   RO         3709    i.rt_thread_control  thread.o
    0x08008448   0x00000050   Code   RO         3710    i.rt_thread_create  thread.o
    0x08008498   0x0000003c   Code   RO         2676    i.rt_thread_defunct_dequeue  idle.o
    0x080084d4   0x00000034   Code   RO         2677    i.rt_thread_defunct_enqueue  idle.o
    0x08008508   0x0000000c   Code   RO         3713    i.rt_thread_delete  thread.o
    0x08008514   0x0000000c   Code   RO         3714    i.rt_thread_detach  thread.o
    0x08008520   0x00000070   Code   RO         2679    i.rt_thread_idle_init  idle.o
    0x08008590   0x00000034   Code   RO         3717    i.rt_thread_init    thread.o
    0x080085c4   0x00000014   Code   RO         3718    i.rt_thread_mdelay  thread.o
    0x080085d8   0x00000028   Code   RO         3719    i.rt_thread_resume  thread.o
    0x08008600   0x0000000c   Code   RO         3720    i.rt_thread_self    thread.o
    0x0800860c   0x00000014   Code   RO         3721    i.rt_thread_startup  thread.o
    0x08008620   0x0000005a   Code   RO         3723    i.rt_thread_suspend_to_list  thread.o
    0x0800867a   0x00000014   Code   RO         3724    i.rt_thread_suspend_with_flag  thread.o
    0x0800868e   0x00000038   Code   RO         2569    i.rt_tick_from_millisecond  clock.o
    0x080086c6   0x00000002   PAD
    0x080086c8   0x00000010   Code   RO         2570    i.rt_tick_get       clock.o
    0x080086d8   0x00000018   Code   RO         2572    i.rt_tick_increase  clock.o
    0x080086f0   0x000000d0   Code   RO         3861    i.rt_timer_check    timer.o
    0x080087c0   0x000000a4   Code   RO         3862    i.rt_timer_control  timer.o
    0x08008864   0x00000038   Code   RO         3865    i.rt_timer_detach   timer.o
    0x0800889c   0x0000002e   Code   RO         3866    i.rt_timer_init     timer.o
    0x080088ca   0x00000002   PAD
    0x080088cc   0x00000058   Code   RO         3868    i.rt_timer_start    timer.o
    0x08008924   0x00000048   Code   RO         3869    i.rt_timer_stop     timer.o
    0x0800896c   0x00000428   Code   RO         3024    i.rt_vsnprintf      kstdio.o
    0x08008d94   0x00000004   Code   RO         2612    i.rti_board_end     components.o
    0x08008d98   0x00000004   Code   RO         2613    i.rti_board_start   components.o
    0x08008d9c   0x00000004   Code   RO         2614    i.rti_end           components.o
    0x08008da0   0x00000004   Code   RO         2615    i.rti_start         components.o
    0x08008da4   0x0000002a   Code   RO         2616    i.rtthread_startup  components.o
    0x08008dce   0x00000026   Code   RO         3026    i.skip_atoi         kstdio.o
    0x08008df4   0x00000104   Code   RO         2072    i.stm32_configure   drv_usart.o
    0x08008ef8   0x000000ec   Code   RO         2073    i.stm32_control     drv_usart.o
    0x08008fe4   0x0000010c   Code   RO         2074    i.stm32_dma_config  drv_usart.o
    0x080090f0   0x00000034   Code   RO         2075    i.stm32_dma_transmit  drv_usart.o
    0x08009124   0x00000012   Code   RO         1829    i.stm32_flash_erase  drv_flash_f1.o
    0x08009136   0x00000002   PAD
    0x08009138   0x0000005c   Code   RO         1830    i.stm32_flash_erase_bank  drv_flash_f1.o
    0x08009194   0x0000002c   Code   RO         1831    i.stm32_flash_read  drv_flash_f1.o
    0x080091c0   0x00000074   Code   RO         1832    i.stm32_flash_write  drv_flash_f1.o
    0x08009234   0x00000022   Code   RO         2076    i.stm32_getc        drv_usart.o
    0x08009256   0x00000002   PAD
    0x08009258   0x000000cc   Code   RO         1959    i.stm32_pin_attach_irq  drv_gpio.o
    0x08009324   0x0000008c   Code   RO         1960    i.stm32_pin_dettach_irq  drv_gpio.o
    0x080093b0   0x00000098   Code   RO         1961    i.stm32_pin_get     drv_gpio.o
    0x08009448   0x000001c8   Code   RO         1962    i.stm32_pin_irq_enable  drv_gpio.o
    0x08009610   0x00000080   Code   RO         1963    i.stm32_pin_mode    drv_gpio.o
    0x08009690   0x0000004c   Code   RO         1964    i.stm32_pin_read    drv_gpio.o
    0x080096dc   0x0000003c   Code   RO         1965    i.stm32_pin_write   drv_gpio.o
    0x08009718   0x00000028   Code   RO         2077    i.stm32_putc        drv_usart.o
    0x08009740   0x00000010   Code   RO         2078    i.stm32_uart_get_dma_config  drv_usart.o
    0x08009750   0x00000020   Code   RO         2079    i.stm32_uart_get_mask  drv_usart.o
    0x08009770   0x00000156   Code   RO         2080    i.uart_isr          drv_usart.o
    0x080098c6   0x00000002   PAD
    0x080098c8   0x00000400   Data   RO          729    .constdata          crc32.o
    0x08009cc8   0x00000068   Data   RO         1833    .constdata          drv_flash_f1.o
    0x08009d30   0x0000005c   Data   RO         1966    .constdata          drv_gpio.o
    0x08009d8c   0x0000001c   Data   RO         2082    .constdata          drv_usart.o
    0x08009da8   0x00000166   Data   RO         2370    .constdata          fal_partition.o
    0x08009f0e   0x00000009   Data   RO         2451    .constdata          fal.o
    0x08009f17   0x00000001   PAD
    0x08009f18   0x00000029   Data   RO         2540    .constdata          fal_flash.o
    0x08009f41   0x00000022   Data   RO         3027    .constdata          kstdio.o
    0x08009f63   0x00000018   Data   RO         4651    .constdata          system_stm32f1xx.o
    0x08009f7b   0x00000001   PAD
    0x08009f7c   0x00000040   Data   RO         6026    .constdata          quicklz.o
    0x08009fbc   0x00000006   Data   RO         2083    .conststring        drv_usart.o
    0x08009fc2   0x00000002   PAD
    0x08009fc4   0x0000017e   Data   RO         2371    .conststring        fal_partition.o
    0x0800a142   0x00000002   PAD
    0x0800a144   0x000000bb   Data   RO         2541    .conststring        fal_flash.o
    0x0800a1ff   0x00000001   PAD
    0x0800a200   0x00000078   Data   RO         3137    .conststring        kservice.o
    0x0800a278   0x00000215   Data   RO         5674    .conststring        qboot.o
    0x0800a48d   0x00000003   PAD
    0x0800a490   0x00000004   Data   RO         2617    .rti_fn.0           components.o
    0x0800a494   0x00000004   Data   RO         2618    .rti_fn.0.end       components.o
    0x0800a498   0x00000004   Data   RO         2619    .rti_fn.1.end       components.o
    0x0800a49c   0x00000004   Data   RO         5925    .rti_fn.2           qled.o
    0x0800a4a0   0x00000004   Data   RO         5675    .rti_fn.6           qboot.o
    0x0800a4a4   0x00000004   Data   RO         2620    .rti_fn.6.end       components.o
    0x0800a4a8   0x00000020   Data   RO         6291    Region$$Table       anon$$obj.o


    Execution Region RW_IRAM1 (Base: 0x20000000, Size: 0x00003cd0, Max: 0x0000c000, ABSOLUTE, COMPRESSED[0x000000b8])

    Base Addr    Size         Type   Attr      Idx    E Section Name        Object

    0x20000000   0x00000004   Data   RW          935    .data               completion.o
    0x20000004   0x00000004   Data   RW         1737    .data               serial.o
    0x20000008   0x00000104   Data   RW         1967    .data               drv_gpio.o
    0x2000010c   0x00000014   Data   RW         2084    .data               drv_usart.o
    0x20000120   0x00000004   Data   RW         2203    .data               drv_common.o
    0x20000124   0x0000000c   Data   RW         2372    .data               fal_partition.o
    0x20000130   0x00000001   Data   RW         2452    .data               fal.o
    0x20000131   0x00000001   Data   RW         2542    .data               fal_flash.o
    0x20000132   0x00000002   PAD
    0x20000134   0x00000004   Data   RW         2574    .data               clock.o
    0x20000138   0x0000000c   Data   RW         2681    .data               idle.o
    0x20000144   0x00000004   Data   RW         2992    .data               irq.o
    0x20000148   0x00000084   Data   RW         3138    .data               kservice.o
    0x200001cc   0x000000a0   Data   RW         3415    .data               object.o
    0x2000026c   0x0000000d   Data   RW         3606    .data               scheduler_up.o
    0x20000279   0x00000003   PAD
    0x2000027c   0x00000010   Data   RW         3870    .data               timer.o
    0x2000028c   0x00000010   Data   RW         4075    .data               cpuport.o
    0x2000029c   0x00000004   Data   RW         4652    .data               system_stm32f1xx.o
    0x200002a0   0x00000009   Data   RW         5078    .data               stm32f1xx_hal.o
    0x200002a9   0x00000003   PAD
    0x200002ac   0x00000004   Data   RW         5559    .data               qboot_quicklz.o
    0x200002b0   0x00000048   Zero   RW         1655    .bss                pin.o
    0x200002f8   0x00000140   Zero   RW         2081    .bss                drv_usart.o
    0x20000438   0x0000000c   Zero   RW         2369    .bss                fal_partition.o
    0x20000444   0x00000004   PAD
    0x20000448   0x00000190   Zero   RW         2680    .bss                idle.o
    0x200005d8   0x000000b0   Zero   RW         3135    .bss                kservice.o
    0x20000688   0x00000100   Zero   RW         3605    .bss                scheduler_up.o
    0x20000788   0x00000020   Zero   RW         5241    .bss                stm32f1xx_hal_flash.o
    0x200007a8   0x00003060   Zero   RW         5673    .bss                qboot.o
    0x20003808   0x00000064   Zero   RW         5924    .bss                qled.o
    0x2000386c   0x00000060   Zero   RW         6164    .bss                c_w.l(libspace.o)
    0x200038cc   0x00000004   PAD
    0x200038d0   0x00000000   Zero   RW         2286    HEAP                startup_stm32f103xe.o
    0x200038d0   0x00000400   Zero   RW         2285    STACK               startup_stm32f103xe.o


==============================================================================

Image component sizes


      Code (inc. data)   RO Data    RW Data    ZI Data      Debug   Object Name

        62          0          0          0          0       2382   atomic_arm.o
       164         16          0          0          0        669   board.o
        96         10          0          4          0       2024   clock.o
       262         10          0          4          0       5659   completion.o
       186         30         16          0          0       5540   components.o
       252         28          0          0          0        784   context_rvds.o
       620        336          0         16          0       4124   cpuport.o
         0          0          0          0          0        624   crc16_ex_sample.o
        66          6       1024          0          0       2488   crc32.o
        24          0          0          0          0        625   cstdlib.o
      1072          6          0          0          0      12264   dataqueue.o
       322          0          0          0          0       3583   device.o
       252         48          0          4          0      29305   drv_common.o
       360         26        104          0          0       8313   drv_flash_f1.o
      1702        110         92        260          0      13001   drv_gpio.o
      1716         38         34         20        320      39251   drv_usart.o
       272        178          9          1          0        839   fal.o
       576        222        228          1          0       2377   fal_flash.o
      2308       1156        740         12         12       8638   fal_partition.o
       294         28          0         12        400       7690   idle.o
      1532          0          0          0          0      17570   ipc.o
        64         14          0          4          0       2050   irq.o
       608        214        120        132        176       8065   kservice.o
      1698         18         34          0          0       5329   kstdio.o
       224          0          0          0          0       1696   kstring.o
        48          0          0          0          0     483875   main.o
       676         68          0          0          0       4546   mem.o
         0          0          0          0          0       1104   mempool.o
       492          4          0        160          0      10706   object.o
       260         28          0          0         72       6222   pin.o
      4762       1898        537          0      12384      20156   qboot.o
        58         10          0          4          0       3343   qboot_quicklz.o
       296        130          0          0          0       4626   qboot_stm32.o
      1180         50          4          0        100       8510   qled.o
       666          6         64          0          0       7909   quicklz.o
       354          0          0          0          0       9771   scheduler_comm.o
       902         80          0         13        256      13401   scheduler_up.o
      2540         42          0          4          0      16011   serial.o
        60         22        304          0       1024        940   startup_stm32f103xe.o
        78         12          0          9          0       5547   stm32f1xx_hal.o
       408         34          0          0          0      31284   stm32f1xx_hal_cortex.o
       990         26          0          0          0       5098   stm32f1xx_hal_dma.o
       520         48          0          0         32       4438   stm32f1xx_hal_flash.o
       256         26          0          0          0       2735   stm32f1xx_hal_flash_ex.o
      1228         78          0          0          0       5148   stm32f1xx_hal_gpio.o
       268         34          0          0          0       2330   stm32f1xx_hal_msp.o
      2056        128          0          0          0       7169   stm32f1xx_hal_rcc.o
       304         14          0          0          0       1500   stm32f1xx_hal_rcc_ex.o
      2126         38          0          0          0      14835   stm32f1xx_hal_uart.o
         0          0          0          0          0       9656   syscall_mem.o
        12          0          0          0          0        556   syscalls.o
       166         22         24          4          0       2199   system_stm32f1xx.o
      1058         14          0          0          0      15511   thread.o
      1072         52          0         16          0      11012   timer.o
         0          0          0          0          0       2624   workqueue.o

    ----------------------------------------------------------------------
     37628       5358       3376        688      14780     897652   Object Totals
         0          0         32          0          0          0   (incl. Generated)
        60          0         10          8          4          0   (incl. Padding)

    ----------------------------------------------------------------------

      Code (inc. data)   RO Data    RW Data    ZI Data      Debug   Library Member Name

        90          0          0          0          0          0   __dczerorl2.o
         8          0          0          0          0         68   __main.o
         0          0          0          0          0          0   __rtentry.o
        12          0          0          0          0          0   __rtentry2.o
         6          0          0          0          0          0   __rtentry4.o
        52          8          0          0          0          0   __scatter.o
        28          0          0          0          0          0   __scatter_zi.o
        18          0          0          0          0         80   exit.o
         6          0          0          0          0        152   heapauxi.o
         2          0          0          0          0          0   libinit.o
         2          0          0          0          0          0   libinit2.o
         2          0          0          0          0          0   libshutdown.o
         2          0          0          0          0          0   libshutdown2.o
         8          4          0          0         96         68   libspace.o
        38          0          0          0          0         68   llushr.o
        68          0          0          0          0         68   rt_memclr.o
        78          0          0          0          0         80   rt_memclr_w.o
       138          0          0          0          0         68   rt_memcpy_v6.o
       100          0          0          0          0         80   rt_memcpy_w.o
         2          0          0          0          0          0   rtexit.o
        10          0          0          0          0          0   rtexit2.o
       128          0          0          0          0         68   strcmpv7m.o
        62          0          0          0          0         76   strlen.o
       150          0          0          0          0         80   strncmp.o
        86          0          0          0          0         76   strncpy.o
        74          0          0          0          0         80   sys_stackheap_outer.o
         2          0          0          0          0         68   use_no_semi.o

    ----------------------------------------------------------------------
      1180         12          0          0        100       1180   Library Totals
         8          0          0          0          4          0   (incl. Padding)

    ----------------------------------------------------------------------

      Code (inc. data)   RO Data    RW Data    ZI Data      Debug   Library Name

      1172         12          0          0         96       1180   c_w.l

    ----------------------------------------------------------------------
      1180         12          0          0        100       1180   Library Totals

    ----------------------------------------------------------------------

==============================================================================


      Code (inc. data)   RO Data    RW Data    ZI Data      Debug   

     38808       5370       3376        688      14880     879172   Grand Totals
     38808       5370       3376        184      14880     879172   ELF Image Totals (compressed)
     38808       5370       3376        184          0          0   ROM Totals

==============================================================================

    Total RO  Size (Code + RO Data)                42184 (  41.20kB)
    Total RW  Size (RW Data + ZI Data)             15568 (  15.20kB)
    Total ROM Size (Code + RO Data + RW Data)      42368 (  41.38kB)

==============================================================================

