Component: ARM Compiler 5.06 update 1 (build 61) Tool: armlink [4d35a8]

==============================================================================

Section Cross References

    main.o(i.main) refers to fal.o(i.fal_init) for fal_init
    main.o(i.main) refers to pin.o(i.rt_pin_mode) for rt_pin_mode
    main.o(i.main) refers to pin.o(i.rt_pin_write) for rt_pin_write
    main.o(i.main) refers to thread.o(i.rt_thread_mdelay) for rt_thread_mdelay
    syscall_mem.o(i.calloc) refers (Special) to hguard.o(.text) for __use_no_heap
    syscall_mem.o(i.calloc) refers to kservice.o(i.rt_calloc) for rt_calloc
    syscall_mem.o(i.free) refers (Special) to hguard.o(.text) for __use_no_heap
    syscall_mem.o(i.free) refers to kservice.o(i.rt_free) for rt_free
    syscall_mem.o(i.malloc) refers (Special) to hguard.o(.text) for __use_no_heap
    syscall_mem.o(i.malloc) refers to kservice.o(i.rt_malloc) for rt_malloc
    syscall_mem.o(i.realloc) refers (Special) to hguard.o(.text) for __use_no_heap
    syscall_mem.o(i.realloc) refers to kservice.o(i.rt_realloc) for rt_realloc
    syscalls.o(i._sys_close) refers (Special) to use_no_semi.o(.text) for __use_no_semihosting_swi
    syscalls.o(i._sys_close) refers to kservice.o(i.rt_kprintf) for rt_kprintf
    syscalls.o(i._sys_close) refers to syscalls.o(.constdata) for __func__
    syscalls.o(i._sys_command_string) refers (Special) to use_no_semi.o(.text) for __use_no_semihosting_swi
    syscalls.o(i._sys_ensure) refers (Special) to use_no_semi.o(.text) for __use_no_semihosting_swi
    syscalls.o(i._sys_ensure) refers to kservice.o(i.rt_kprintf) for rt_kprintf
    syscalls.o(i._sys_ensure) refers to syscalls.o(.constdata) for __func__
    syscalls.o(i._sys_exit) refers (Special) to use_no_semi.o(.text) for __use_no_semihosting_swi
    syscalls.o(i._sys_exit) refers to cstdlib.o(i.__rt_libc_exit) for __rt_libc_exit
    syscalls.o(i._sys_flen) refers (Special) to use_no_semi.o(.text) for __use_no_semihosting_swi
    syscalls.o(i._sys_flen) refers to kservice.o(i.rt_kprintf) for rt_kprintf
    syscalls.o(i._sys_flen) refers to syscalls.o(.constdata) for __func__
    syscalls.o(i._sys_istty) refers (Special) to use_no_semi.o(.text) for __use_no_semihosting_swi
    syscalls.o(i._sys_open) refers (Special) to use_no_semi.o(.text) for __use_no_semihosting_swi
    syscalls.o(i._sys_open) refers to strcmpv7m.o(.text) for strcmp
    syscalls.o(i._sys_open) refers to kservice.o(i.rt_kprintf) for rt_kprintf
    syscalls.o(i._sys_open) refers to syscalls.o(.constdata) for __stdin_name
    syscalls.o(i._sys_read) refers (Special) to use_no_semi.o(.text) for __use_no_semihosting_swi
    syscalls.o(i._sys_read) refers to kservice.o(i.rt_kprintf) for rt_kprintf
    syscalls.o(i._sys_read) refers to syscalls.o(.constdata) for __func__
    syscalls.o(i._sys_seek) refers (Special) to use_no_semi.o(.text) for __use_no_semihosting_swi
    syscalls.o(i._sys_seek) refers to kservice.o(i.rt_kprintf) for rt_kprintf
    syscalls.o(i._sys_seek) refers to syscalls.o(.constdata) for __func__
    syscalls.o(i._sys_tmpnam) refers (Special) to use_no_semi.o(.text) for __use_no_semihosting_swi
    syscalls.o(i._sys_tmpnam) refers to kstdio.o(i.rt_snprintf) for rt_snprintf
    syscalls.o(i._sys_write) refers (Special) to use_no_semi.o(.text) for __use_no_semihosting_swi
    syscalls.o(i._sys_write) refers to kservice.o(i.rt_console_get_device) for rt_console_get_device
    syscalls.o(i._sys_write) refers to device.o(i.rt_device_write) for rt_device_write
    syscalls.o(i._sys_write) refers to kservice.o(i.rt_kprintf) for rt_kprintf
    syscalls.o(i._sys_write) refers to syscalls.o(.constdata) for __func__
    syscalls.o(i._ttywrch) refers (Special) to use_no_semi.o(.text) for __use_no_semihosting_swi
    syscalls.o(i._ttywrch) refers to kservice.o(i.rt_kprintf) for rt_kprintf
    syscalls.o(i.remove) refers (Special) to use_no_semi.o(.text) for __use_no_semihosting_swi
    syscalls.o(i.remove) refers to kservice.o(i.rt_kprintf) for rt_kprintf
    syscalls.o(i.remove) refers to syscalls.o(.constdata) for __func__
    syscalls.o(.constdata) refers (Special) to use_no_semi.o(.text) for __use_no_semihosting_swi
    cstdlib.o(i.__rt_libc_exit) refers to thread.o(i.rt_thread_self) for rt_thread_self
    cstdlib.o(i.__rt_libc_exit) refers to kservice.o(i.rt_kprintf) for rt_kprintf
    cstdlib.o(i.__rt_libc_exit) refers to thread.o(i.rt_thread_control) for rt_thread_control
    cstdlib.o(i.itoa) refers to cstdlib.o(i.ltoa) for ltoa
    cstdlib.o(i.system) refers to strlen.o(.text) for strlen
    cstdlib.o(i.system) refers to msh.o(i.msh_exec) for msh_exec
    cstdlib.o(i.utoa) refers to cstdlib.o(i.ultoa) for ultoa
    cstring.o(i.bcmp) refers to kstring.o(i.rt_memcmp) for rt_memcmp
    cstring.o(i.bcopy) refers to kstring.o(i.rt_memcpy) for rt_memcpy
    cstring.o(i.bzero) refers to kstring.o(i.rt_memset) for rt_memset
    cstring.o(i.index) refers to strchr.o(.text) for strchr
[...]
    HAL_GPIO_DeInit                          0x080010e9   Thumb Code   306  stm32f1xx_hal_gpio.o(i.HAL_GPIO_DeInit)
    HAL_GPIO_EXTI_Callback                   0x0800123d   Thumb Code    44  drv_gpio.o(i.HAL_GPIO_EXTI_Callback)
    HAL_GPIO_EXTI_IRQHandler                 0x0800126d   Thumb Code    24  stm32f1xx_hal_gpio.o(i.HAL_GPIO_EXTI_IRQHandler)
    HAL_GPIO_Init                            0x08001289   Thumb Code   792  stm32f1xx_hal_gpio.o(i.HAL_GPIO_Init)
    HAL_GPIO_ReadPin                         0x080015c9   Thumb Code    16  stm32f1xx_hal_gpio.o(i.HAL_GPIO_ReadPin)
    HAL_GPIO_WritePin                        0x080015d9   Thumb Code    12  stm32f1xx_hal_gpio.o(i.HAL_GPIO_WritePin)
    HAL_GetTick                              0x080015e5   Thumb Code    24  drv_common.o(i.HAL_GetTick)
    HAL_IncTick                              0x08001601   Thumb Code    16  drv_common.o(i.HAL_IncTick)
    HAL_Init                                 0x08001619   Thumb Code    34  stm32f1xx_hal.o(i.HAL_Init)
    HAL_InitTick                             0x08001641   Thumb Code    12  drv_common.o(i.HAL_InitTick)
    HAL_MspInit                              0x0800164d   Thumb Code    76  stm32f1xx_hal_msp.o(i.HAL_MspInit)
    HAL_NVIC_DisableIRQ                      0x080016a1   Thumb Code    62  stm32f1xx_hal_cortex.o(i.HAL_NVIC_DisableIRQ)
    HAL_NVIC_EnableIRQ                       0x080016e5   Thumb Code    32  stm32f1xx_hal_cortex.o(i.HAL_NVIC_EnableIRQ)
    HAL_NVIC_SetPriority                     0x08001705   Thumb Code   124  stm32f1xx_hal_cortex.o(i.HAL_NVIC_SetPriority)
    HAL_NVIC_SetPriorityGrouping             0x08001781   Thumb Code    32  stm32f1xx_hal_cortex.o(i.HAL_NVIC_SetPriorityGrouping)
    HAL_RCCEx_PeriphCLKConfig                0x080017a9   Thumb Code   290  stm32f1xx_hal_rcc_ex.o(i.HAL_RCCEx_PeriphCLKConfig)
    HAL_RCC_ClockConfig                      0x080018d9   Thumb Code   376  stm32f1xx_hal_rcc.o(i.HAL_RCC_ClockConfig)
    HAL_RCC_GetHCLKFreq                      0x08001a65   Thumb Code     6  stm32f1xx_hal_rcc.o(i.HAL_RCC_GetHCLKFreq)
    HAL_RCC_GetPCLK1Freq                     0x08001a71   Thumb Code    22  stm32f1xx_hal_rcc.o(i.HAL_RCC_GetPCLK1Freq)
    HAL_RCC_GetPCLK2Freq                     0x08001a91   Thumb Code    22  stm32f1xx_hal_rcc.o(i.HAL_RCC_GetPCLK2Freq)
    HAL_RCC_GetSysClockFreq                  0x08001ab1   Thumb Code   116  stm32f1xx_hal_rcc.o(i.HAL_RCC_GetSysClockFreq)
    HAL_RCC_OscConfig                        0x08001b45   Thumb Code  1114  stm32f1xx_hal_rcc.o(i.HAL_RCC_OscConfig)
    HAL_SYSTICK_Config                       0x08001fa9   Thumb Code    52  stm32f1xx_hal_cortex.o(i.HAL_SYSTICK_Config)
    HAL_UARTEx_RxEventCallback               0x08001fdd   Thumb Code     2  stm32f1xx_hal_uart.o(i.HAL_UARTEx_RxEventCallback)
    HAL_UART_DeInit                          0x08001fdf   Thumb Code    60  stm32f1xx_hal_uart.o(i.HAL_UART_DeInit)
    HAL_UART_ErrorCallback                   0x0800201d   Thumb Code    22  drv_usart.o(i.HAL_UART_ErrorCallback)
    HAL_UART_IRQHandler                      0x08002049   Thumb Code   582  stm32f1xx_hal_uart.o(i.HAL_UART_IRQHandler)
    HAL_UART_Init                            0x08002295   Thumb Code   114  stm32f1xx_hal_uart.o(i.HAL_UART_Init)
    HAL_UART_MspDeInit                       0x08002309   Thumb Code    36  stm32f1xx_hal_msp.o(i.HAL_UART_MspDeInit)
    HAL_UART_MspInit                         0x08002339   Thumb Code   122  stm32f1xx_hal_msp.o(i.HAL_UART_MspInit)
    HAL_UART_Receive_DMA                     0x080023c1   Thumb Code    66  stm32f1xx_hal_uart.o(i.HAL_UART_Receive_DMA)
    HAL_UART_RxCpltCallback                  0x08002405   Thumb Code    32  drv_usart.o(i.HAL_UART_RxCpltCallback)
    HAL_UART_RxHalfCpltCallback              0x08002439   Thumb Code    32  drv_usart.o(i.HAL_UART_RxHalfCpltCallback)
    HAL_UART_Transmit_DMA                    0x0800246d   Thumb Code   142  stm32f1xx_hal_uart.o(i.HAL_UART_Transmit_DMA)
    HAL_UART_TxCpltCallback                  0x08002509   Thumb Code    30  drv_usart.o(i.HAL_UART_TxCpltCallback)
    HAL_UART_TxHalfCpltCallback              0x0800253d   Thumb Code     2  stm32f1xx_hal_uart.o(i.HAL_UART_TxHalfCpltCallback)
    SysTick_Handler                          0x08002569   Thumb Code    32  drv_common.o(i.SysTick_Handler)
    SystemClock_Config                       0x08002589   Thumb Code   148  board.o(i.SystemClock_Config)
    SystemCoreClockUpdate                    0x0800262d   Thumb Code   142  system_stm32f1xx.o(i.SystemCoreClockUpdate)
    SystemInit                               0x080026d1   Thumb Code     2  system_stm32f1xx.o(i.SystemInit)
    UART_Start_Receive_DMA                   0x08002a4d   Thumb Code   138  stm32f1xx_hal_uart.o(i.UART_Start_Receive_DMA)
    USART1_IRQHandler                        0x08002b45   Thumb Code    18  drv_usart.o(i.USART1_IRQHandler)
    _Error_Handler                           0x08002b5d   Thumb Code    34  drv_common.o(i._Error_Handler)
    __rt_libc_exit                           0x08002bf9   Thumb Code    50  cstdlib.o(i.__rt_libc_exit)
    _sys_exit                                0x08003ff9   Thumb Code    12  syscalls.o(i._sys_exit)
    fal_flash_device_find                    0x080056b5   Thumb Code    78  fal_flash.o(i.fal_flash_device_find)
    fal_flash_init                           0x08005759   Thumb Code   276  fal_flash.o(i.fal_flash_init)
    fal_init                                 0x08005945   Thumb Code    94  fal.o(i.fal_init)
    fal_init_check                           0x08005a55   Thumb Code     6  fal.o(i.fal_init_check)
    fal_partition_erase                      0x08005a61   Thumb Code   170  fal_partition.o(i.fal_partition_erase)
    fal_partition_find                       0x08005bd1   Thumb Code    60  fal_partition.o(i.fal_partition_find)
    fal_partition_init                       0x08005c19   Thumb Code    60  fal_partition.o(i.fal_partition_init)
    fal_partition_read                       0x08005c65   Thumb Code   200  fal_partition.o(i.fal_partition_read)
    fal_partition_write                      0x08005dbd   Thumb Code   194  fal_partition.o(i.fal_partition_write)
    fal_show_part_table                      0x08005f49   Thumb Code   254  fal_partition.o(i.fal_show_part_table)
    finsh_get_prompt                         0x08006199   Thumb Code    96  shell.o(i.finsh_get_prompt)
    finsh_getchar                            0x0800620d   Thumb Code   102  shell.o(i.finsh_getchar)
    finsh_set_device                         0x080062d1   Thumb Code   158  shell.o(i.finsh_set_device)
    finsh_set_prompt_mode                    0x080063b1   Thumb Code    42  shell.o(i.finsh_set_prompt_mode)
    finsh_system_init                        0x0800640d   Thumb Code   100  shell.o(i.finsh_system_init)
    list_device                              0x08006b29   Thumb Code   200  cmd.o(i.list_device)
    list_event                               0x08006c65   Thumb Code   226  cmd.o(i.list_event)
    list_mailbox                             0x08006e89   Thumb Code   246  cmd.o(i.list_mailbox)
    list_mempool                             0x08006ff9   Thumb Code   254  cmd.o(i.list_mempool)
    list_msgqueue                            0x08007185   Thumb Code   238  cmd.o(i.list_msgqueue)
    list_mutex                               0x080072e5   Thumb Code   262  cmd.o(i.list_mutex)
    list_sem                                 0x08007491   Thumb Code   238  cmd.o(i.list_sem)
    list_thread                              0x080075e5   Thumb Code   352  cmd.o(i.list_thread)
    list_timer                               0x0800780d   Thumb Code   236  cmd.o(i.list_timer)
    $Super$$main                             0x080079cd   Thumb Code    48  main.o(i.main)
    msh_auto_complete                        0x08007af5   Thumb Code   120  msh.o(i.msh_auto_complete)
    msh_cmd_opt_id_get                       0x08007b79   Thumb Code    56  msh.o(i.msh_cmd_opt_id_get)
    msh_exec                                 0x08007bb1   Thumb Code    88  msh.o(i.msh_exec)
    msh_isint                                0x08007d4d   Thumb Code    60  msh_parse.o(i.msh_isint)
    msh_opt_auto_complete                    0x08007d89   Thumb Code   110  msh.o(i.msh_opt_auto_complete)
    msh_opt_list_dump                        0x08007ea1   Thumb Code    30  msh.o(i.msh_opt_list_dump)
    rt_application_init                      0x080082fd   Thumb Code    46  components.o(i.rt_application_init)
    rt_assert_handler                        0x0800834d   Thumb Code    60  kservice.o(i.rt_assert_handler)
    rt_backtrace                             0x080083c5   Thumb Code    16  kservice.o(i.rt_backtrace)
    rt_backtrace_frame                       0x080083f1   Thumb Code    56  kservice.o(i.rt_backtrace_frame)
    rt_backtrace_thread                      0x08008461   Thumb Code    36  kservice.o(i.rt_backtrace_thread)
    rt_calloc                                0x08008485   Thumb Code    34  kservice.o(i.rt_calloc)
    rt_completion_done                       0x080084a7   Thumb Code    12  completion.o(i.rt_completion_done)
    rt_completion_init                       0x080084b5   Thumb Code    22  completion.o(i.rt_completion_init)
    rt_completion_wait                       0x080084e9   Thumb Code   282  completion.o(i.rt_completion_wait)
    rt_components_board_init                 0x080086e1   Thumb Code    20  components.o(i.rt_components_board_init)
    rt_components_init                       0x080086fd   Thumb Code    20  components.o(i.rt_components_init)
    rt_console_get_device                    0x08008719   Thumb Code     6  kservice.o(i.rt_console_get_device)
    rt_console_set_device                    0x08008725   Thumb Code    56  kservice.o(i.rt_console_set_device)
    rt_critical_level                        0x08008761   Thumb Code     8  scheduler_up.o(i.rt_critical_level)
    rt_data_queue_deinit                     0x0800876d   Thumb Code    78  dataqueue.o(i.rt_data_queue_deinit)
    rt_data_queue_init                       0x080087f9   Thumb Code   128  dataqueue.o(i.rt_data_queue_init)
    rt_data_queue_len                        0x080088a1   Thumb Code   126  dataqueue.o(i.rt_data_queue_len)
    rt_data_queue_peek                       0x0800895d   Thumb Code   112  dataqueue.o(i.rt_data_queue_peek)
    rt_data_queue_pop                        0x08008a09   Thumb Code   476  dataqueue.o(i.rt_data_queue_pop)
    rt_data_queue_push                       0x08008cd5   Thumb Code   408  dataqueue.o(i.rt_data_queue_push)
    rt_data_queue_reset                      0x08008f39   Thumb Code   136  dataqueue.o(i.rt_data_queue_reset)
    rt_device_close                          0x0800903d   Thumb Code    94  device.o(i.rt_device_close)
    rt_device_find                           0x080090ed   Thumb Code    14  device.o(i.rt_device_find)
    rt_device_open                           0x080090fd   Thumb Code   214  device.o(i.rt_device_open)
    rt_device_pin_register                   0x08009291   Thumb Code    56  pin.o(i.rt_device_pin_register)
    rt_device_read                           0x080092d9   Thumb Code    98  device.o(i.rt_device_read)
    rt_device_register                       0x0800938d   Thumb Code    52  device.o(i.rt_device_register)
    rt_device_set_rx_indicate                0x080093c1   Thumb Code    48  device.o(i.rt_device_set_rx_indicate)
    rt_device_write                          0x08009441   Thumb Code    98  device.o(i.rt_device_write)
    rt_enter_critical                        0x08009645   Thumb Code    36  scheduler_up.o(i.rt_enter_critical)
    rt_exit_critical                         0x0800966d   Thumb Code    60  scheduler_up.o(i.rt_exit_critical)
    rt_exit_critical_safe                    0x080096b1   Thumb Code    74  scheduler_up.o(i.rt_exit_critical_safe)
    rt_free                                  0x08009745   Thumb Code    48  kservice.o(i.rt_free)
    rt_hw_atomic_add                         0x08009779   Thumb Code    22  atomic_arm.o(i.rt_hw_atomic_add)
    rt_hw_atomic_load                        0x0800978f   Thumb Code    18  atomic_arm.o(i.rt_hw_atomic_load)
    rt_hw_atomic_sub                         0x080097a1   Thumb Code    22  atomic_arm.o(i.rt_hw_atomic_sub)
    rt_hw_backtrace_frame_get                0x080097b9   Thumb Code    36  kservice.o(i.rt_hw_backtrace_frame_get)
    rt_hw_backtrace_frame_unwind             0x0800981d   Thumb Code    36  kservice.o(i.rt_hw_backtrace_frame_unwind)
    rt_hw_board_init                         0x08009881   Thumb Code    38  drv_common.o(i.rt_hw_board_init)
    rt_hw_console_output                     0x080098b9   Thumb Code     2  kservice.o(i.rt_hw_console_output)
    rt_hw_cpu_reset                          0x080098bd   Thumb Code     8  cpuport.o(i.rt_hw_cpu_reset)
    rt_hw_hard_fault_exception               0x080098cd   Thumb Code   198  cpuport.o(i.rt_hw_hard_fault_exception)
    rt_hw_pin_init                           0x08009ad5   Thumb Code   198  drv_gpio.o(i.rt_hw_pin_init)
    rt_hw_serial_isr                         0x08009ba9   Thumb Code   432  serial.o(i.rt_hw_serial_isr)
    rt_hw_serial_register                    0x08009dad   Thumb Code    84  serial.o(i.rt_hw_serial_register)
    rt_hw_stack_init                         0x08009e31   Thumb Code    70  cpuport.o(i.rt_hw_stack_init)
    rt_hw_systick_init                       0x08009e7d   Thumb Code    78  drv_common.o(i.rt_hw_systick_init)
    rt_hw_usart_init                         0x08009edd   Thumb Code   180  drv_usart.o(i.rt_hw_usart_init)
    rt_interrupt_enter                       0x08009fb9   Thumb Code    28  irq.o(i.rt_interrupt_enter)
    rt_interrupt_get_nest                    0x08009fdd   Thumb Code    26  irq.o(i.rt_interrupt_get_nest)
    rt_interrupt_leave                       0x08009ffd   Thumb Code    28  irq.o(i.rt_interrupt_leave)
    rt_kprintf                               0x0800a021   Thumb Code    50  kservice.o(i.rt_kprintf)
    rt_malloc                                0x0800a125   Thumb Code    52  kservice.o(i.rt_malloc)
    rt_memcpy                                0x0800a161   Thumb Code   128  kstring.o(i.rt_memcpy)
    rt_memmove                               0x0800a1e1   Thumb Code    66  kstring.o(i.rt_memmove)
    rt_memory_info                           0x0800a225   Thumb Code    64  kservice.o(i.rt_memory_info)
    rt_memset                                0x0800a269   Thumb Code    96  kstring.o(i.rt_memset)
    rt_mutex_drop_thread                     0x0800a2c9   Thumb Code   242  ipc.o(i.rt_mutex_drop_thread)
    rt_mutex_init                            0x0800a47d   Thumb Code    74  ipc.o(i.rt_mutex_init)
    rt_mutex_release                         0x0800a4e1   Thumb Code   382  ipc.o(i.rt_mutex_release)
    rt_mutex_take                            0x0800a711   Thumb Code    18  ipc.o(i.rt_mutex_take)
    rt_object_allocate                       0x0800a725   Thumb Code   154  object.o(i.rt_object_allocate)
    rt_object_delete                         0x0800a80d   Thumb Code   118  object.o(i.rt_object_delete)
    rt_object_detach                         0x0800a8e5   Thumb Code    92  object.o(i.rt_object_detach)
    rt_object_find                           0x0800a975   Thumb Code   128  object.o(i.rt_object_find)
    rt_object_get_information                0x0800aa25   Thumb Code    44  object.o(i.rt_object_get_information)
    rt_object_get_type                       0x0800aa55   Thumb Code    26  object.o(i.rt_object_get_type)
    rt_object_init                           0x0800aa89   Thumb Code   152  object.o(i.rt_object_init)
    rt_object_is_systemobject                0x0800ab51   Thumb Code    34  object.o(i.rt_object_is_systemobject)
    rt_pin_get                               0x0800ab8d   Thumb Code    46  pin.o(i.rt_pin_get)
    rt_pin_mode                              0x0800abdd   Thumb Code    38  pin.o(i.rt_pin_mode)
    rt_pin_read                              0x0800ac25   Thumb Code    34  pin.o(i.rt_pin_read)
    rt_pin_write                             0x0800ac69   Thumb Code    38  pin.o(i.rt_pin_write)
    rt_sched_insert_thread                   0x0800acb1   Thumb Code   156  scheduler_up.o(i.rt_sched_insert_thread)
    rt_sched_lock                            0x0800ad71   Thumb Code    24  scheduler_up.o(i.rt_sched_lock)
    rt_sched_remove_thread                   0x0800ad89   Thumb Code    90  scheduler_up.o(i.rt_sched_remove_thread)
    rt_sched_thread_bind_cpu                 0x0800ae05   Thumb Code     8  scheduler_up.o(i.rt_sched_thread_bind_cpu)
    rt_sched_thread_change_priority          0x0800ae0d   Thumb Code    82  scheduler_comm.o(i.rt_sched_thread_change_priority)
    rt_sched_thread_close                    0x0800ae89   Thumb Code    12  scheduler_comm.o(i.rt_sched_thread_close)
    rt_sched_thread_get_curr_prio            0x0800ae95   Thumb Code     8  scheduler_comm.o(i.rt_sched_thread_get_curr_prio)
    rt_sched_thread_get_init_prio            0x0800ae9d   Thumb Code     8  scheduler_comm.o(i.rt_sched_thread_get_init_prio)
    rt_sched_thread_get_stat                 0x0800aea5   Thumb Code    12  scheduler_comm.o(i.rt_sched_thread_get_stat)
    rt_sched_thread_init_ctx                 0x0800aeb1   Thumb Code    26  scheduler_comm.o(i.rt_sched_thread_init_ctx)
    rt_sched_thread_init_priv                0x0800aecd   Thumb Code    50  scheduler_up.o(i.rt_sched_thread_init_priv)
    rt_sched_thread_is_suspended             0x0800af29   Thumb Code    12  scheduler_comm.o(i.rt_sched_thread_is_suspended)
    rt_sched_thread_ready                    0x0800af35   Thumb Code    74  scheduler_comm.o(i.rt_sched_thread_ready)
    rt_sched_thread_startup                  0x0800af7f   Thumb Code    18  scheduler_up.o(i.rt_sched_thread_startup)
    rt_sched_thread_timer_start              0x0800af91   Thumb Code    20  scheduler_comm.o(i.rt_sched_thread_timer_start)
    rt_sched_thread_timer_stop               0x0800afa5   Thumb Code    44  scheduler_comm.o(i.rt_sched_thread_timer_stop)
    rt_sched_thread_yield                    0x0800afd1   Thumb Code    22  scheduler_comm.o(i.rt_sched_thread_yield)
    rt_sched_tick_increase                   0x0800afe7   Thumb Code    48  scheduler_comm.o(i.rt_sched_tick_increase)
    rt_sched_unlock                          0x0800b017   Thumb Code    14  scheduler_up.o(i.rt_sched_unlock)
    rt_sched_unlock_n_resched                0x0800b025   Thumb Code    24  scheduler_up.o(i.rt_sched_unlock_n_resched)
    rt_schedule                              0x0800b03d   Thumb Code   316  scheduler_up.o(i.rt_schedule)
    rt_scheduler_stack_check                 0x0800b195   Thumb Code   114  scheduler_comm.o(i.rt_scheduler_stack_check)
    rt_sem_control                           0x0800b2ad   Thumb Code   192  ipc.o(i.rt_sem_control)
    rt_sem_init                              0x0800b385   Thumb Code    92  ipc.o(i.rt_sem_init)
    rt_sem_release                           0x0800b445   Thumb Code   148  ipc.o(i.rt_sem_release)
    rt_sem_take                              0x0800b4f5   Thumb Code    18  ipc.o(i.rt_sem_take)
    rt_set_errno                             0x0800bb51   Thumb Code    38  kservice.o(i.rt_set_errno)
    rt_show_version                          0x0800bb7d   Thumb Code    42  kservice.o(i.rt_show_version)
    rt_smem_alloc                            0x0800bc41   Thumb Code   424  mem.o(i.rt_smem_alloc)
    rt_smem_free                             0x0800be9d   Thumb Code   202  mem.o(i.rt_smem_free)
    rt_smem_init                             0x0800c03d   Thumb Code   172  mem.o(i.rt_smem_init)
    rt_snprintf                              0x0800c12d   Thumb Code    40  kstdio.o(i.rt_snprintf)
    rt_strerror                              0x0800c249   Thumb Code    44  kservice.o(i.rt_strerror)
    rt_susp_list_dequeue                     0x0800c281   Thumb Code    72  ipc.o(i.rt_susp_list_dequeue)
    rt_susp_list_enqueue                     0x0800c2e5   Thumb Code   122  ipc.o(i.rt_susp_list_enqueue)
    rt_susp_list_print                       0x0800c369   Thumb Code    54  ipc.o(i.rt_susp_list_print)
    rt_susp_list_resume_all                  0x0800c3ad   Thumb Code    36  ipc.o(i.rt_susp_list_resume_all)
    rt_susp_list_resume_all_irq              0x0800c3d1   Thumb Code    48  ipc.o(i.rt_susp_list_resume_all_irq)
    rt_system_heap_init                      0x0800c401   Thumb Code    16  kservice.o(i.rt_system_heap_init)
    rt_system_scheduler_init                 0x0800c411   Thumb Code    36  scheduler_up.o(i.rt_system_scheduler_init)
    rt_system_scheduler_start                0x0800c441   Thumb Code    36  scheduler_up.o(i.rt_system_scheduler_start)
    rt_system_timer_init                     0x0800c469   Thumb Code    28  timer.o(i.rt_system_timer_init)
    rt_system_timer_thread_init              0x0800c489   Thumb Code    74  timer.o(i.rt_system_timer_thread_init)
    rt_thread_control                        0x0800c4f9   Thumb Code   154  thread.o(i.rt_thread_control)
    rt_thread_create                         0x0800c5b1   Thumb Code    98  thread.o(i.rt_thread_create)
    rt_thread_defunct_dequeue                0x0800c625   Thumb Code    56  idle.o(i.rt_thread_defunct_dequeue)
    rt_thread_defunct_enqueue                0x0800c661   Thumb Code    42  idle.o(i.rt_thread_defunct_enqueue)
    rt_thread_delete                         0x0800c695   Thumb Code    68  thread.o(i.rt_thread_delete)
    rt_thread_detach                         0x0800c731   Thumb Code    68  thread.o(i.rt_thread_detach)
    rt_thread_idle_init                      0x0800c7c1   Thumb Code    92  idle.o(i.rt_thread_idle_init)
    rt_thread_init                           0x0800c831   Thumb Code    96  thread.o(i.rt_thread_init)
    rt_thread_mdelay                         0x0800c8cd   Thumb Code    20  thread.o(i.rt_thread_mdelay)
    rt_thread_resume                         0x0800c8e1   Thumb Code    94  thread.o(i.rt_thread_resume)
    rt_thread_self                           0x0800c961   Thumb Code     6  thread.o(i.rt_thread_self)
    rt_thread_startup                        0x0800c96d   Thumb Code    78  thread.o(i.rt_thread_startup)
    rt_thread_suspend_to_list                0x0800c9dd   Thumb Code   188  thread.o(i.rt_thread_suspend_to_list)
    rt_thread_suspend_with_flag              0x0800cad5   Thumb Code    20  thread.o(i.rt_thread_suspend_with_flag)
    rt_tick_from_millisecond                 0x0800cae9   Thumb Code    56  clock.o(i.rt_tick_from_millisecond)
    rt_tick_get                              0x0800cb21   Thumb Code    10  clock.o(i.rt_tick_get)
    rt_tick_increase                         0x0800cb31   Thumb Code    54  clock.o(i.rt_tick_increase)
    rt_timer_check                           0x0800cb91   Thumb Code   254  timer.o(i.rt_timer_check)
    rt_timer_control                         0x0800ccc1   Thumb Code   220  timer.o(i.rt_timer_control)
    rt_timer_detach                          0x0800ce19   Thumb Code   108  timer.o(i.rt_timer_detach)
    rt_timer_init                            0x0800cf05   Thumb Code    94  timer.o(i.rt_timer_init)
    rt_timer_start                           0x0800cfa9   Thumb Code   176  timer.o(i.rt_timer_start)
    rt_timer_stop                            0x0800d101   Thumb Code   122  timer.o(i.rt_timer_stop)
    rt_vsnprintf                             0x0800d1d5   Thumb Code  1054  kstdio.o(i.rt_vsnprintf)
    rtthread_startup                         0x0800d60d   Thumb Code    42  components.o(i.rtthread_startup)
    stm32_flash_erase                        0x0800dc69   Thumb Code    18  drv_flash_f1.o(i.stm32_flash_erase)
    stm32_flash_erase_bank                   0x0800dc7d   Thumb Code   112  drv_flash_f1.o(i.stm32_flash_erase_bank)
    stm32_flash_read                         0x0800dd41   Thumb Code    72  drv_flash_f1.o(i.stm32_flash_read)
    stm32_flash_write                        0x0800ddd5   Thumb Code   156  drv_flash_f1.o(i.stm32_flash_write)
    stm32_uart_get_mask                      0x0800e44d   Thumb Code    32  drv_usart.o(i.stm32_uart_get_mask)
    _get_lc_ctype                            0x0800e6fd   Thumb Code    44  lc_ctype_c.o(locale$$code)
    stm32_onchip_flash                       0x0800ea54   Data         104  drv_flash_f1.o(.constdata)
    AHBPrescTable                            0x0800f508   Data          16  system_stm32f1xx.o(.constdata)
    APBPrescTable                            0x0800f518   Data           8  system_stm32f1xx.o(.constdata)
    __fsym_pin_name                          0x0801017e   Data           4  pin.o(.rodata.name)
    __fsym_pin_desc                          0x08010182   Data          13  pin.o(.rodata.name)
    __fsym_reboot_name                       0x0801018f   Data           7  drv_common.o(.rodata.name)
    __fsym_reboot_desc                       0x08010196   Data          14  drv_common.o(.rodata.name)
    __fsym_fal_name                          0x080101a4   Data           4  fal_rtt.o(.rodata.name)
    __fsym_fal_desc                          0x080101a8   Data          39  fal_rtt.o(.rodata.name)
    __fsym_help_name                         0x080101cf   Data           5  msh.o(.rodata.name)
    __fsym_help_desc                         0x080101d4   Data          21  msh.o(.rodata.name)
    __fsym_ps_name                           0x080101e9   Data           3  msh.o(.rodata.name)
    __fsym_ps_desc                           0x080101ec   Data          27  msh.o(.rodata.name)
    __fsym_free_name                         0x08010207   Data           5  msh.o(.rodata.name)
    __fsym_free_desc                         0x0801020c   Data          36  msh.o(.rodata.name)
    __fsym_clear_name                        0x08010230   Data           6  cmd.o(.rodata.name)
    __fsym_clear_desc                        0x08010236   Data          26  cmd.o(.rodata.name)
    __fsym_version_name                      0x08010250   Data           8  cmd.o(.rodata.name)
    __fsym_version_desc                      0x08010258   Data          35  cmd.o(.rodata.name)
    __fsym_list_name                         0x0801027b   Data           5  cmd.o(.rodata.name)
    __fsym_list_desc                         0x08010280   Data          13  cmd.o(.rodata.name)
    __fsym_backtrace_name                    0x0801028d   Data          10  kservice.o(.rodata.name)
    __fsym_backtrace_desc                    0x08010297   Data          28  kservice.o(.rodata.name)
    __rt_init_rti_start                      0x080102b4   Data           4  components.o(.rti_fn.0)
    __rt_init_rti_board_start                0x080102b8   Data           4  components.o(.rti_fn.0.end)
    __rt_init_rti_board_end                  0x080102bc   Data           4  components.o(.rti_fn.1.end)
    __rt_init_finsh_system_init              0x080102c0   Data           4  shell.o(.rti_fn.6)
    __rt_init_rti_end                        0x080102c4   Data           4  components.o(.rti_fn.6.end)
    FSymTab$$Base                            0x080102c8   Number         0  pin.o(FSymTab)
    __fsym_pin                               0x080102c8   Data          16  pin.o(FSymTab)
    __fsym_reboot                            0x080102d8   Data          16  drv_common.o(FSymTab)
    __fsym_fal                               0x080102e8   Data          16  fal_rtt.o(FSymTab)
    __fsym_help                              0x080102f8   Data          16  msh.o(FSymTab)
    __fsym_ps                                0x08010308   Data          16  msh.o(FSymTab)
    __fsym_free                              0x08010318   Data          16  msh.o(FSymTab)
    __fsym_clear                             0x08010328   Data          16  cmd.o(FSymTab)
    __fsym_version                           0x08010338   Data          16  cmd.o(FSymTab)
    __fsym_list                              0x08010348   Data          16  cmd.o(FSymTab)
    __fsym_backtrace                         0x08010358   Data          16  kservice.o(FSymTab)
    FSymTab$$Limit                           0x08010368   Number         0  kservice.o(FSymTab)
    Region$$Table$$Base                      0x08010368   Number         0  anon$$obj.o(Region$$Table)
    Region$$Table$$Limit                     0x08010388   Number         0  anon$$obj.o(Region$$Table)
    __ctype                                  0x08010395   Data           0  lc_ctype_c.o(locale$$data)
    _syscall_table_begin                     0x20000148   Data           4  shell.o(.data)
    _syscall_table_end                       0x2000014c   Data           4  shell.o(.data)
    shell                                    0x20000150   Data           4  shell.o(.data)
    rt_interrupt_nest                        0x200001fc   Data           4  irq.o(.data)
    rt_assert_hook                           0x20000294   Data           4  kservice.o(.data)
    rt_object_trytake_hook                   0x200003a8   Data           4  object.o(.data)
    rt_object_take_hook                      0x200003ac   Data           4  object.o(.data)
    rt_object_put_hook                       0x200003b0   Data           4  object.o(.data)
    rt_thread_ready_priority_group           0x200003b4   Data           4  scheduler_up.o(.data)
    rt_current_thread                        0x200003bc   Data           4  scheduler_up.o(.data)
    rt_current_priority                      0x200003c0   Data           1  scheduler_up.o(.data)
    rt_interrupt_from_thread                 0x20000404   Data           4  cpuport.o(.data)
    rt_interrupt_to_thread                   0x20000408   Data           4  cpuport.o(.data)
    rt_thread_switch_interrupt_flag          0x2000040c   Data           4  cpuport.o(.data)
    SystemCoreClock                          0x20000414   Data           4  system_stm32f1xx.o(.data)
    uwTick                                   0x20000418   Data           4  stm32f1xx_hal.o(.data)
    uwTickPrio                               0x2000041c   Data           4  stm32f1xx_hal.o(.data)
    uwTickFreq                               0x20000420   Data           1  stm32f1xx_hal.o(.data)
    rt_thread_priority_table                 0x20000894   Data         256  scheduler_up.o(.bss)
    pFlash                                   0x20000c58   Data          32  stm32f1xx_hal_flash.o(.bss)
    __libspace_start                         0x20000c78   Data          96  libspace.o(.bss)
    __temporary_stack_top$libspace           0x20000cd8   Data           0  libspace.o(.bss)
    Image$$RW_IRAM1$$ZI$$Limit               0x200010d8   Number         0  anon$$obj.o ABSOLUTE



==============================================================================

Memory Map of the image

  Image Entry point : 0x08000131

  Load Region LR_IROM1 (Base: 0x08000000, Size: 0x000108bc, Max: 0x00040000, ABSOLUTE, COMPRESSED[0x000105b8])

    Execution Region ER_IROM1 (Base: 0x08000000, Size: 0x00010498, Max: 0x00040000, ABSOLUTE)

    Base Addr    Size         Type   Attr      Idx    E Section Name        Object

    0x08000000   0x00000130   Data   RO         2265    RESET               startup_stm32f103xe.o
    0x08000130   0x00000008   Code   RO         6416  * !!!main             c_w.l(__main.o)
    0x08000138   0x00000034   Code   RO         6585    !!!scatter          c_w.l(__scatter.o)
    0x0800016c   0x0000005a   Code   RO         6583    !!dczerorl2         c_w.l(__dczerorl2.o)
    0x080001c6   0x00000002   PAD
    0x080001c8   0x0000001c   Code   RO         6587    !!handler_zi        c_w.l(__scatter_zi.o)
    0x080001e4   0x00000002   Code   RO         6512    .ARM.Collect$$libinit$$00000000  c_w.l(libinit.o)
    0x080001e6   0x00000000   Code   RO         6457    .ARM.Collect$$libinit$$00000002  c_w.l(libinit2.o)
    0x080001e6   0x00000000   Code   RO         6459    .ARM.Collect$$libinit$$00000004  c_w.l(libinit2.o)
    0x080001e6   0x00000000   Code   RO         6462    .ARM.Collect$$libinit$$0000000A  c_w.l(libinit2.o)
    0x080001e6   0x00000000   Code   RO         6464    .ARM.Collect$$libinit$$0000000C  c_w.l(libinit2.o)
    0x080001e6   0x00000000   Code   RO         6466    .ARM.Collect$$libinit$$0000000E  c_w.l(libinit2.o)
    0x080001e6   0x00000006   Code   RO         6467    .ARM.Collect$$libinit$$0000000F  c_w.l(libinit2.o)
    0x080001ec   0x00000000   Code   RO         6469    .ARM.Collect$$libinit$$00000011  c_w.l(libinit2.o)
    0x080001ec   0x0000000c   Code   RO         6470    .ARM.Collect$$libinit$$00000012  c_w.l(libinit2.o)
    0x080001f8   0x00000000   Code   RO         6471    .ARM.Collect$$libinit$$00000013  c_w.l(libinit2.o)
    0x080001f8   0x00000000   Code   RO         6473    .ARM.Collect$$libinit$$00000015  c_w.l(libinit2.o)
    0x080001f8   0x00000000   Code   RO         6475    .ARM.Collect$$libinit$$00000017  c_w.l(libinit2.o)
    0x080001f8   0x00000000   Code   RO         6477    .ARM.Collect$$libinit$$00000019  c_w.l(libinit2.o)
    0x080001f8   0x00000000   Code   RO         6479    .ARM.Collect$$libinit$$0000001B  c_w.l(libinit2.o)
    0x080001f8   0x00000000   Code   RO         6481    .ARM.Collect$$libinit$$0000001D  c_w.l(libinit2.o)
    0x080001f8   0x00000000   Code   RO         6483    .ARM.Collect$$libinit$$0000001F  c_w.l(libinit2.o)
    0x080001f8   0x00000000   Code   RO         6485    .ARM.Collect$$libinit$$00000021  c_w.l(libinit2.o)
    0x080001f8   0x00000000   Code   RO         6487    .ARM.Collect$$libinit$$00000023  c_w.l(libinit2.o)
    0x080001f8   0x00000000   Code   RO         6489    .ARM.Collect$$libinit$$00000025  c_w.l(libinit2.o)
    0x080001f8   0x00000000   Code   RO         6493    .ARM.Collect$$libinit$$0000002C  c_w.l(libinit2.o)
    0x080001f8   0x00000000   Code   RO         6495    .ARM.Collect$$libinit$$0000002E  c_w.l(libinit2.o)
    0x080001f8   0x00000000   Code   RO         6497    .ARM.Collect$$libinit$$00000030  c_w.l(libinit2.o)
    0x080001f8   0x00000000   Code   RO         6499    .ARM.Collect$$libinit$$00000032  c_w.l(libinit2.o)
    0x080001f8   0x00000002   Code   RO         6500    .ARM.Collect$$libinit$$00000033  c_w.l(libinit2.o)
    0x080001fa   0x00000002   Code   RO         6542    .ARM.Collect$$libshutdown$$00000000  c_w.l(libshutdown.o)
    0x080001fc   0x00000000   Code   RO         6548    .ARM.Collect$$libshutdown$$00000002  c_w.l(libshutdown2.o)
    0x080001fc   0x00000000   Code   RO         6550    .ARM.Collect$$libshutdown$$00000004  c_w.l(libshutdown2.o)
    0x080001fc   0x00000000   Code   RO         6553    .ARM.Collect$$libshutdown$$00000007  c_w.l(libshutdown2.o)
    0x080001fc   0x00000000   Code   RO         6556    .ARM.Collect$$libshutdown$$0000000A  c_w.l(libshutdown2.o)
    0x080001fc   0x00000000   Code   RO         6558    .ARM.Collect$$libshutdown$$0000000C  c_w.l(libshutdown2.o)
    0x080001fc   0x00000000   Code   RO         6561    .ARM.Collect$$libshutdown$$0000000F  c_w.l(libshutdown2.o)
    0x080001fc   0x00000002   Code   RO         6562    .ARM.Collect$$libshutdown$$00000010  c_w.l(libshutdown2.o)
    0x080001fe   0x00000000   Code   RO         6418    .ARM.Collect$$rtentry$$00000000  c_w.l(__rtentry.o)
    0x080001fe   0x00000000   Code   RO         6440    .ARM.Collect$$rtentry$$00000002  c_w.l(__rtentry2.o)
    0x080001fe   0x00000006   Code   RO         6452    .ARM.Collect$$rtentry$$00000004  c_w.l(__rtentry4.o)
    0x08000204   0x00000000   Code   RO         6442    .ARM.Collect$$rtentry$$00000009  c_w.l(__rtentry2.o)
    0x08000204   0x00000004   Code   RO         6443    .ARM.Collect$$rtentry$$0000000A  c_w.l(__rtentry2.o)
    0x08000208   0x00000000   Code   RO         6445    .ARM.Collect$$rtentry$$0000000C  c_w.l(__rtentry2.o)
    0x08000208   0x00000008   Code   RO         6446    .ARM.Collect$$rtentry$$0000000D  c_w.l(__rtentry2.o)
    0x08000210   0x00000002   Code   RO         6515    .ARM.Collect$$rtexit$$00000000  c_w.l(rtexit.o)
    0x08000212   0x00000000   Code   RO         6522    .ARM.Collect$$rtexit$$00000002  c_w.l(rtexit2.o)
    0x08000212   0x00000004   Code   RO         6523    .ARM.Collect$$rtexit$$00000003  c_w.l(rtexit2.o)
    0x08000216   0x00000006   Code   RO         6524    .ARM.Collect$$rtexit$$00000004  c_w.l(rtexit2.o)
    0x0800021c   0x00000010   Code   RO         4891    .emb_text           cpuport.o
    0x0800022c   0x0000003c   Code   RO         2266    .text               startup_stm32f103xe.o
    0x08000268   0x000000fc   Code   RO         4887    .text               context_rvds.o
    0x08000364   0x00000002   Code   RO         6378    .text               c_w.l(use_no_semi.o)
    0x08000366   0x00000002   PAD
    0x08000368   0x00000010   Code   RO         6380    .text               c_w.l(rt_ctype_table.o)
    0x08000378   0x00000026   Code   RO         6384    .text               c_w.l(llushr.o)
    0x0800039e   0x0000001a   Code   RO         6388    .text               c_w.l(atoi.o)
    0x080003b8   0x00000070   Code   RO         6390    .text               c_w.l(strtol.o)
    0x08000428   0x00000072   Code   RO         6392    .text               c_w.l(strtoul.o)
    0x0800049a   0x00000014   Code   RO         6394    .text               c_w.l(strchr.o)
    0x080004ae   0x00000058   Code   RO         6396    .text               c_w.l(memcmp.o)
    0x08000506   0x00000048   Code   RO         6398    .text               c_w.l(strcpy.o)
    0x0800054e   0x0000003e   Code   RO         6402    .text               c_w.l(strlen.o)
    0x0800058c   0x00000096   Code   RO         6404    .text               c_w.l(strncmp.o)
    0x08000622   0x00000064   Code   RO         6406    .text               c_w.l(rt_memcpy_w.o)
    0x08000686   0x0000004e   Code   RO         6408    .text               c_w.l(rt_memclr_w.o)
    0x080006d4   0x00000056   Code   RO         6410    .text               c_w.l(strncpy.o)
    0x0800072a   0x00000002   PAD
    0x0800072c   0x00000080   Code   RO         6412    .text               c_w.l(strcmpv7m.o)
    0x080007ac   0x00000006   Code   RO         6414    .text               c_w.l(heapauxi.o)
    0x080007b2   0x00000002   PAD
    0x080007b4   0x00000008   Code   RO         6422    .text               c_w.l(rt_locale_intlibspace.o)
    0x080007bc   0x00000008   Code   RO         6427    .text               c_w.l(rt_errno_addr_intlibspace.o)
    0x080007c4   0x0000009e   Code   RO         6429    .text               c_w.l(_strtoul.o)
    0x08000862   0x00000044   Code   RO         6434    .text               c_w.l(rt_memclr.o)
    0x080008a6   0x00000002   PAD
    0x080008a8   0x00000008   Code   RO         6436    .text               c_w.l(libspace.o)
    0x080008b0   0x0000001c   Code   RO         6454    .text               c_w.l(_chval.o)
    0x080008cc   0x0000004a   Code   RO         6501    .text               c_w.l(sys_stackheap_outer.o)
    0x08000916   0x00000012   Code   RO         6503    .text               c_w.l(exit.o)
    0x08000928   0x0000000a   Code   RO         2968    i.$Sub$$main        components.o
    0x08000932   0x0000002c   Code   RO         5377    i.DMA_SetConfig     stm32f1xx_hal_dma.o
    0x0800095e   0x00000012   Code   RO         1919    i.EXTI0_IRQHandler  drv_gpio.o
    0x08000970   0x0000003c   Code   RO         1920    i.EXTI15_10_IRQHandler  drv_gpio.o
    0x080009ac   0x00000012   Code   RO         1921    i.EXTI1_IRQHandler  drv_gpio.o
    0x080009be   0x00000012   Code   RO         1922    i.EXTI2_IRQHandler  drv_gpio.o
    0x080009d0   0x00000012   Code   RO         1923    i.EXTI3_IRQHandler  drv_gpio.o
    0x080009e2   0x00000012   Code   RO         1924    i.EXTI4_IRQHandler  drv_gpio.o
    0x080009f4   0x0000002e   Code   RO         1925    i.EXTI9_5_IRQHandler  drv_gpio.o
    0x08000a22   0x00000002   PAD
    0x08000a24   0x00000028   Code   RO         6207    i.FLASH_MassErase   stm32f1xx_hal_flash_ex.o
    0x08000a4c   0x00000028   Code   RO         6216    i.FLASH_PageErase   stm32f1xx_hal_flash_ex.o
    0x08000a74   0x00000020   Code   RO         6068    i.FLASH_Program_HalfWord  stm32f1xx_hal_flash.o
    0x08000a94   0x00000084   Code   RO         6069    i.FLASH_SetErrorCode  stm32f1xx_hal_flash.o
    0x08000b18   0x00000070   Code   RO         6070    i.FLASH_WaitForLastOperation  stm32f1xx_hal_flash.o
    0x08000b88   0x0000000a   Code   RO         1795    i.GetPage           drv_flash_f1.o
    0x08000b92   0x00000056   Code   RO         5378    i.HAL_DMA_Abort     stm32f1xx_hal_dma.o
    0x08000be8   0x000001a8   Code   RO         5379    i.HAL_DMA_Abort_IT  stm32f1xx_hal_dma.o
    0x08000d90   0x0000008c   Code   RO         5380    i.HAL_DMA_DeInit    stm32f1xx_hal_dma.o
    0x08000e1c   0x0000008c   Code   RO         5384    i.HAL_DMA_Init      stm32f1xx_hal_dma.o
    0x08000ea8   0x0000009c   Code   RO         5388    i.HAL_DMA_Start_IT  stm32f1xx_hal_dma.o
    0x08000f44   0x000000b0   Code   RO         6217    i.HAL_FLASHEx_Erase  stm32f1xx_hal_flash_ex.o
    0x08000ff4   0x00000014   Code   RO         6074    i.HAL_FLASH_Lock    stm32f1xx_hal_flash.o
    0x08001008   0x000000b0   Code   RO         6079    i.HAL_FLASH_Program  stm32f1xx_hal_flash.o
    0x080010b8   0x00000030   Code   RO         6081    i.HAL_FLASH_Unlock  stm32f1xx_hal_flash.o
    0x080010e8   0x00000154   Code   RO         6313    i.HAL_GPIO_DeInit   stm32f1xx_hal_gpio.o
    0x0800123c   0x00000030   Code   RO         1926    i.HAL_GPIO_EXTI_Callback  drv_gpio.o
    0x0800126c   0x0000001c   Code   RO         6315    i.HAL_GPIO_EXTI_IRQHandler  stm32f1xx_hal_gpio.o
    0x08001288   0x00000340   Code   RO         6316    i.HAL_GPIO_Init     stm32f1xx_hal_gpio.o
    0x080015c8   0x00000010   Code   RO         6318    i.HAL_GPIO_ReadPin  stm32f1xx_hal_gpio.o
    0x080015d8   0x0000000c   Code   RO         6320    i.HAL_GPIO_WritePin  stm32f1xx_hal_gpio.o
    0x080015e4   0x0000001c   Code   RO         2163    i.HAL_GetTick       drv_common.o
    0x08001600   0x00000018   Code   RO         2164    i.HAL_IncTick       drv_common.o
    0x08001618   0x00000028   Code   RO         5912    i.HAL_Init          stm32f1xx_hal.o
    0x08001640   0x0000000c   Code   RO         2165    i.HAL_InitTick      drv_common.o
    0x0800164c   0x00000054   Code   RO         2273    i.HAL_MspInit       stm32f1xx_hal_msp.o
    0x080016a0   0x00000044   Code   RO         4988    i.HAL_NVIC_DisableIRQ  stm32f1xx_hal_cortex.o
    0x080016e4   0x00000020   Code   RO         4989    i.HAL_NVIC_EnableIRQ  stm32f1xx_hal_cortex.o
    0x08001704   0x0000007c   Code   RO         4995    i.HAL_NVIC_SetPriority  stm32f1xx_hal_cortex.o
    0x08001780   0x00000028   Code   RO         4996    i.HAL_NVIC_SetPriorityGrouping  stm32f1xx_hal_cortex.o
    0x080017a8   0x00000130   Code   RO         4953    i.HAL_RCCEx_PeriphCLKConfig  stm32f1xx_hal_rcc_ex.o
    0x080018d8   0x0000018c   Code   RO         5146    i.HAL_RCC_ClockConfig  stm32f1xx_hal_rcc.o
    0x08001a64   0x0000000c   Code   RO         5151    i.HAL_RCC_GetHCLKFreq  stm32f1xx_hal_rcc.o
    0x08001a70   0x00000020   Code   RO         5153    i.HAL_RCC_GetPCLK1Freq  stm32f1xx_hal_rcc.o
    0x08001a90   0x00000020   Code   RO         5154    i.HAL_RCC_GetPCLK2Freq  stm32f1xx_hal_rcc.o
    0x08001ab0   0x00000094   Code   RO         5155    i.HAL_RCC_GetSysClockFreq  stm32f1xx_hal_rcc.o
    0x08001b44   0x00000464   Code   RO         5158    i.HAL_RCC_OscConfig  stm32f1xx_hal_rcc.o
    0x08001fa8   0x00000034   Code   RO         5000    i.HAL_SYSTICK_Config  stm32f1xx_hal_cortex.o
    0x08001fdc   0x00000002   Code   RO         5538    i.HAL_UARTEx_RxEventCallback  stm32f1xx_hal_uart.o
    0x08001fde   0x0000003c   Code   RO         5551    i.HAL_UART_DeInit   stm32f1xx_hal_uart.o
    0x0800201a   0x00000002   PAD
    0x0800201c   0x0000002c   Code   RO         2034    i.HAL_UART_ErrorCallback  drv_usart.o
    0x08002048   0x0000024c   Code   RO         5555    i.HAL_UART_IRQHandler  stm32f1xx_hal_uart.o
    0x08002294   0x00000072   Code   RO         5556    i.HAL_UART_Init     stm32f1xx_hal_uart.o
    0x08002306   0x00000002   PAD
    0x08002308   0x00000030   Code   RO         2274    i.HAL_UART_MspDeInit  stm32f1xx_hal_msp.o
    0x08002338   0x00000088   Code   RO         2275    i.HAL_UART_MspInit  stm32f1xx_hal_msp.o
    0x080023c0   0x00000042   Code   RO         5560    i.HAL_UART_Receive_DMA  stm32f1xx_hal_uart.o
    0x08002402   0x00000002   PAD
    0x08002404   0x00000034   Code   RO         2035    i.HAL_UART_RxCpltCallback  drv_usart.o
    0x08002438   0x00000034   Code   RO         2036    i.HAL_UART_RxHalfCpltCallback  drv_usart.o
    0x0800246c   0x0000009c   Code   RO         5565    i.HAL_UART_Transmit_DMA  stm32f1xx_hal_uart.o
    0x08002508   0x00000034   Code   RO         2037    i.HAL_UART_TxCpltCallback  drv_usart.o
    0x0800253c   0x00000002   Code   RO         5568    i.HAL_UART_TxHalfCpltCallback  stm32f1xx_hal_uart.o
    0x0800253e   0x00000002   PAD
    0x08002540   0x00000028   Code   RO         5159    i.RCC_Delay         stm32f1xx_hal_rcc.o
    0x08002568   0x00000020   Code   RO         2168    i.SysTick_Handler   drv_common.o
    0x08002588   0x000000a4   Code   RO         2312    i.SystemClock_Config  board.o
    0x0800262c   0x000000a4   Code   RO         5490    i.SystemCoreClockUpdate  system_stm32f1xx.o
    0x080026d0   0x00000002   Code   RO         5491    i.SystemInit        system_stm32f1xx.o
    0x080026d2   0x00000014   Code   RO         5569    i.UART_DMAAbortOnError  stm32f1xx_hal_uart.o
    0x080026e6   0x00000050   Code   RO         5570    i.UART_DMAError     stm32f1xx_hal_uart.o
    0x08002736   0x00000068   Code   RO         5571    i.UART_DMAReceiveCplt  stm32f1xx_hal_uart.o
    0x0800279e   0x00000020   Code   RO         5573    i.UART_DMARxHalfCplt  stm32f1xx_hal_uart.o
    0x080027be   0x00000036   Code   RO         5575    i.UART_DMATransmitCplt  stm32f1xx_hal_uart.o
    0x080027f4   0x0000000e   Code   RO         5577    i.UART_DMATxHalfCplt  stm32f1xx_hal_uart.o
    0x08002802   0x00000036   Code   RO         5579    i.UART_EndRxTransfer  stm32f1xx_hal_uart.o
    0x08002838   0x00000020   Code   RO         5580    i.UART_EndTransmit_IT  stm32f1xx_hal_uart.o
    0x08002858   0x00000014   Code   RO         5581    i.UART_EndTxTransfer  stm32f1xx_hal_uart.o
    0x0800286c   0x000000e4   Code   RO         5582    i.UART_Receive_IT   stm32f1xx_hal_uart.o
    0x08002950   0x000000fc   Code   RO         5583    i.UART_SetConfig    stm32f1xx_hal_uart.o
    0x08002a4c   0x00000098   Code   RO         5584    i.UART_Start_Receive_DMA  stm32f1xx_hal_uart.o
    0x08002ae4   0x00000060   Code   RO         5586    i.UART_Transmit_IT  stm32f1xx_hal_uart.o
    0x08002b44   0x00000018   Code   RO         2038    i.USART1_IRQHandler  drv_usart.o
    0x08002b5c   0x00000064   Code   RO         2169    i._Error_Handler    drv_common.o
    0x08002bc0   0x00000010   Code   RO         5002    i.__NVIC_GetPriorityGrouping  stm32f1xx_hal_cortex.o
    0x08002bd0   0x00000028   Code   RO         5003    i.__NVIC_SetPriority  stm32f1xx_hal_cortex.o
    0x08002bf8   0x00000064   Code   RO          404    i.__rt_libc_exit    cstdlib.o
    0x08002c5c   0x00000038   Code   RO         3104    i._check_and_update_prio  ipc.o
    0x08002c94   0x00000078   Code   RO          827    i._completion_done  completion.o
    0x08002d0c   0x00000050   Code   RO         2039    i._dma_tx_complete  drv_usart.o
    0x08002d5c   0x0000001c   Code   RO         3761    i._heap_lock        kservice.o
    0x08002d78   0x00000038   Code   RO         3762    i._heap_unlock      kservice.o
    0x08002db0   0x00000010   Code   RO         3105    i._ipc_object_init  ipc.o
    0x08002dc0   0x00000028   Code   RO         3763    i._kputs            kservice.o
    0x08002de8   0x0000009c   Code   RO         2676    i._msh_exec_cmd     msh.o
    0x08002e84   0x00000088   Code   RO         1559    i._pin_cmd          pin.o
    0x08002f0c   0x0000000c   Code   RO         1560    i._pin_cmd_conv     pin.o
    0x08002f18   0x00000060   Code   RO         1561    i._pin_cmd_get      pin.o
    0x08002f78   0x000000f0   Code   RO         1562    i._pin_cmd_mode     pin.o
    0x08003068   0x00000180   Code   RO         1563    i._pin_cmd_print_usage  pin.o
    0x080031e8   0x0000009c   Code   RO         1564    i._pin_cmd_read     pin.o
    0x08003284   0x000000b0   Code   RO         1565    i._pin_cmd_write    pin.o
    0x08003334   0x00000048   Code   RO         1566    i._pin_control      pin.o
    0x0800337c   0x00000054   Code   RO         1567    i._pin_read         pin.o
    0x080033d0   0x00000054   Code   RO         1568    i._pin_write        pin.o
    0x08003424   0x00000358   Code   RO         3112    i._rt_mutex_take    ipc.o
    0x0800377c   0x000001fc   Code   RO         3113    i._rt_sem_take      ipc.o
    0x08003978   0x00000078   Code   RO         3765    i._rt_system_heap_init  kservice.o
    0x080039f0   0x00000028   Code   RO         4349    i._scheduler_get_highest_priority_thread  scheduler_up.o
    0x08003a18   0x00000020   Code   RO         3114    i._sem_object_init  ipc.o
    0x08003a38   0x00000048   Code   RO         1676    i._serial_check_buffer_size  serial.o
    0x08003a80   0x000001a0   Code   RO         1677    i._serial_dma_rx    serial.o
    0x08003c20   0x00000068   Code   RO         1678    i._serial_dma_tx    serial.o
    0x08003c88   0x00000064   Code   RO         1679    i._serial_fifo_calc_recved_len  serial.o
    0x08003cec   0x000000c4   Code   RO         1680    i._serial_int_rx    serial.o
    0x08003db0   0x0000009c   Code   RO         1681    i._serial_int_tx    serial.o
    0x08003e4c   0x00000064   Code   RO         1682    i._serial_poll_rx   serial.o
    0x08003eb0   0x00000054   Code   RO         1683    i._serial_poll_tx   serial.o
    0x08003f04   0x000000f4   Code   RO         4639    i._soft_timer_check  timer.o
    0x08003ff8   0x0000000c   Code   RO          266    i._sys_exit         syscalls.o
    0x08004004   0x0000005a   Code   RO         4476    i._thread_detach    thread.o
    0x0800405e   0x00000062   Code   RO         4477    i._thread_detach_from_mutex  thread.o
    0x080040c0   0x00000040   Code   RO         4478    i._thread_exit      thread.o
    0x08004100   0x00000040   Code   RO         3115    i._thread_get_mutex_priority  ipc.o
    0x08004140   0x0000008c   Code   RO         4479    i._thread_init      thread.o
    0x080041cc   0x0000006c   Code   RO         4480    i._thread_set_suspend_state  thread.o
    0x08004238   0x0000018c   Code   RO         4481    i._thread_sleep     thread.o
    0x080043c4   0x000000ac   Code   RO         4482    i._thread_timeout   thread.o
    0x08004470   0x000000ae   Code   RO         3116    i._thread_update_priority  ipc.o
    0x0800451e   0x00000042   Code   RO         4640    i._timer_init       timer.o
    0x08004560   0x00000022   Code   RO         4641    i._timer_list_next_timeout  timer.o
    0x08004582   0x0000001c   Code   RO         4642    i._timer_remove     timer.o
    0x0800459e   0x00000002   PAD
    0x080045a0   0x000000fc   Code   RO         4643    i._timer_start      timer.o
    0x0800469c   0x0000006c   Code   RO         4644    i._timer_thread_entry  timer.o
    0x08004708   0x0000001c   Code   RO         4645    i._timerlock_idx    timer.o
    0x08004724   0x0000001e   Code   RO         1927    i.bit2bitno         drv_gpio.o
    0x08004742   0x00000002   PAD
    0x08004744   0x000000fc   Code   RO         4892    i.bus_fault_track   cpuport.o
    0x08004840   0x00000104   Code   RO         2474    i.check_and_update_part_cache  fal_partition.o
    0x08004944   0x00000014   Code   RO         2799    i.clear             cmd.o
    0x08004958   0x000000ec   Code   RO         3766    i.cmd_backtrace     kservice.o
    0x08004a44   0x00000080   Code   RO         2677    i.cmd_free          msh.o
    0x08004ac4   0x000000a8   Code   RO         2800    i.cmd_list          cmd.o
    0x08004b6c   0x0000000e   Code   RO         2678    i.cmd_ps            msh.o
    0x08004b7a   0x00000002   PAD
    0x08004b7c   0x000000bc   Code   RO         2040    i.dma_recv_isr      drv_usart.o
    0x08004c38   0x00000a7c   Code   RO         2341    i.fal               fal_rtt.o
    0x080056b4   0x0000008c   Code   RO         2440    i.fal_flash_device_find  fal_flash.o
    0x08005740   0x00000018   Code   RO         1796    i.fal_flash_erase   drv_flash_f1.o
    0x08005758   0x000001b4   Code   RO         2441    i.fal_flash_init    fal_flash.o
    0x0800590c   0x0000001c   Code   RO         1797    i.fal_flash_read    drv_flash_f1.o
    0x08005928   0x0000001c   Code   RO         1798    i.fal_flash_write   drv_flash_f1.o
    0x08005944   0x00000110   Code   RO         2407    i.fal_init          fal.o
    0x08005a54   0x0000000c   Code   RO         2408    i.fal_init_check    fal.o
    0x08005a60   0x00000170   Code   RO         2476    i.fal_partition_erase  fal_partition.o
    0x08005bd0   0x00000048   Code   RO         2478    i.fal_partition_find  fal_partition.o
    0x08005c18   0x0000004c   Code   RO         2479    i.fal_partition_init  fal_partition.o
    0x08005c64   0x00000158   Code   RO         2480    i.fal_partition_read  fal_partition.o
    0x08005dbc   0x0000018c   Code   RO         2481    i.fal_partition_write  fal_partition.o
    0x08005f48   0x00000250   Code   RO         2483    i.fal_show_part_table  fal_partition.o
    0x08006198   0x00000074   Code   RO         2559    i.finsh_get_prompt  shell.o
    0x0800620c   0x00000084   Code   RO         2561    i.finsh_getchar     shell.o
    0x08006290   0x00000040   Code   RO         2562    i.finsh_rx_ind      shell.o
    0x080062d0   0x000000e0   Code   RO         2563    i.finsh_set_device  shell.o
    0x080063b0   0x00000048   Code   RO         2566    i.finsh_set_prompt_mode  shell.o
    0x080063f8   0x00000014   Code   RO         2567    i.finsh_system_function_init  shell.o
    0x0800640c   0x0000009c   Code   RO         2568    i.finsh_system_init  shell.o
    0x080064a8   0x00000514   Code   RO         2569    i.finsh_thread_entry  shell.o
    0x080069bc   0x000000c8   Code   RO         2484    i.flash_device_find_by_part  fal_partition.o
    0x08006a84   0x00000080   Code   RO         4893    i.hard_fault_track  cpuport.o
    0x08006b04   0x00000024   Code   RO         3036    i.idle_thread_entry  idle.o
    0x08006b28   0x0000013c   Code   RO         2801    i.list_device       cmd.o
    0x08006c64   0x00000160   Code   RO         2802    i.list_event        cmd.o
    0x08006dc4   0x0000002a   Code   RO         2803    i.list_find_init    cmd.o
    0x08006dee   0x0000009a   Code   RO         2804    i.list_get_next     cmd.o
    0x08006e88   0x00000170   Code   RO         2805    i.list_mailbox      cmd.o
    0x08006ff8   0x0000018c   Code   RO         2806    i.list_mempool      cmd.o
    0x08007184   0x00000160   Code   RO         2807    i.list_msgqueue     cmd.o
    0x080072e4   0x000001ac   Code   RO         2808    i.list_mutex        cmd.o
    0x08007490   0x00000154   Code   RO         2809    i.list_sem          cmd.o
    0x080075e4   0x00000228   Code   RO         2810    i.list_thread       cmd.o
    0x0800780c   0x000001c0   Code   RO         2811    i.list_timer        cmd.o
    0x080079cc   0x00000030   Code   RO            4    i.main              main.o
    0x080079fc   0x0000000e   Code   RO         2969    i.main_thread_entry  components.o
    0x08007a0a   0x00000002   PAD
    0x08007a0c   0x000000e8   Code   RO         4894    i.mem_manage_fault_track  cpuport.o
    0x08007af4   0x00000084   Code   RO         2679    i.msh_auto_complete  msh.o
    0x08007b78   0x00000038   Code   RO         2680    i.msh_cmd_opt_id_get  msh.o
    0x08007bb0   0x00000070   Code   RO         2681    i.msh_exec          msh.o
    0x08007c20   0x0000002c   Code   RO         2682    i.msh_get_argc      msh.o
    0x08007c4c   0x00000040   Code   RO         2683    i.msh_get_cmd       msh.o
    0x08007c8c   0x0000005c   Code   RO         2684    i.msh_get_cmd_opt   msh.o
    0x08007ce8   0x00000064   Code   RO         2685    i.msh_help          msh.o
    0x08007d4c   0x0000003c   Code   RO         2773    i.msh_isint         msh_parse.o
    0x08007d88   0x0000006e   Code   RO         2686    i.msh_opt_auto_complete  msh.o
    0x08007df6   0x00000002   PAD
    0x08007df8   0x00000074   Code   RO         2687    i.msh_opt_complete  msh.o
    0x08007e6c   0x00000034   Code   RO         2688    i.msh_opt_help      msh.o
    0x08007ea0   0x00000030   Code   RO         2689    i.msh_opt_list_dump  msh.o
    0x08007ed0   0x000000f0   Code   RO         2690    i.msh_split         msh.o
    0x08007fc0   0x0000001c   Code   RO         2812    i.object_split      cmd.o
    0x08007fdc   0x000000e8   Code   RO         4001    i.plug_holes        mem.o
    0x080080c4   0x0000022c   Code   RO         3677    i.print_number      kstdio.o
    0x080082f0   0x0000000c   Code   RO         2170    i.reboot            drv_common.o
    0x080082fc   0x00000050   Code   RO         2970    i.rt_application_init  components.o
    0x0800834c   0x00000078   Code   RO         3767    i.rt_assert_handler  kservice.o
    0x080083c4   0x0000002c   Code   RO         3769    i.rt_backtrace      kservice.o
    0x080083f0   0x00000070   Code   RO         3770    i.rt_backtrace_frame  kservice.o
    0x08008460   0x00000024   Code   RO         3771    i.rt_backtrace_thread  kservice.o
    0x08008484   0x00000022   Code   RO         3772    i.rt_calloc         kservice.o
    0x080084a6   0x0000000c   Code   RO          828    i.rt_completion_done  completion.o
    0x080084b2   0x00000002   PAD
    0x080084b4   0x00000034   Code   RO          829    i.rt_completion_init  completion.o
    0x080084e8   0x000001f8   Code   RO          830    i.rt_completion_wait  completion.o
    0x080086e0   0x0000001c   Code   RO         2971    i.rt_components_board_init  components.o
    0x080086fc   0x0000001c   Code   RO         2972    i.rt_components_init  components.o
    0x08008718   0x0000000c   Code   RO         3773    i.rt_console_get_device  kservice.o
    0x08008724   0x0000003c   Code   RO         3774    i.rt_console_set_device  kservice.o
    0x08008760   0x0000000c   Code   RO         4350    i.rt_critical_level  scheduler_up.o
    0x0800876c   0x0000008c   Code   RO          989    i.rt_data_queue_deinit  dataqueue.o
    0x080087f8   0x000000a8   Code   RO          990    i.rt_data_queue_init  dataqueue.o
    0x080088a0   0x000000bc   Code   RO          991    i.rt_data_queue_len  dataqueue.o
    0x0800895c   0x000000ac   Code   RO          992    i.rt_data_queue_peek  dataqueue.o
    0x08008a08   0x000002cc   Code   RO          993    i.rt_data_queue_pop  dataqueue.o
    0x08008cd4   0x00000264   Code   RO          994    i.rt_data_queue_push  dataqueue.o
    0x08008f38   0x000000c4   Code   RO          995    i.rt_data_queue_reset  dataqueue.o
    0x08008ffc   0x0000003e   Code   RO         3037    i.rt_defunct_execute  idle.o
    0x0800903a   0x00000002   PAD
    0x0800903c   0x000000b0   Code   RO          739    i.rt_device_close   device.o
    0x080090ec   0x0000000e   Code   RO          743    i.rt_device_find    device.o
    0x080090fa   0x00000002   PAD
    0x080090fc   0x00000194   Code   RO          745    i.rt_device_open    device.o
    0x08009290   0x00000048   Code   RO         1569    i.rt_device_pin_register  pin.o
    0x080092d8   0x000000b4   Code   RO          746    i.rt_device_read    device.o
    0x0800938c   0x00000034   Code   RO          747    i.rt_device_register  device.o
    0x080093c0   0x00000080   Code   RO          748    i.rt_device_set_rx_indicate  device.o
    0x08009440   0x000000b4   Code   RO          751    i.rt_device_write   device.o
    0x080094f4   0x0000000c   Code   RO         1684    i.rt_dma_calc_recved_len  serial.o
    0x08009500   0x0000009c   Code   RO         1685    i.rt_dma_recv_update_get_index  serial.o
    0x0800959c   0x000000a8   Code   RO         1686    i.rt_dma_recv_update_put_index  serial.o
    0x08009644   0x00000028   Code   RO         4351    i.rt_enter_critical  scheduler_up.o
    0x0800966c   0x00000044   Code   RO         4352    i.rt_exit_critical  scheduler_up.o
    0x080096b0   0x00000094   Code   RO         4353    i.rt_exit_critical_safe  scheduler_up.o
    0x08009744   0x00000034   Code   RO         3775    i.rt_free           kservice.o
    0x08009778   0x00000016   Code   RO         4793    i.rt_hw_atomic_add  atomic_arm.o
    0x0800978e   0x00000012   Code   RO         4799    i.rt_hw_atomic_load  atomic_arm.o
    0x080097a0   0x00000016   Code   RO         4802    i.rt_hw_atomic_sub  atomic_arm.o
    0x080097b6   0x00000002   PAD
    0x080097b8   0x00000064   Code   RO         3779    i.rt_hw_backtrace_frame_get  kservice.o
    0x0800981c   0x00000064   Code   RO         3780    i.rt_hw_backtrace_frame_unwind  kservice.o
    0x08009880   0x00000038   Code   RO         2171    i.rt_hw_board_init  drv_common.o
    0x080098b8   0x00000002   Code   RO         3781    i.rt_hw_console_output  kservice.o
    0x080098ba   0x00000002   PAD
    0x080098bc   0x00000010   Code   RO         4895    i.rt_hw_cpu_reset   cpuport.o
    0x080098cc   0x00000208   Code   RO         4897    i.rt_hw_hard_fault_exception  cpuport.o
    0x08009ad4   0x000000d4   Code   RO         1928    i.rt_hw_pin_init    drv_gpio.o
    0x08009ba8   0x00000204   Code   RO         1687    i.rt_hw_serial_isr  serial.o
    0x08009dac   0x00000084   Code   RO         1688    i.rt_hw_serial_register  serial.o
    0x08009e30   0x0000004c   Code   RO         4898    i.rt_hw_stack_init  cpuport.o
    0x08009e7c   0x00000060   Code   RO         2172    i.rt_hw_systick_init  drv_common.o
    0x08009edc   0x000000dc   Code   RO         2041    i.rt_hw_usart_init  drv_usart.o
    0x08009fb8   0x00000024   Code   RO         3633    i.rt_interrupt_enter  irq.o
    0x08009fdc   0x00000020   Code   RO         3635    i.rt_interrupt_get_nest  irq.o
    0x08009ffc   0x00000024   Code   RO         3636    i.rt_interrupt_leave  irq.o
    0x0800a020   0x00000038   Code   RO         3786    i.rt_kprintf        kservice.o
    0x0800a058   0x00000006   Code   RO          996    i.rt_list_init      dataqueue.o
    0x0800a05e   0x00000006   Code   RO         3126    i.rt_list_init      ipc.o
    0x0800a064   0x00000006   Code   RO         4354    i.rt_list_init      scheduler_up.o
    0x0800a06a   0x00000006   Code   RO         4646    i.rt_list_init      timer.o
    0x0800a070   0x0000000e   Code   RO         3127    i.rt_list_insert_after  ipc.o
    0x0800a07e   0x0000000e   Code   RO         4122    i.rt_list_insert_after  object.o
    0x0800a08c   0x0000000e   Code   RO         4647    i.rt_list_insert_after  timer.o
    0x0800a09a   0x0000000e   Code   RO         3128    i.rt_list_insert_before  ipc.o
    0x0800a0a8   0x00000010   Code   RO         2813    i.rt_list_isempty   cmd.o
    0x0800a0b8   0x00000010   Code   RO         3129    i.rt_list_isempty   ipc.o
    0x0800a0c8   0x00000010   Code   RO         4648    i.rt_list_isempty   timer.o
    0x0800a0d8   0x00000014   Code   RO         2814    i.rt_list_len       cmd.o
    0x0800a0ec   0x00000012   Code   RO         3130    i.rt_list_remove    ipc.o
    0x0800a0fe   0x00000012   Code   RO         4123    i.rt_list_remove    object.o
    0x0800a110   0x00000012   Code   RO         4649    i.rt_list_remove    timer.o
    0x0800a122   0x00000002   PAD
    0x0800a124   0x0000003c   Code   RO         3788    i.rt_malloc         kservice.o
    0x0800a160   0x00000080   Code   RO         3719    i.rt_memcpy         kstring.o
    0x0800a1e0   0x00000042   Code   RO         3720    i.rt_memmove        kstring.o
    0x0800a222   0x00000002   PAD
    0x0800a224   0x00000044   Code   RO         3791    i.rt_memory_info    kservice.o
    0x0800a268   0x00000060   Code   RO         3721    i.rt_memset         kstring.o
    0x0800a2c8   0x000001b4   Code   RO         3165    i.rt_mutex_drop_thread  ipc.o
    0x0800a47c   0x00000064   Code   RO         3167    i.rt_mutex_init     ipc.o
    0x0800a4e0   0x00000230   Code   RO         3168    i.rt_mutex_release  ipc.o
    0x0800a710   0x00000012   Code   RO         3170    i.rt_mutex_take     ipc.o
    0x0800a722   0x00000002   PAD
    0x0800a724   0x000000e8   Code   RO         4124    i.rt_object_allocate  object.o
    0x0800a80c   0x000000d8   Code   RO         4126    i.rt_object_delete  object.o
    0x0800a8e4   0x00000090   Code   RO         4127    i.rt_object_detach  object.o
    0x0800a974   0x000000b0   Code   RO         4129    i.rt_object_find    object.o
    0x0800aa24   0x00000030   Code   RO         4130    i.rt_object_get_information  object.o
    0x0800aa54   0x00000034   Code   RO         4134    i.rt_object_get_type  object.o
    0x0800aa88   0x000000c8   Code   RO         4135    i.rt_object_init    object.o
    0x0800ab50   0x0000003c   Code   RO         4136    i.rt_object_is_systemobject  object.o
    0x0800ab8c   0x00000050   Code   RO         1572    i.rt_pin_get        pin.o
    0x0800abdc   0x00000048   Code   RO         1574    i.rt_pin_mode       pin.o
    0x0800ac24   0x00000044   Code   RO         1575    i.rt_pin_read       pin.o
    0x0800ac68   0x00000048   Code   RO         1576    i.rt_pin_write      pin.o
    0x0800acb0   0x000000c0   Code   RO         4355    i.rt_sched_insert_thread  scheduler_up.o
    0x0800ad70   0x00000018   Code   RO         4356    i.rt_sched_lock     scheduler_up.o
    0x0800ad88   0x0000007c   Code   RO         4357    i.rt_sched_remove_thread  scheduler_up.o
    0x0800ae04   0x00000008   Code   RO         4358    i.rt_sched_thread_bind_cpu  scheduler_up.o
    0x0800ae0c   0x0000007c   Code   RO         4261    i.rt_sched_thread_change_priority  scheduler_comm.o
    0x0800ae88   0x0000000c   Code   RO         4262    i.rt_sched_thread_close  scheduler_comm.o
    0x0800ae94   0x00000008   Code   RO         4263    i.rt_sched_thread_get_curr_prio  scheduler_comm.o
    0x0800ae9c   0x00000008   Code   RO         4264    i.rt_sched_thread_get_init_prio  scheduler_comm.o
    0x0800aea4   0x0000000c   Code   RO         4265    i.rt_sched_thread_get_stat  scheduler_comm.o
    0x0800aeb0   0x0000001a   Code   RO         4266    i.rt_sched_thread_init_ctx  scheduler_comm.o
    0x0800aeca   0x00000002   PAD
    0x0800aecc   0x0000005c   Code   RO         4359    i.rt_sched_thread_init_priv  scheduler_up.o
    0x0800af28   0x0000000c   Code   RO         4267    i.rt_sched_thread_is_suspended  scheduler_comm.o
    0x0800af34   0x0000004a   Code   RO         4268    i.rt_sched_thread_ready  scheduler_comm.o
    0x0800af7e   0x00000012   Code   RO         4360    i.rt_sched_thread_startup  scheduler_up.o
    0x0800af90   0x00000014   Code   RO         4269    i.rt_sched_thread_timer_start  scheduler_comm.o
    0x0800afa4   0x0000002c   Code   RO         4270    i.rt_sched_thread_timer_stop  scheduler_comm.o
    0x0800afd0   0x00000016   Code   RO         4271    i.rt_sched_thread_yield  scheduler_comm.o
    0x0800afe6   0x00000030   Code   RO         4272    i.rt_sched_tick_increase  scheduler_comm.o
    0x0800b016   0x0000000e   Code   RO         4361    i.rt_sched_unlock   scheduler_up.o
    0x0800b024   0x00000018   Code   RO         4362    i.rt_sched_unlock_n_resched  scheduler_up.o
    0x0800b03c   0x00000158   Code   RO         4363    i.rt_schedule       scheduler_up.o
    0x0800b194   0x00000118   Code   RO         4273    i.rt_scheduler_stack_check  scheduler_comm.o
    0x0800b2ac   0x000000d8   Code   RO         3174    i.rt_sem_control    ipc.o
    0x0800b384   0x000000c0   Code   RO         3178    i.rt_sem_init       ipc.o
    0x0800b444   0x000000b0   Code   RO         3179    i.rt_sem_release    ipc.o
    0x0800b4f4   0x00000012   Code   RO         3180    i.rt_sem_take       ipc.o
    0x0800b506   0x00000002   PAD
    0x0800b508   0x000001ac   Code   RO         1689    i.rt_serial_close   serial.o
    0x0800b6b4   0x000000c4   Code   RO         1690    i.rt_serial_control  serial.o
    0x0800b778   0x00000054   Code   RO         1691    i.rt_serial_init    serial.o
    0x0800b7cc   0x000002ac   Code   RO         1692    i.rt_serial_open    serial.o
    0x0800ba78   0x0000006c   Code   RO         1693    i.rt_serial_read    serial.o
    0x0800bae4   0x0000006c   Code   RO         1694    i.rt_serial_write   serial.o
    0x0800bb50   0x0000002c   Code   RO         3795    i.rt_set_errno      kservice.o
    0x0800bb7c   0x000000c4   Code   RO         3796    i.rt_show_version   kservice.o
    0x0800bc40   0x0000025c   Code   RO         4002    i.rt_smem_alloc     mem.o
    0x0800be9c   0x000001a0   Code   RO         4004    i.rt_smem_free      mem.o
    0x0800c03c   0x000000f0   Code   RO         4005    i.rt_smem_init      mem.o
    0x0800c12c   0x00000028   Code   RO         3678    i.rt_snprintf       kstdio.o
    0x0800c154   0x0000000a   Code   RO         3184    i.rt_spin_lock      ipc.o
    0x0800c15e   0x0000000e   Code   RO          832    i.rt_spin_lock_irqsave  completion.o
    0x0800c16c   0x0000000e   Code   RO          997    i.rt_spin_lock_irqsave  dataqueue.o
    0x0800c17a   0x0000000e   Code   RO         1695    i.rt_spin_lock_irqsave  serial.o
    0x0800c188   0x0000000e   Code   RO         2815    i.rt_spin_lock_irqsave  cmd.o
    0x0800c196   0x0000000e   Code   RO         3038    i.rt_spin_lock_irqsave  idle.o
    0x0800c1a4   0x0000000e   Code   RO         3185    i.rt_spin_lock_irqsave  ipc.o
    0x0800c1b2   0x0000000e   Code   RO         4140    i.rt_spin_lock_irqsave  object.o
    0x0800c1c0   0x0000000e   Code   RO         4650    i.rt_spin_lock_irqsave  timer.o
    0x0800c1ce   0x0000000a   Code   RO         3186    i.rt_spin_unlock    ipc.o
    0x0800c1d8   0x0000000e   Code   RO          833    i.rt_spin_unlock_irqrestore  completion.o
    0x0800c1e6   0x0000000e   Code   RO          998    i.rt_spin_unlock_irqrestore  dataqueue.o
    0x0800c1f4   0x0000000e   Code   RO         1696    i.rt_spin_unlock_irqrestore  serial.o
    0x0800c202   0x0000000e   Code   RO         2816    i.rt_spin_unlock_irqrestore  cmd.o
    0x0800c210   0x0000000e   Code   RO         3039    i.rt_spin_unlock_irqrestore  idle.o
    0x0800c21e   0x0000000e   Code   RO         3187    i.rt_spin_unlock_irqrestore  ipc.o
    0x0800c22c   0x0000000e   Code   RO         4141    i.rt_spin_unlock_irqrestore  object.o
    0x0800c23a   0x0000000e   Code   RO         4651    i.rt_spin_unlock_irqrestore  timer.o
    0x0800c248   0x00000038   Code   RO         3797    i.rt_strerror       kservice.o
    0x0800c280   0x00000064   Code   RO         3188    i.rt_susp_list_dequeue  ipc.o
    0x0800c2e4   0x00000084   Code   RO         3189    i.rt_susp_list_enqueue  ipc.o
    0x0800c368   0x00000044   Code   RO         3190    i.rt_susp_list_print  ipc.o
    0x0800c3ac   0x00000024   Code   RO         3191    i.rt_susp_list_resume_all  ipc.o
    0x0800c3d0   0x00000030   Code   RO         3192    i.rt_susp_list_resume_all_irq  ipc.o
    0x0800c400   0x00000010   Code   RO         3798    i.rt_system_heap_init  kservice.o
    0x0800c410   0x00000030   Code   RO         4366    i.rt_system_scheduler_init  scheduler_up.o
    0x0800c440   0x00000028   Code   RO         4367    i.rt_system_scheduler_start  scheduler_up.o
    0x0800c468   0x00000020   Code   RO         4652    i.rt_system_timer_init  timer.o
    0x0800c488   0x00000070   Code   RO         4653    i.rt_system_timer_thread_init  timer.o
    0x0800c4f8   0x000000b8   Code   RO         4483    i.rt_thread_control  thread.o
    0x0800c5b0   0x00000074   Code   RO         4484    i.rt_thread_create  thread.o
    0x0800c624   0x0000003c   Code   RO         3040    i.rt_thread_defunct_dequeue  idle.o
    0x0800c660   0x00000034   Code   RO         3041    i.rt_thread_defunct_enqueue  idle.o
    0x0800c694   0x0000009c   Code   RO         4487    i.rt_thread_delete  thread.o
    0x0800c730   0x00000090   Code   RO         4488    i.rt_thread_detach  thread.o
    0x0800c7c0   0x00000070   Code   RO         3044    i.rt_thread_idle_init  idle.o
    0x0800c830   0x0000009c   Code   RO         4491    i.rt_thread_init    thread.o
    0x0800c8cc   0x00000014   Code   RO         4492    i.rt_thread_mdelay  thread.o
    0x0800c8e0   0x00000080   Code   RO         4493    i.rt_thread_resume  thread.o
    0x0800c960   0x0000000c   Code   RO         4495    i.rt_thread_self    thread.o
    0x0800c96c   0x00000070   Code   RO         4496    i.rt_thread_startup  thread.o
    0x0800c9dc   0x000000f8   Code   RO         4499    i.rt_thread_suspend_to_list  thread.o
    0x0800cad4   0x00000014   Code   RO         4500    i.rt_thread_suspend_with_flag  thread.o
    0x0800cae8   0x00000038   Code   RO         2923    i.rt_tick_from_millisecond  clock.o
    0x0800cb20   0x00000010   Code   RO         2924    i.rt_tick_get       clock.o
    0x0800cb30   0x00000060   Code   RO         2926    i.rt_tick_increase  clock.o
    0x0800cb90   0x00000130   Code   RO         4654    i.rt_timer_check    timer.o
    0x0800ccc0   0x00000158   Code   RO         4655    i.rt_timer_control  timer.o
    0x0800ce18   0x000000ec   Code   RO         4658    i.rt_timer_detach   timer.o
    0x0800cf04   0x000000a4   Code   RO         4661    i.rt_timer_init     timer.o
    0x0800cfa8   0x00000158   Code   RO         4663    i.rt_timer_start    timer.o
    0x0800d100   0x000000d4   Code   RO         4664    i.rt_timer_stop     timer.o
    0x0800d1d4   0x00000428   Code   RO         3680    i.rt_vsnprintf      kstdio.o
    0x0800d5fc   0x00000004   Code   RO         2973    i.rti_board_end     components.o
    0x0800d600   0x00000004   Code   RO         2974    i.rti_board_start   components.o
    0x0800d604   0x00000004   Code   RO         2975    i.rti_end           components.o
    0x0800d608   0x00000004   Code   RO         2976    i.rti_start         components.o
    0x0800d60c   0x0000002a   Code   RO         2977    i.rtthread_startup  components.o
    0x0800d636   0x00000002   PAD
    0x0800d638   0x00000034   Code   RO         2571    i.shell_auto_complete  shell.o
    0x0800d66c   0x00000030   Code   RO         2572    i.shell_handle_history  shell.o
    0x0800d69c   0x000000dc   Code   RO         2573    i.shell_push_history  shell.o
    0x0800d778   0x00000026   Code   RO         3682    i.skip_atoi         kstdio.o
    0x0800d79e   0x00000002   PAD
    0x0800d7a0   0x00000144   Code   RO         2042    i.stm32_configure   drv_usart.o
    0x0800d8e4   0x00000150   Code   RO         2043    i.stm32_control     drv_usart.o
    0x0800da34   0x000001bc   Code   RO         2044    i.stm32_dma_config  drv_usart.o
    0x0800dbf0   0x00000078   Code   RO         2045    i.stm32_dma_transmit  drv_usart.o
    0x0800dc68   0x00000012   Code   RO         1799    i.stm32_flash_erase  drv_flash_f1.o
    0x0800dc7a   0x00000002   PAD
    0x0800dc7c   0x000000c4   Code   RO         1800    i.stm32_flash_erase_bank  drv_flash_f1.o
    0x0800dd40   0x00000094   Code   RO         1801    i.stm32_flash_read  drv_flash_f1.o
    0x0800ddd4   0x0000010c   Code   RO         1802    i.stm32_flash_write  drv_flash_f1.o
    0x0800dee0   0x0000004c   Code   RO         2046    i.stm32_getc        drv_usart.o
    0x0800df2c   0x000000cc   Code   RO         1929    i.stm32_pin_attach_irq  drv_gpio.o
    0x0800dff8   0x0000008c   Code   RO         1930    i.stm32_pin_dettach_irq  drv_gpio.o
    0x0800e084   0x00000098   Code   RO         1931    i.stm32_pin_get     drv_gpio.o
    0x0800e11c   0x000001c8   Code   RO         1932    i.stm32_pin_irq_enable  drv_gpio.o
    0x0800e2e4   0x00000080   Code   RO         1933    i.stm32_pin_mode    drv_gpio.o
    0x0800e364   0x0000004c   Code   RO         1934    i.stm32_pin_read    drv_gpio.o
    0x0800e3b0   0x0000003c   Code   RO         1935    i.stm32_pin_write   drv_gpio.o
    0x0800e3ec   0x00000050   Code   RO         2047    i.stm32_putc        drv_usart.o
    0x0800e43c   0x00000010   Code   RO         2048    i.stm32_uart_get_dma_config  drv_usart.o
    0x0800e44c   0x00000020   Code   RO         2049    i.stm32_uart_get_mask  drv_usart.o
    0x0800e46c   0x00000020   Code   RO         2691    i.str_common        msh.o
    0x0800e48c   0x0000017c   Code   RO         2050    i.uart_isr          drv_usart.o
    0x0800e608   0x000000e8   Code   RO         4899    i.usage_fault_track  cpuport.o
    0x0800e6f0   0x0000000a   Code   RO         2817    i.version           cmd.o
    0x0800e6fa   0x00000002   PAD
    0x0800e6fc   0x0000002c   Code   RO         6432    locale$$code        c_w.l(lc_ctype_c.o)
    0x0800e728   0x000000ba   Data   RO          752    .constdata          device.o
    0x0800e7e2   0x00000037   Data   RO          834    .constdata          completion.o
    0x0800e819   0x00000086   Data   RO          999    .constdata          dataqueue.o
    0x0800e89f   0x00000088   Data   RO         1578    .constdata          pin.o
    0x0800e927   0x0000012a   Data   RO         1697    .constdata          serial.o
    0x0800ea51   0x00000003   PAD
    0x0800ea54   0x00000068   Data   RO         1803    .constdata          drv_flash_f1.o
    0x0800eabc   0x0000005c   Data   RO         1936    .constdata          drv_gpio.o
    0x0800eb18   0x00000110   Data   RO         2052    .constdata          drv_usart.o
    0x0800ec28   0x0000008c   Data   RO         2344    .constdata          fal_rtt.o
    0x0800ecb4   0x00000009   Data   RO         2409    .constdata          fal.o
    0x0800ecbd   0x00000003   PAD
    0x0800ecc0   0x00000029   Data   RO         2442    .constdata          fal_flash.o
    0x0800ece9   0x00000003   PAD
    0x0800ecec   0x00000126   Data   RO         2485    .constdata          fal_partition.o
    0x0800ee12   0x00000087   Data   RO         2575    .constdata          shell.o
    0x0800ee99   0x0000000e   Data   RO         2692    .constdata          msh.o
    0x0800eea7   0x00000001   PAD
    0x0800eea8   0x0000007c   Data   RO         2818    .constdata          cmd.o
    0x0800ef24   0x00000011   Data   RO         2929    .constdata          clock.o
    0x0800ef35   0x00000014   Data   RO         2978    .constdata          components.o
    0x0800ef49   0x0000026e   Data   RO         3193    .constdata          ipc.o
    0x0800f1b7   0x00000022   Data   RO         3683    .constdata          kstdio.o
    0x0800f1d9   0x00000079   Data   RO         3800    .constdata          kservice.o
    0x0800f252   0x00000045   Data   RO         4007    .constdata          mem.o
    0x0800f297   0x00000080   Data   RO         4142    .constdata          object.o
    0x0800f317   0x00000039   Data   RO         4274    .constdata          scheduler_comm.o
    0x0800f350   0x0000005e   Data   RO         4369    .constdata          scheduler_up.o
    0x0800f3ae   0x000000df   Data   RO         4502    .constdata          thread.o
    0x0800f48d   0x0000007b   Data   RO         4666    .constdata          timer.o
    0x0800f508   0x00000018   Data   RO         5492    .constdata          system_stm32f1xx.o
    0x0800f520   0x00000098   Data   RO         1579    .conststring        pin.o
    0x0800f5b8   0x00000063   Data   RO         1698    .conststring        serial.o
    0x0800f61b   0x00000001   PAD
    0x0800f61c   0x00000006   Data   RO         2053    .conststring        drv_usart.o
    0x0800f622   0x00000002   PAD
    0x0800f624   0x000002a2   Data   RO         2345    .conststring        fal_rtt.o
    0x0800f8c6   0x00000002   PAD
    0x0800f8c8   0x000000bb   Data   RO         2443    .conststring        fal_flash.o
    0x0800f983   0x00000001   PAD
    0x0800f984   0x0000017e   Data   RO         2486    .conststring        fal_partition.o
    0x0800fb02   0x00000002   PAD
    0x0800fb04   0x000002d4   Data   RO         2819    .conststring        cmd.o
    0x0800fdd8   0x0000008b   Data   RO         3194    .conststring        ipc.o
    0x0800fe63   0x00000001   PAD
    0x0800fe64   0x000000ec   Data   RO         3801    .conststring        kservice.o
    0x0800ff50   0x000001a8   Data   RO         4008    .conststring        mem.o
    0x080100f8   0x00000086   Data   RO         4503    .conststring        thread.o
    0x0801017e   0x00000011   Data   RO         1580    .rodata.name        pin.o
    0x0801018f   0x00000015   Data   RO         2175    .rodata.name        drv_common.o
    0x080101a4   0x0000002b   Data   RO         2347    .rodata.name        fal_rtt.o
    0x080101cf   0x00000061   Data   RO         2693    .rodata.name        msh.o
    0x08010230   0x0000005d   Data   RO         2821    .rodata.name        cmd.o
    0x0801028d   0x00000026   Data   RO         3803    .rodata.name        kservice.o
    0x080102b3   0x00000001   PAD
    0x080102b4   0x00000004   Data   RO         2979    .rti_fn.0           components.o
    0x080102b8   0x00000004   Data   RO         2980    .rti_fn.0.end       components.o
    0x080102bc   0x00000004   Data   RO         2981    .rti_fn.1.end       components.o
    0x080102c0   0x00000004   Data   RO         2577    .rti_fn.6           shell.o
    0x080102c4   0x00000004   Data   RO         2982    .rti_fn.6.end       components.o
    0x080102c8   0x00000010   Data   RO         1581    FSymTab             pin.o
    0x080102d8   0x00000010   Data   RO         2176    FSymTab             drv_common.o
    0x080102e8   0x00000010   Data   RO         2348    FSymTab             fal_rtt.o
    0x080102f8   0x00000030   Data   RO         2694    FSymTab             msh.o
    0x08010328   0x00000030   Data   RO         2822    FSymTab             cmd.o
    0x08010358   0x00000010   Data   RO         3804    FSymTab             kservice.o
    0x08010368   0x00000020   Data   RO         6581    Region$$Table       anon$$obj.o
    0x08010388   0x00000110   Data   RO         6431    locale$$data        c_w.l(lc_ctype_c.o)


    Execution Region RW_IRAM1 (Base: 0x20000000, Size: 0x000010d8, Max: 0x0000c000, ABSOLUTE, COMPRESSED[0x00000120])

    Base Addr    Size         Type   Attr      Idx    E Section Name        Object

    0x20000000   0x00000008   Data   RW          835    .data               completion.o
    0x20000008   0x00000004   Data   RW         1699    .data               serial.o
    0x2000000c   0x00000104   Data   RW         1937    .data               drv_gpio.o
    0x20000110   0x00000014   Data   RW         2054    .data               drv_usart.o
    0x20000124   0x00000004   Data   RW         2174    .data               drv_common.o
    0x20000128   0x00000008   Data   RW         2346    .data               fal_rtt.o
    0x20000130   0x00000001   Data   RW         2410    .data               fal.o
    0x20000131   0x00000001   Data   RW         2444    .data               fal_flash.o
    0x20000132   0x00000002   PAD
    0x20000134   0x00000014   Data   RW         2487    .data               fal_partition.o
    0x20000148   0x00000014   Data   RW         2576    .data               shell.o
    0x2000015c   0x00000078   Data   RW         2820    .data               cmd.o
    0x200001d4   0x00000008   Data   RW         2930    .data               clock.o
    0x200001dc   0x00000018   Data   RW         3047    .data               idle.o
    0x200001f4   0x0000000c   Data   RW         3638    .data               irq.o
    0x20000200   0x00000098   Data   RW         3802    .data               kservice.o
    0x20000298   0x0000011c   Data   RW         4143    .data               object.o
    0x200003b4   0x0000001c   Data   RW         4370    .data               scheduler_up.o
    0x200003d0   0x00000008   Data   RW         4504    .data               thread.o
    0x200003d8   0x0000002c   Data   RW         4667    .data               timer.o
    0x20000404   0x00000010   Data   RW         4900    .data               cpuport.o
    0x20000414   0x00000004   Data   RW         5493    .data               system_stm32f1xx.o
    0x20000418   0x00000009   Data   RW         5919    .data               stm32f1xx_hal.o
    0x20000421   0x00000003   PAD
    0x20000424   0x00000048   Zero   RW         1577    .bss                pin.o
    0x2000046c   0x00000144   Zero   RW         2051    .bss                drv_usart.o
    0x200005b0   0x00000081   Zero   RW         2574    .bss                shell.o
    0x20000631   0x00000007   PAD
    0x20000638   0x000001a8   Zero   RW         3046    .bss                idle.o
    0x200007e0   0x000000b4   Zero   RW         3799    .bss                kservice.o
    0x20000894   0x00000100   Zero   RW         4368    .bss                scheduler_up.o
    0x20000994   0x00000004   PAD
    0x20000998   0x000002c0   Zero   RW         4665    .bss                timer.o
    0x20000c58   0x00000020   Zero   RW         6082    .bss                stm32f1xx_hal_flash.o
    0x20000c78   0x00000060   Zero   RW         6437    .bss                c_w.l(libspace.o)
    0x20000cd8   0x00000000   Zero   RW         2264    HEAP                startup_stm32f103xe.o
    0x20000cd8   0x00000400   Zero   RW         2263    STACK               startup_stm32f103xe.o


==============================================================================

Image component sizes


      Code (inc. data)   RO Data    RW Data    ZI Data      Debug   Object Name

        62          0          0          0          0       2382   atomic_arm.o
       164         16          0          0          0        669   board.o
       168         48         17          8          0       2128   clock.o
      4038       1368        989        120          0      21017   cmd.o
       716        284         55          8          0       6856   completion.o
       218         50         36          0          0       5600   components.o
       252         28          0          0          0        784   context_rvds.o
      1472        732          0         16          0       6248   cpuport.o
       100         50          0          0          0        637   cstdlib.o
      2226        728        134          0          0      13697   dataqueue.o
      1134        516        186          0          0       8380   device.o
       360        114         37          4          0      30715   drv_common.o
       720        284        104          0          0       8377   drv_flash_f1.o
      1702        110         92        260          0      13001   drv_gpio.o
      2520        470        278         20        324      40031   drv_usart.o
       284        184          9          1          0       1324   fal.o
       576        222        228          1          0       2377   fal_flash.o
      2308       1156        676         20          0       8638   fal_partition.o
      2684       1066        873          8          0       9490   fal_rtt.o
       350         40          0         24        424       7594   idle.o
      3922       1008        761          0          0      48313   ipc.o
       104         22          0         12          0       2154   irq.o
      1648        680        411        152        180      16088   kservice.o
      1698         18         34          0          0       5329   kstdio.o
       290          0          0          0          0       2425   kstring.o
        48          0          0          0          0     487857   main.o
      1492        552        493          0          0       6461   mem.o
         0          0          0          0          0       2053   mempool.o
      1496        270        159          0          0      12582   msh.o
        60          0          0          0          0        640   msh_parse.o
      1188        380        128        284          0      11646   object.o
      1804        798        321          0         72      14558   pin.o
       690        208         57          0          0      10530   scheduler_comm.o
      1242        256         94         28        256      14385   scheduler_up.o
      3848        802        397          4          0      17767   serial.o
      2404        312        139         20        129      13560   shell.o
        60         22        304          0       1024        940   startup_stm32f103xe.o
        40          6          0          9          0       4442   stm32f1xx_hal.o
       372         28          0          0          0      30529   stm32f1xx_hal_cortex.o
       990         26          0          0          0       5098   stm32f1xx_hal_dma.o
       520         48          0          0         32       4438   stm32f1xx_hal_flash.o
       256         26          0          0          0       2735   stm32f1xx_hal_flash_ex.o
      1228         78          0          0          0       5148   stm32f1xx_hal_gpio.o
       268         34          0          0          0       2330   stm32f1xx_hal_msp.o
      1784        110          0          0          0       6356   stm32f1xx_hal_rcc.o
       304         14          0          0          0       1500   stm32f1xx_hal_rcc_ex.o
      2126         38          0          0          0      14835   stm32f1xx_hal_uart.o
         0          0          0          0          0      10308   syscall_mem.o
        12          0          0          0          0        556   syscalls.o
       166         22         24          4          0       2199   system_stm32f1xx.o
      2364        686        357          8          0      17255   thread.o
      2590        730        123         44        704      15581   timer.o
         0          0          0          0          0       2624   workqueue.o

    ----------------------------------------------------------------------
     57116      14640       7568       1060       3156     983167   Object Totals
         0          0         32          0          0          0   (incl. Generated)
        48          0         20          5         11          0   (incl. Padding)

    ----------------------------------------------------------------------

      Code (inc. data)   RO Data    RW Data    ZI Data      Debug   Library Member Name

        90          0          0          0          0          0   __dczerorl2.o
         8          0          0          0          0         68   __main.o
         0          0          0          0          0          0   __rtentry.o
        12          0          0          0          0          0   __rtentry2.o
         6          0          0          0          0          0   __rtentry4.o
        52          8          0          0          0          0   __scatter.o
        28          0          0          0          0          0   __scatter_zi.o
        28          0          0          0          0         68   _chval.o
       158          0          0          0          0         92   _strtoul.o
        26          0          0          0          0         80   atoi.o
        18          0          0          0          0         80   exit.o
         6          0          0          0          0        152   heapauxi.o
        44         10        272          0          0         76   lc_ctype_c.o
         2          0          0          0          0          0   libinit.o
        20          0          0          0          0          0   libinit2.o
         2          0          0          0          0          0   libshutdown.o
         2          0          0          0          0          0   libshutdown2.o
         8          4          0          0         96         68   libspace.o
        38          0          0          0          0         68   llushr.o
        88          0          0          0          0         76   memcmp.o
        16          4          0          0          0         76   rt_ctype_table.o
         8          4          0          0          0         68   rt_errno_addr_intlibspace.o
         8          4          0          0          0         68   rt_locale_intlibspace.o
        68          0          0          0          0         68   rt_memclr.o
        78          0          0          0          0         80   rt_memclr_w.o
       100          0          0          0          0         80   rt_memcpy_w.o
         2          0          0          0          0          0   rtexit.o
        10          0          0          0          0          0   rtexit2.o
        20          0          0          0          0         68   strchr.o
       128          0          0          0          0         68   strcmpv7m.o
        72          0          0          0          0         80   strcpy.o
        62          0          0          0          0         76   strlen.o
       150          0          0          0          0         80   strncmp.o
        86          0          0          0          0         76   strncpy.o
       112          0          0          0          0         88   strtol.o
       114          0          0          0          0         92   strtoul.o
        74          0          0          0          0         80   sys_stackheap_outer.o
         2          0          0          0          0         68   use_no_semi.o

    ----------------------------------------------------------------------
      1756         34        272          0         96       2044   Library Totals
        10          0          0          0          0          0   (incl. Padding)

    ----------------------------------------------------------------------

      Code (inc. data)   RO Data    RW Data    ZI Data      Debug   Library Name

      1746         34        272          0         96       2044   c_w.l

    ----------------------------------------------------------------------
      1756         34        272          0         96       2044   Library Totals

    ----------------------------------------------------------------------

==============================================================================


      Code (inc. data)   RO Data    RW Data    ZI Data      Debug   

     58872      14674       7840       1060       3252     962899   Grand Totals
     58872      14674       7840        288       3252     962899   ELF Image Totals (compressed)
     58872      14674       7840        288          0          0   ROM Totals

==============================================================================

    Total RO  Size (Code + RO Data)                66712 (  65.15kB)
    Total RW  Size (RW Data + ZI Data)              4312 (   4.21kB)
    Total ROM Size (Code + RO Data + RW Data)      67000 (  65.43kB)

==============================================================================

